Archive member included to satisfy reference by file (symbol)

C:/devkitPro/libnds/lib\libnds9.a(system.o)
                              directory.o (powerOff)
C:/devkitPro/libnds/lib\libnds9.a(console.o)
                              directory.o (consoleDemoInit)
C:/devkitPro/libnds/lib\libnds9.a(keys.o)
                              directory.o (scanKeys)
C:/devkitPro/libnds/lib\libnds9.a(nand.twl.o)
                              directory.o (nand_WriteSectors)
C:/devkitPro/libnds/lib\libnds9.a(initSystem.o)
                              c:/devkitpro/devkitarm/bin/../lib/gcc/arm-none-eabi/12.2.0/../../../../arm-none-eabi/lib/thumb/ds_arm9_crt0.o (initSystem)
C:/devkitPro/libnds/lib\libnds9.a(securearea.o)
                              c:/devkitpro/devkitarm/bin/../lib/gcc/arm-none-eabi/12.2.0/../../../../arm-none-eabi/lib/thumb/ds_arm9_crt0.o (__secure_area__)
C:/devkitPro/libnds/lib\libnds9.a(interrupts.o)
                              C:/devkitPro/libnds/lib\libnds9.a(initSystem.o) (irqInit)
C:/devkitPro/libnds/lib\libnds9.a(libnds_exit.arm.o)
                              c:/devkitpro/devkitarm/bin/../lib/gcc/arm-none-eabi/12.2.0/../../../../arm-none-eabi/lib/thumb/ds_arm9_crt0.o (__libnds_exit)
C:/devkitPro/libnds/lib\libnds9.a(fifosystem.o)
                              C:/devkitPro/libnds/lib\libnds9.a(initSystem.o) (fifoSetValue32Handler)
C:/devkitPro/libnds/lib\libnds9.a(dcache.o)
                              C:/devkitPro/libnds/lib\libnds9.a(nand.twl.o) (DC_FlushRange)
C:/devkitPro/libnds/lib\libnds9.a(mpu_setup.o)
                              c:/devkitpro/devkitarm/bin/../lib/gcc/arm-none-eabi/12.2.0/../../../../arm-none-eabi/lib/thumb/ds_arm9_crt0.o (__libnds_mpu_setup)
C:/devkitPro/libnds/lib\libnds9.a(IntrWait.o)
                              directory.o (swiWaitForVBlank)
C:/devkitPro/libnds/lib\libnds9.a(cpu_clock.o)
                              directory.o (setCpuClock)
C:/devkitPro/libnds/lib\libnds9.a(interruptDispatcher.o)
                              C:/devkitPro/libnds/lib\libnds9.a(interrupts.o) (IntrMain)
C:/devkitPro/libnds/lib\libnds9.a(biosCalls.o)
                              directory.o (swiDelay)
C:/devkitPro/libnds/lib\libnds9.a(debugprint.o)
                              C:/devkitPro/libnds/lib\libnds9.a(console.o) (nocashWrite)
C:/devkitPro/libnds/lib\libnds9.a(swiSoftReset.o)
                              C:/devkitPro/libnds/lib\libnds9.a(fifosystem.o) (swiSoftReset)
C:/devkitPro/libnds/lib\libnds9.a(default_font.bin.o)
                              C:/devkitPro/libnds/lib\libnds9.a(console.o) (default_font_bin)
C:/devkitPro/libnds/lib\libnds9.a(background.o)
                              C:/devkitPro/libnds/lib\libnds9.a(console.o) (bgState)
C:/devkitPro/libnds/lib\libnds9.a(trig.o)
                              C:/devkitPro/libnds/lib\libnds9.a(background.o) (sinLerp)
C:/devkitPro/libnds/lib\libnds9.a(video.o)
                              C:/devkitPro/libnds/lib\libnds9.a(initSystem.o) (vramDefault)
c:/devkitpro/devkitarm/bin/../lib/gcc/arm-none-eabi/12.2.0/thumb\libgcc.a(_divsi3.o)
                              C:/devkitPro/libnds/lib\libnds9.a(console.o) (__aeabi_idivmod)
c:/devkitpro/devkitarm/bin/../lib/gcc/arm-none-eabi/12.2.0/thumb\libgcc.a(_dvmd_tls.o)
                              c:/devkitpro/devkitarm/bin/../lib/gcc/arm-none-eabi/12.2.0/thumb\libgcc.a(_divsi3.o) (__aeabi_idiv0)
c:/devkitpro/devkitarm/bin/../lib/gcc/arm-none-eabi/12.2.0/../../../../arm-none-eabi/lib/thumb\libg.a(lib_a-bsearch.o)
                              C:/devkitPro/libnds/lib\libnds9.a(trig.o) (bsearch)
c:/devkitpro/devkitarm/bin/../lib/gcc/arm-none-eabi/12.2.0/../../../../arm-none-eabi/lib/thumb\libg.a(lib_a-exit.o)
                              directory.o (exit)
c:/devkitpro/devkitarm/bin/../lib/gcc/arm-none-eabi/12.2.0/../../../../arm-none-eabi/lib/thumb\libg.a(lib_a-impure.o)
                              c:/devkitpro/devkitarm/bin/../lib/gcc/arm-none-eabi/12.2.0/../../../../arm-none-eabi/lib/thumb\libg.a(lib_a-exit.o) (_global_impure_ptr)
c:/devkitpro/devkitarm/bin/../lib/gcc/arm-none-eabi/12.2.0/../../../../arm-none-eabi/lib/thumb\libg.a(lib_a-init.o)
                              c:/devkitpro/devkitarm/bin/../lib/gcc/arm-none-eabi/12.2.0/../../../../arm-none-eabi/lib/thumb/ds_arm9_crt0.o (__libc_init_array)
c:/devkitpro/devkitarm/bin/../lib/gcc/arm-none-eabi/12.2.0/../../../../arm-none-eabi/lib/thumb\libg.a(lib_a-iprintf.o)
                              C:/devkitPro/libnds/lib\libnds9.a(console.o) (iprintf)
c:/devkitpro/devkitarm/bin/../lib/gcc/arm-none-eabi/12.2.0/../../../../arm-none-eabi/lib/thumb\libg.a(lib_a-memcpy-stub.o)
                              C:/devkitPro/libnds/lib\libnds9.a(console.o) (memcpy)
c:/devkitpro/devkitarm/bin/../lib/gcc/arm-none-eabi/12.2.0/../../../../arm-none-eabi/lib/thumb\libg.a(lib_a-memset.o)
                              C:/devkitPro/libnds/lib\libnds9.a(background.o) (memset)
[...]
Memory Configuration

Name             Origin             Length             Attributes
ewram            0x0000000002000000 0x0000000000380000
dtcm             0x0000000002ff0000 0x0000000000004000
vectors          0x0000000001000000 0x0000000000000100
itcm             0x0000000001000100 0x0000000000007f00
*default*        0x0000000000000000 0xffffffffffffffff

Linker script and memory map

                0x0000000002380000                __ewram_end = (ORIGIN (ewram) + LENGTH (ewram))
                0x0000000002380000                __eheap_end = (ORIGIN (ewram) + LENGTH (ewram))
                0x0000000002ff4000                __dtcm_top = (ORIGIN (dtcm) + LENGTH (dtcm))
                0x0000000002ff3ff8                __irq_flags = (__dtcm_top - 0x8)
                0x0000000002ff3ffc                __irq_vector = (__dtcm_top - 0x4)
                0x0000000002ff3f00                __sp_svc = (__dtcm_top - 0x100)
                0x0000000002ff3e00                __sp_irq = (__sp_svc - 0x100)
                0x0000000002ff3d00                __sp_usr = (__sp_irq - 0x100)

.secure         0x0000000002000000      0x800
 *(.secure)
 .secure        0x0000000002000000      0x800 C:/devkitPro/libnds/lib\libnds9.a(securearea.o)
                0x0000000002000000                __secure_area__

.crt0           0x0000000002000800      0x300
                0x0000000002000800                __text_start = .
 *(.crt0)
 .crt0          0x0000000002000800      0x300 c:/devkitpro/devkitarm/bin/../lib/gcc/arm-none-eabi/12.2.0/../../../../arm-none-eabi/lib/thumb/ds_arm9_crt0.o
                0x0000000002000800                _start
                0x0000000002000b00                . = ALIGN (0x4)

.plt
 *(.plt)

.init           0x0000000002000b00        0xc
 *(SORT_NONE(.init))
 .init          0x0000000002000b00        0x4 c:/devkitpro/devkitarm/bin/../lib/gcc/arm-none-eabi/12.2.0/thumb/crti.o
                0x0000000002000b00                _init
 .init          0x0000000002000b04        0x8 c:/devkitpro/devkitarm/bin/../lib/gcc/arm-none-eabi/12.2.0/thumb/crtn.o

.text           0x0000000002000b10     0xe620
 *(EXCLUDE_FILE(*.twl* *.vectors* *.itcm*) .text)
 .text          0x0000000002000b10      0x274 directory.o
                0x0000000002000b10                destroy
                0x0000000002000ba0                warning
                0x0000000002000bec                splash
                0x0000000002000c58                credits
                0x0000000002000cdc                back
 .text          0x0000000002000d84      0x150 c:/devkitpro/devkitarm/bin/../lib/gcc/arm-none-eabi/12.2.0/thumb\libgcc.a(_divsi3.o)
                0x0000000002000d84                __divsi3
                0x0000000002000d84                __aeabi_idiv
                0x0000000002000eb4                __aeabi_idivmod
 .text          0x0000000002000ed4        0x4 c:/devkitpro/devkitarm/bin/../lib/gcc/arm-none-eabi/12.2.0/thumb\libgcc.a(_dvmd_tls.o)
                0x0000000002000ed4                __aeabi_idiv0
                0x0000000002000ed4                __aeabi_ldiv0
 .text          0x0000000002000ed8      0x224 c:/devkitpro/devkitarm/bin/../lib/gcc/arm-none-eabi/12.2.0/../../../../arm-none-eabi/lib/thumb\libg.a(lib_a-strcmp.o)
                0x0000000002000ed8                strcmp
 .text          0x00000000020010fc       0x14 c:/devkitpro/devkitarm/bin/../lib/gcc/arm-none-eabi/12.2.0/thumb\libgcc.a(_thumb1_case_uqi.o)
                0x00000000020010fc                __gnu_thumb1_case_uqi
 .text          0x0000000002001110       0x14 c:/devkitpro/devkitarm/bin/../lib/gcc/arm-none-eabi/12.2.0/thumb\libgcc.a(_thumb1_case_uhi.o)
                0x0000000002001110                __gnu_thumb1_case_uhi
 .text          0x0000000002001124      0x11c c:/devkitpro/devkitarm/bin/../lib/gcc/arm-none-eabi/12.2.0/thumb\libgcc.a(_udivsi3.o)
                0x0000000002001124                __aeabi_uidiv
                0x0000000002001124                __udivsi3
                0x0000000002001220                __aeabi_uidivmod
 .text          0x0000000002001240      0x424 c:/devkitpro/devkitarm/bin/../lib/gcc/arm-none-eabi/12.2.0/thumb\libgcc.a(_arm_addsubdf3.o)
                0x0000000002001240                __aeabi_drsub
                0x0000000002001248                __aeabi_dsub
                0x0000000002001248                __subdf3
                0x000000000200124c                __aeabi_dadd
                0x000000000200124c                __adddf3
                0x000000000200155c                __floatunsidf
                0x000000000200155c                __aeabi_ui2d
                0x0000000002001580                __floatsidf
                0x0000000002001580                __aeabi_i2d
                0x00000000020015a8                __aeabi_f2d
                0x00000000020015a8                __extendsfdf2
                0x00000000020015f0                __floatundidf
                0x00000000020015f0                __aeabi_ul2d
                0x0000000002001604                __floatdidf
                0x0000000002001604                __aeabi_l2d
 .text          0x0000000002001664      0x49c c:/devkitpro/devkitarm/bin/../lib/gcc/arm-none-eabi/12.2.0/thumb\libgcc.a(_arm_muldivdf3.o)
                0x0000000002001664                __aeabi_dmul
                0x0000000002001664                __muldf3
                0x00000000020018f4                __divdf3
                0x00000000020018f4                __aeabi_ddiv
 .text          0x0000000002001b00      0x144 c:/devkitpro/devkitarm/bin/../lib/gcc/arm-none-eabi/12.2.0/thumb\libgcc.a(_arm_cmpdf2.o)
                0x0000000002001b00                __gtdf2
                0x0000000002001b00                __gedf2
                0x0000000002001b08                __ltdf2
                0x0000000002001b08                __ledf2
                0x0000000002001b10                __nedf2
                0x0000000002001b10                __eqdf2
                0x0000000002001b10                __cmpdf2
                0x0000000002001b98                __aeabi_cdrcmple
                0x0000000002001bb4                __aeabi_cdcmpeq
                0x0000000002001bb4                __aeabi_cdcmple
                0x0000000002001bcc                __aeabi_dcmpeq
                0x0000000002001be4                __aeabi_dcmplt
                0x0000000002001bfc                __aeabi_dcmple
                0x0000000002001c14                __aeabi_dcmpge
                0x0000000002001c2c                __aeabi_dcmpgt
 .text          0x0000000002001c44       0x38 c:/devkitpro/devkitarm/bin/../lib/gcc/arm-none-eabi/12.2.0/thumb\libgcc.a(_arm_unorddf2.o)
                0x0000000002001c44                __unorddf2
                0x0000000002001c44                __aeabi_dcmpun
 .text          0x0000000002001c7c       0x5c c:/devkitpro/devkitarm/bin/../lib/gcc/arm-none-eabi/12.2.0/thumb\libgcc.a(_arm_fixdfsi.o)
                0x0000000002001c7c                __aeabi_d2iz
                0x0000000002001c7c                __fixdfsi
 .text          0x0000000002001cd8       0x3c c:/devkitpro/devkitarm/bin/../lib/gcc/arm-none-eabi/12.2.0/thumb\libgcc.a(_aeabi_uldivmod.o)
                0x0000000002001cd8                __aeabi_uldivmod
 .text          0x0000000002001d14       0x28 c:/devkitpro/devkitarm/bin/../lib/gcc/arm-none-eabi/12.2.0/thumb\libgcc.a(_clzdi2.o)
                0x0000000002001d14                __clzdi2
 .text          0x0000000002001d3c       0x48 c:/devkitpro/devkitarm/bin/../lib/gcc/arm-none-eabi/12.2.0/thumb\libgcc.a(_clzsi2.o)
                0x0000000002001d3c                __clzsi2
 *(EXCLUDE_FILE(*.twl* *.vectors* *.itcm*) .stub)
 *(EXCLUDE_FILE(*.twl* *.vectors* *.itcm*) .text.*)
 .text.__do_global_dtors_aux
                0x0000000002001d84       0x2c c:/devkitpro/devkitarm/bin/../lib/gcc/arm-none-eabi/12.2.0/thumb/crtbegin.o
 .text.frame_dummy
                0x0000000002001db0       0x24 c:/devkitpro/devkitarm/bin/../lib/gcc/arm-none-eabi/12.2.0/thumb/crtbegin.o
 .text.startup  0x0000000002001dd4       0xa8 directory.o
                0x0000000002001dd4                main
 .text.systemValueHandler
                0x0000000002001e7c       0x48 C:/devkitPro/libnds/lib\libnds9.a(system.o)
                0x0000000002001e7c                systemValueHandler
 .text.systemMsgHandler
                0x0000000002001ec4       0x60 C:/devkitPro/libnds/lib\libnds9.a(system.o)
                0x0000000002001ec4                systemMsgHandler
 .text.powerOn  0x0000000002001f24       0x2c C:/devkitPro/libnds/lib\libnds9.a(system.o)
                0x0000000002001f24                powerOn
 .text.powerOff
                0x0000000002001f50       0x28 C:/devkitPro/libnds/lib\libnds9.a(system.o)
                0x0000000002001f50                powerOff
 .text.newRow   0x0000000002001f78       0xa8 C:/devkitPro/libnds/lib\libnds9.a(console.o)
 .text.consolePrintChar
                0x0000000002002020       0xe0 C:/devkitPro/libnds/lib\libnds9.a(console.o)
                0x0000000002002020                consolePrintChar
 .text.con_write
                0x0000000002002100      0x36c C:/devkitPro/libnds/lib\libnds9.a(console.o)
                0x0000000002002100                con_write
 .text.consoleLoadFont
                0x000000000200246c      0x2a0 C:/devkitPro/libnds/lib\libnds9.a(console.o)
                0x000000000200246c                consoleLoadFont
 .text.consoleInit
                0x000000000200270c      0x18c C:/devkitPro/libnds/lib\libnds9.a(console.o)
                0x000000000200270c                consoleInit
 .text.consoleDemoInit
                0x0000000002002898       0x40 C:/devkitPro/libnds/lib\libnds9.a(console.o)
                0x0000000002002898                consoleDemoInit
 .text.scanKeys
                0x00000000020028d8       0x8c C:/devkitPro/libnds/lib\libnds9.a(keys.o)
                0x00000000020028d8                scanKeys
 .text.keysDown
                0x0000000002002964       0x14 C:/devkitPro/libnds/lib\libnds9.a(keys.o)
                0x0000000002002964                keysDown
 .text.__syscall_exit
                0x0000000002002978        0x8 C:/devkitPro/libnds/lib\libnds9.a(initSystem.o)
                0x0000000002002978                __syscall_exit
 .text.initSystem
                0x0000000002002980      0x180 C:/devkitPro/libnds/lib\libnds9.a(initSystem.o)
                0x0000000002002980                initSystem
 .text.irqDummy
                0x0000000002002b00        0x4 C:/devkitPro/libnds/lib\libnds9.a(interrupts.o)
                0x0000000002002b00                irqDummy
 .text.irqSet   0x0000000002002b04       0x6c C:/devkitPro/libnds/lib\libnds9.a(interrupts.o)
                0x0000000002002b04                irqSet
 .text.irqInit  0x0000000002002b70       0x50 C:/devkitPro/libnds/lib\libnds9.a(interrupts.o)
                0x0000000002002b70                irqInit
 .text.irqEnable
                0x0000000002002bc0       0x64 C:/devkitPro/libnds/lib\libnds9.a(interrupts.o)
                0x0000000002002bc0                irqEnable
 .text.systemErrorExit
                0x0000000002002c24        0x4 C:/devkitPro/libnds/lib\libnds9.a(libnds_exit.arm.o)
                0x0000000002002c24                systemErrorExit
 .text.__libnds_exit
                0x0000000002002c28       0x5c C:/devkitPro/libnds/lib\libnds9.a(libnds_exit.arm.o)
                0x0000000002002c28                __libnds_exit
 .text.fifo_queueBlock
                0x0000000002002c84       0x44 C:/devkitPro/libnds/lib\libnds9.a(fifosystem.o)
 .text.fifo_waitBlock
                0x0000000002002cc8       0x80 C:/devkitPro/libnds/lib\libnds9.a(fifosystem.o)
 .text.fifoInternalSend.part.0
                0x0000000002002d48       0xd4 C:/devkitPro/libnds/lib\libnds9.a(fifosystem.o)
 .text.fifoInternalSendInterrupt
                0x0000000002002e1c       0xb0 C:/devkitPro/libnds/lib\libnds9.a(fifosystem.o)
 .text.fifoSetValue32Handler
                0x0000000002002ecc       0xd4 C:/devkitPro/libnds/lib\libnds9.a(fifosystem.o)
                0x0000000002002ecc                fifoSetValue32Handler
 .text.fifoSendValue32
                0x0000000002002fa0       0x4c C:/devkitPro/libnds/lib\libnds9.a(fifosystem.o)
                0x0000000002002fa0                fifoSendValue32
 .text.fifoSendDatamsg
                0x0000000002002fec       0x90 C:/devkitPro/libnds/lib\libnds9.a(fifosystem.o)
                0x0000000002002fec                fifoSendDatamsg
 .text.fifoGetValue32
                0x000000000200307c       0x70 C:/devkitPro/libnds/lib\libnds9.a(fifosystem.o)
                0x000000000200307c                fifoGetValue32
 .text.fifoGetDatamsg
                0x00000000020030ec       0xf4 C:/devkitPro/libnds/lib\libnds9.a(fifosystem.o)
                0x00000000020030ec                fifoGetDatamsg
 .text.fifoInternalRecvInterrupt
                0x00000000020031e0      0x37c C:/devkitPro/libnds/lib\libnds9.a(fifosystem.o)
 .text.fifoSetDatamsgHandler
                0x000000000200355c       0x9c C:/devkitPro/libnds/lib\libnds9.a(fifosystem.o)
                0x000000000200355c                fifoSetDatamsgHandler
 .text.fifoCheckValue32
                0x00000000020035f8       0x24 C:/devkitPro/libnds/lib\libnds9.a(fifosystem.o)
                0x00000000020035f8                fifoCheckValue32
 .text.fifoInit
                0x000000000200361c      0x108 C:/devkitPro/libnds/lib\libnds9.a(fifosystem.o)
                0x000000000200361c                fifoInit
 .text.DC_FlushRange
                0x0000000002003724       0x24 C:/devkitPro/libnds/lib\libnds9.a(dcache.o)
                0x0000000002003724                DC_FlushRange
 .text.__libnds_mpu_setup
                0x0000000002003748      0x174 C:/devkitPro/libnds/lib\libnds9.a(mpu_setup.o)
                0x0000000002003748                __libnds_mpu_setup
 .text.memUncached
                0x00000000020038bc       0x20 C:/devkitPro/libnds/lib\libnds9.a(mpu_setup.o)
                0x00000000020038bc                memUncached
 .text.swiWaitForVBlank
                0x00000000020038dc        0x8 C:/devkitPro/libnds/lib\libnds9.a(IntrWait.o)
                0x00000000020038dc                swiWaitForVBlank
 .text.swiIntrWait
                0x00000000020038e4       0x70 C:/devkitPro/libnds/lib\libnds9.a(IntrWait.o)
                0x00000000020038e4                swiIntrWait
 .text.setCpuClock
                0x0000000002003954       0x50 C:/devkitPro/libnds/lib\libnds9.a(cpu_clock.o)
                0x0000000002003954                setCpuClock
 .text.swiDelay
                0x00000000020039a4        0x4 C:/devkitPro/libnds/lib\libnds9.a(biosCalls.o)
                0x00000000020039a4                swiDelay
 .text.swiSoftReset
                0x00000000020039a8       0x2c C:/devkitPro/libnds/lib\libnds9.a(swiSoftReset.o)
                0x00000000020039a8                swiSoftReset
 .text.checkIfText
                0x00000000020039d4       0x5c C:/devkitPro/libnds/lib\libnds9.a(background.o)
                0x00000000020039d4                checkIfText
 .text.bgUpdate
                0x0000000002003a30       0xf4 C:/devkitPro/libnds/lib\libnds9.a(background.o)
                0x0000000002003a30                bgUpdate
 .text.bgInit_call
                0x0000000002003b24       0xc4 C:/devkitPro/libnds/lib\libnds9.a(background.o)
                0x0000000002003b24                bgInit_call
 .text.bgInitSub_call
                0x0000000002003be8       0xcc C:/devkitPro/libnds/lib\libnds9.a(background.o)
                0x0000000002003be8                bgInitSub_call
 .text.sinLutLookup
                0x0000000002003cb4       0x4c C:/devkitPro/libnds/lib\libnds9.a(trig.o)
                0x0000000002003cb4                sinLutLookup
 .text.sinLerp  0x0000000002003d00       0x40 C:/devkitPro/libnds/lib\libnds9.a(trig.o)
                0x0000000002003d00                sinLerp
 .text.cosLerp  0x0000000002003d40       0x4c C:/devkitPro/libnds/lib\libnds9.a(trig.o)
                0x0000000002003d40                cosLerp
 .text.vramDefault
                0x0000000002003d8c       0xd0 C:/devkitPro/libnds/lib\libnds9.a(video.o)
                0x0000000002003d8c                vramDefault
 .text.exit     0x0000000002003e5c       0x28 c:/devkitpro/devkitarm/bin/../lib/gcc/arm-none-eabi/12.2.0/../../../../arm-none-eabi/lib/thumb\libg.a(lib_a-exit.o)
                0x0000000002003e5c                exit
 .text.__libc_init_array
                0x0000000002003e84       0x54 c:/devkitpro/devkitarm/bin/../lib/gcc/arm-none-eabi/12.2.0/../../../../arm-none-eabi/lib/thumb\libg.a(lib_a-init.o)
                0x0000000002003e84                __libc_init_array
 .text.memcpy   0x0000000002003ed8       0x94 c:/devkitpro/devkitarm/bin/../lib/gcc/arm-none-eabi/12.2.0/../../../../arm-none-eabi/lib/thumb\libg.a(lib_a-memcpy-stub.o)
                0x0000000002003ed8                memcpy
 .text.memset   0x0000000002003f6c       0xb0 c:/devkitpro/devkitarm/bin/../lib/gcc/arm-none-eabi/12.2.0/../../../../arm-none-eabi/lib/thumb\libg.a(lib_a-memset.o)
                0x0000000002003f6c                memset
 .text.printf   0x000000000200401c       0x24 c:/devkitpro/devkitarm/bin/../lib/gcc/arm-none-eabi/12.2.0/../../../../arm-none-eabi/lib/thumb\libg.a(lib_a-printf.o)
                0x000000000200401c                printf
 .text._puts_r  0x0000000002004040       0x84 c:/devkitpro/devkitarm/bin/../lib/gcc/arm-none-eabi/12.2.0/../../../../arm-none-eabi/lib/thumb\libg.a(lib_a-puts.o)
                0x0000000002004040                _puts_r
 .text.puts     0x00000000020040c4       0x14 c:/devkitpro/devkitarm/bin/../lib/gcc/arm-none-eabi/12.2.0/../../../../arm-none-eabi/lib/thumb\libg.a(lib_a-puts.o)
                0x00000000020040c4                puts
 .text.remove   0x00000000020040d8       0x38 c:/devkitpro/devkitarm/bin/../lib/gcc/arm-none-eabi/12.2.0/../../../../arm-none-eabi/lib/thumb\libg.a(lib_a-remove.o)
                0x00000000020040d8                remove
 .text.setvbuf  0x0000000002004110      0x19c c:/devkitpro/devkitarm/bin/../lib/gcc/arm-none-eabi/12.2.0/../../../../arm-none-eabi/lib/thumb\libg.a(lib_a-setvbuf.o)
                0x0000000002004110                setvbuf
 .text.siscanf  0x00000000020042ac       0x4c c:/devkitpro/devkitarm/bin/../lib/gcc/arm-none-eabi/12.2.0/../../../../arm-none-eabi/lib/thumb\libg.a(lib_a-siscanf.o)
                0x00000000020042ac                siscanf
 .text.__sread  0x00000000020042f8       0x34 c:/devkitpro/devkitarm/bin/../lib/gcc/arm-none-eabi/12.2.0/../../../../arm-none-eabi/lib/thumb\libg.a(lib_a-stdio.o)
                0x00000000020042f8                __sread
 .text.__seofread
                0x000000000200432c        0x4 c:/devkitpro/devkitarm/bin/../lib/gcc/arm-none-eabi/12.2.0/../../../../arm-none-eabi/lib/thumb\libg.a(lib_a-stdio.o)
                0x000000000200432c                __seofread
 .text.__swrite
                0x0000000002004330       0x4c c:/devkitpro/devkitarm/bin/../lib/gcc/arm-none-eabi/12.2.0/../../../../arm-none-eabi/lib/thumb\libg.a(lib_a-stdio.o)
                0x0000000002004330                __swrite
 .text.__sseek  0x000000000200437c       0x44 c:/devkitpro/devkitarm/bin/../lib/gcc/arm-none-eabi/12.2.0/../../../../arm-none-eabi/lib/thumb\libg.a(lib_a-stdio.o)
                0x000000000200437c                __sseek
 .text.__sclose
                0x00000000020043c0       0x10 c:/devkitpro/devkitarm/bin/../lib/gcc/arm-none-eabi/12.2.0/../../../../arm-none-eabi/lib/thumb\libg.a(lib_a-stdio.o)
                0x00000000020043c0                __sclose
 .text.strlen   0x00000000020043d0       0x60 c:/devkitpro/devkitarm/bin/../lib/gcc/arm-none-eabi/12.2.0/../../../../arm-none-eabi/lib/thumb\libg.a(lib_a-strlen-stub.o)
                0x00000000020043d0                strlen
 .text.get_arg  0x0000000002004430       0x32 c:/devkitpro/devkitarm/bin/../lib/gcc/arm-none-eabi/12.2.0/../../../../arm-none-eabi/lib/thumb\libg.a(lib_a-svfiscanf.o)
 .text._sungetc_r
                0x0000000002004462       0x7e c:/devkitpro/devkitarm/bin/../lib/gcc/arm-none-eabi/12.2.0/../../../../arm-none-eabi/lib/thumb\libg.a(lib_a-svfiscanf.o)
                0x0000000002004462                _sungetc_r
 .text.__ssrefill_r
                0x00000000020044e0       0x42 c:/devkitpro/devkitarm/bin/../lib/gcc/arm-none-eabi/12.2.0/../../../../arm-none-eabi/lib/thumb\libg.a(lib_a-svfiscanf.o)
                0x00000000020044e0                __ssrefill_r
 .text._sfread_r
                0x0000000002004522       0x88 c:/devkitpro/devkitarm/bin/../lib/gcc/arm-none-eabi/12.2.0/../../../../arm-none-eabi/lib/thumb\libg.a(lib_a-svfiscanf.o)
                0x0000000002004522                _sfread_r
 *fill*         0x00000000020045aa        0x2 ff
 .text.__ssvfiscanf_r
                0x00000000020045ac     0x1ae0 c:/devkitpro/devkitarm/bin/../lib/gcc/arm-none-eabi/12.2.0/../../../../arm-none-eabi/lib/thumb\libg.a(lib_a-svfiscanf.o)
                0x00000000020045ac                __ssvfiscanf_r
 .text.__submore
                0x000000000200608c       0x88 c:/devkitpro/devkitarm/bin/../lib/gcc/arm-none-eabi/12.2.0/../../../../arm-none-eabi/lib/thumb\libg.a(lib_a-ungetc.o)
                0x000000000200608c                __submore
 .text.get_arg  0x0000000002006114      0x42c c:/devkitpro/devkitarm/bin/../lib/gcc/arm-none-eabi/12.2.0/../../../../arm-none-eabi/lib/thumb\libg.a(lib_a-vfiprintf.o)
 .text.__sprint_r
                0x0000000002006540       0x24 c:/devkitpro/devkitarm/bin/../lib/gcc/arm-none-eabi/12.2.0/../../../../arm-none-eabi/lib/thumb\libg.a(lib_a-vfiprintf.o)
                0x0000000002006540                __sprint_r
 .text._vfiprintf_r
                0x0000000002006564     0x173c c:/devkitpro/devkitarm/bin/../lib/gcc/arm-none-eabi/12.2.0/../../../../arm-none-eabi/lib/thumb\libg.a(lib_a-vfiprintf.o)
                0x0000000002006564                _vfiprintf_r
 .text.__sbprintf
                0x0000000002007ca0       0x8c c:/devkitpro/devkitarm/bin/../lib/gcc/arm-none-eabi/12.2.0/../../../../arm-none-eabi/lib/thumb\libg.a(lib_a-vfiprintf.o)
 .text.get_arg  0x0000000002007d2c      0x42c c:/devkitpro/devkitarm/bin/../lib/gcc/arm-none-eabi/12.2.0/../../../../arm-none-eabi/lib/thumb\libg.a(lib_a-vfprintf.o)
 .text._vfprintf_r
                0x0000000002008158     0x2360 c:/devkitpro/devkitarm/bin/../lib/gcc/arm-none-eabi/12.2.0/../../../../arm-none-eabi/lib/thumb\libg.a(lib_a-vfprintf.o)
                0x0000000002008158                _vfprintf_r
 .text.__sbprintf
                0x000000000200a4b8       0x8c c:/devkitpro/devkitarm/bin/../lib/gcc/arm-none-eabi/12.2.0/../../../../arm-none-eabi/lib/thumb\libg.a(lib_a-vfprintf.o)
 .text._wcrtomb_r
                0x000000000200a544       0x5c c:/devkitpro/devkitarm/bin/../lib/gcc/arm-none-eabi/12.2.0/../../../../arm-none-eabi/lib/thumb\libg.a(lib_a-wcrtomb.o)
                0x000000000200a544                _wcrtomb_r
 .text._wcsrtombs_r
                0x000000000200a5a0       0x1c c:/devkitpro/devkitarm/bin/../lib/gcc/arm-none-eabi/12.2.0/../../../../arm-none-eabi/lib/thumb\libg.a(lib_a-wcsrtombs.o)
                0x000000000200a5a0                _wcsrtombs_r
 .text.__swsetup_r
                0x000000000200a5bc       0xd0 c:/devkitpro/devkitarm/bin/../lib/gcc/arm-none-eabi/12.2.0/../../../../arm-none-eabi/lib/thumb\libg.a(lib_a-wsetup.o)
                0x000000000200a5bc                __swsetup_r
 .text.__call_exitprocs
                0x000000000200a68c       0xf8 c:/devkitpro/devkitarm/bin/../lib/gcc/arm-none-eabi/12.2.0/../../../../arm-none-eabi/lib/thumb\libg.a(lib_a-__call_atexit.o)
                0x000000000200a68c                __call_exitprocs
 .text.quorem   0x000000000200a784      0x158 c:/devkitpro/devkitarm/bin/../lib/gcc/arm-none-eabi/12.2.0/../../../../arm-none-eabi/lib/thumb\libg.a(lib_a-dtoa.o)
 .text._dtoa_r  0x000000000200a8dc      0xfcc c:/devkitpro/devkitarm/bin/../lib/gcc/arm-none-eabi/12.2.0/../../../../arm-none-eabi/lib/thumb\libg.a(lib_a-dtoa.o)
                0x000000000200a8dc                _dtoa_r
 .text.__errno  0x000000000200b8a8        0xc c:/devkitpro/devkitarm/bin/../lib/gcc/arm-none-eabi/12.2.0/../../../../arm-none-eabi/lib/thumb\libg.a(lib_a-errno.o)
                0x000000000200b8a8                __errno
 .text.__sflush_r
                0x000000000200b8b4      0x18c c:/devkitpro/devkitarm/bin/../lib/gcc/arm-none-eabi/12.2.0/../../../../arm-none-eabi/lib/thumb\libg.a(lib_a-fflush.o)
                0x000000000200b8b4                __sflush_r
 .text._fflush_r
                0x000000000200ba40       0x70 c:/devkitpro/devkitarm/bin/../lib/gcc/arm-none-eabi/12.2.0/../../../../arm-none-eabi/lib/thumb\libg.a(lib_a-fflush.o)
                0x000000000200ba40                _fflush_r
 .text._cleanup_r
                0x000000000200bab0       0x14 c:/devkitpro/devkitarm/bin/../lib/gcc/arm-none-eabi/12.2.0/../../../../arm-none-eabi/lib/thumb\libg.a(lib_a-findfp.o)
                0x000000000200bab0                _cleanup_r
 .text.__sinit  0x000000000200bac4      0x124 c:/devkitpro/devkitarm/bin/../lib/gcc/arm-none-eabi/12.2.0/../../../../arm-none-eabi/lib/thumb\libg.a(lib_a-findfp.o)
                0x000000000200bac4                __sinit
 .text.__sfp_lock_acquire
                0x000000000200bbe8       0x14 c:/devkitpro/devkitarm/bin/../lib/gcc/arm-none-eabi/12.2.0/../../../../arm-none-eabi/lib/thumb\libg.a(lib_a-findfp.o)
                0x000000000200bbe8                __sfp_lock_acquire
 .text.__sfp_lock_release
                0x000000000200bbfc       0x14 c:/devkitpro/devkitarm/bin/../lib/gcc/arm-none-eabi/12.2.0/../../../../arm-none-eabi/lib/thumb\libg.a(lib_a-findfp.o)
                0x000000000200bbfc                __sfp_lock_release
 .text._malloc_trim_r
                0x000000000200bc10       0xac c:/devkitpro/devkitarm/bin/../lib/gcc/arm-none-eabi/12.2.0/../../../../arm-none-eabi/lib/thumb\libg.a(lib_a-freer.o)
                0x000000000200bc10                _malloc_trim_r
 .text._free_r  0x000000000200bcbc      0x1d8 c:/devkitpro/devkitarm/bin/../lib/gcc/arm-none-eabi/12.2.0/../../../../arm-none-eabi/lib/thumb\libg.a(lib_a-freer.o)
                0x000000000200bcbc                _free_r
 .text.__sfvwrite_r
                0x000000000200be94      0x334 c:/devkitpro/devkitarm/bin/../lib/gcc/arm-none-eabi/12.2.0/../../../../arm-none-eabi/lib/thumb\libg.a(lib_a-fvwrite.o)
                0x000000000200be94                __sfvwrite_r
 .text._fwalk_reent
                0x000000000200c1c8       0x50 c:/devkitpro/devkitarm/bin/../lib/gcc/arm-none-eabi/12.2.0/../../../../arm-none-eabi/lib/thumb\libg.a(lib_a-fwalk.o)
                0x000000000200c1c8                _fwalk_reent
 .text.iswspace
                0x000000000200c218       0x10 c:/devkitpro/devkitarm/bin/../lib/gcc/arm-none-eabi/12.2.0/../../../../arm-none-eabi/lib/thumb\libg.a(lib_a-iswspace.o)
                0x000000000200c218                iswspace
 .text._localeconv_r
                0x000000000200c228        0x8 c:/devkitpro/devkitarm/bin/../lib/gcc/arm-none-eabi/12.2.0/../../../../arm-none-eabi/lib/thumb\libg.a(lib_a-localeconv.o)
                0x000000000200c228                _localeconv_r
 .text.__locale_mb_cur_max
                0x000000000200c230       0x10 c:/devkitpro/devkitarm/bin/../lib/gcc/arm-none-eabi/12.2.0/../../../../arm-none-eabi/lib/thumb\libg.a(lib_a-locale.o)
                0x000000000200c230                __locale_mb_cur_max
 .text.__smakebuf_r
                0x000000000200c240       0xf0 c:/devkitpro/devkitarm/bin/../lib/gcc/arm-none-eabi/12.2.0/../../../../arm-none-eabi/lib/thumb\libg.a(lib_a-makebuf.o)
                0x000000000200c240                __smakebuf_r
 .text.__swhatbuf_r
                0x000000000200c330       0x5c c:/devkitpro/devkitarm/bin/../lib/gcc/arm-none-eabi/12.2.0/../../../../arm-none-eabi/lib/thumb\libg.a(lib_a-makebuf.o)
                0x000000000200c330                __swhatbuf_r
 .text.malloc   0x000000000200c38c       0x14 c:/devkitpro/devkitarm/bin/../lib/gcc/arm-none-eabi/12.2.0/../../../../arm-none-eabi/lib/thumb\libg.a(lib_a-malloc.o)
                0x000000000200c38c                malloc
 .text.free     0x000000000200c3a0       0x14 c:/devkitpro/devkitarm/bin/../lib/gcc/arm-none-eabi/12.2.0/../../../../arm-none-eabi/lib/thumb\libg.a(lib_a-malloc.o)
                0x000000000200c3a0                free
 .text._malloc_r
                0x000000000200c3b4      0x560 c:/devkitpro/devkitarm/bin/../lib/gcc/arm-none-eabi/12.2.0/../../../../arm-none-eabi/lib/thumb\libg.a(lib_a-mallocr.o)
                0x000000000200c3b4                _malloc_r
 .text._mbrtowc_r
                0x000000000200c914       0x60 c:/devkitpro/devkitarm/bin/../lib/gcc/arm-none-eabi/12.2.0/../../../../arm-none-eabi/lib/thumb\libg.a(lib_a-mbrtowc.o)
                0x000000000200c914                _mbrtowc_r
 .text.__utf8_mbtowc
                0x000000000200c974      0x27c c:/devkitpro/devkitarm/bin/../lib/gcc/arm-none-eabi/12.2.0/../../../../arm-none-eabi/lib/thumb\libg.a(lib_a-mbtowc_r.o)
                0x000000000200c974                __utf8_mbtowc
 .text.memchr   0x000000000200cbf0       0x78 c:/devkitpro/devkitarm/bin/../lib/gcc/arm-none-eabi/12.2.0/../../../../arm-none-eabi/lib/thumb\libg.a(lib_a-memchr-stub.o)
                0x000000000200cbf0                memchr
 .text.memmove  0x000000000200cc68       0xc0 c:/devkitpro/devkitarm/bin/../lib/gcc/arm-none-eabi/12.2.0/../../../../arm-none-eabi/lib/thumb\libg.a(lib_a-memmove.o)
                0x000000000200cc68                memmove
 .text.__malloc_lock
                0x000000000200cd28       0x14 c:/devkitpro/devkitarm/bin/../lib/gcc/arm-none-eabi/12.2.0/../../../../arm-none-eabi/lib/thumb\libg.a(lib_a-mlock.o)
                0x000000000200cd28                __malloc_lock
 .text.__malloc_unlock
                0x000000000200cd3c       0x14 c:/devkitpro/devkitarm/bin/../lib/gcc/arm-none-eabi/12.2.0/../../../../arm-none-eabi/lib/thumb\libg.a(lib_a-mlock.o)
                0x000000000200cd3c                __malloc_unlock
 .text._Balloc  0x000000000200cd50       0x54 c:/devkitpro/devkitarm/bin/../lib/gcc/arm-none-eabi/12.2.0/../../../../arm-none-eabi/lib/thumb\libg.a(lib_a-mprec.o)
                0x000000000200cd50                _Balloc
 .text._Bfree   0x000000000200cda4       0x14 c:/devkitpro/devkitarm/bin/../lib/gcc/arm-none-eabi/12.2.0/../../../../arm-none-eabi/lib/thumb\libg.a(lib_a-mprec.o)
                0x000000000200cda4                _Bfree
 .text.__multadd
                0x000000000200cdb8       0xac c:/devkitpro/devkitarm/bin/../lib/gcc/arm-none-eabi/12.2.0/../../../../arm-none-eabi/lib/thumb\libg.a(lib_a-mprec.o)
                0x000000000200cdb8                __multadd
 .text.__hi0bits
                0x000000000200ce64       0x4c c:/devkitpro/devkitarm/bin/../lib/gcc/arm-none-eabi/12.2.0/../../../../arm-none-eabi/lib/thumb\libg.a(lib_a-mprec.o)
                0x000000000200ce64                __hi0bits
 .text.__lo0bits
                0x000000000200ceb0       0x5c c:/devkitpro/devkitarm/bin/../lib/gcc/arm-none-eabi/12.2.0/../../../../arm-none-eabi/lib/thumb\libg.a(lib_a-mprec.o)
                0x000000000200ceb0                __lo0bits
 .text.__i2b    0x000000000200cf0c       0x64 c:/devkitpro/devkitarm/bin/../lib/gcc/arm-none-eabi/12.2.0/../../../../arm-none-eabi/lib/thumb\libg.a(lib_a-mprec.o)
                0x000000000200cf0c                __i2b
 .text.__multiply
                0x000000000200cf70      0x1b4 c:/devkitpro/devkitarm/bin/../lib/gcc/arm-none-eabi/12.2.0/../../../../arm-none-eabi/lib/thumb\libg.a(lib_a-mprec.o)
                0x000000000200cf70                __multiply
 .text.__pow5mult
                0x000000000200d124       0xd4 c:/devkitpro/devkitarm/bin/../lib/gcc/arm-none-eabi/12.2.0/../../../../arm-none-eabi/lib/thumb\libg.a(lib_a-mprec.o)
                0x000000000200d124                __pow5mult
 .text.__lshift
                0x000000000200d1f8      0x100 c:/devkitpro/devkitarm/bin/../lib/gcc/arm-none-eabi/12.2.0/../../../../arm-none-eabi/lib/thumb\libg.a(lib_a-mprec.o)
                0x000000000200d1f8                __lshift
 .text.__mcmp   0x000000000200d2f8       0x40 c:/devkitpro/devkitarm/bin/../lib/gcc/arm-none-eabi/12.2.0/../../../../arm-none-eabi/lib/thumb\libg.a(lib_a-mprec.o)
                0x000000000200d2f8                __mcmp
 .text.__mdiff  0x000000000200d338      0x1a8 c:/devkitpro/devkitarm/bin/../lib/gcc/arm-none-eabi/12.2.0/../../../../arm-none-eabi/lib/thumb\libg.a(lib_a-mprec.o)
                0x000000000200d338                __mdiff
 .text.__d2b    0x000000000200d4e0       0xd0 c:/devkitpro/devkitarm/bin/../lib/gcc/arm-none-eabi/12.2.0/../../../../arm-none-eabi/lib/thumb\libg.a(lib_a-mprec.o)
                0x000000000200d4e0                __d2b
 .text.realloc  0x000000000200d5b0       0x18 c:/devkitpro/devkitarm/bin/../lib/gcc/arm-none-eabi/12.2.0/../../../../arm-none-eabi/lib/thumb\libg.a(lib_a-realloc.o)
                0x000000000200d5b0                realloc
 .text._realloc_r
                0x000000000200d5c8      0x384 c:/devkitpro/devkitarm/bin/../lib/gcc/arm-none-eabi/12.2.0/../../../../arm-none-eabi/lib/thumb\libg.a(lib_a-reallocr.o)
                0x000000000200d5c8                _realloc_r
 .text.__sccl   0x000000000200d94c       0x90 c:/devkitpro/devkitarm/bin/../lib/gcc/arm-none-eabi/12.2.0/../../../../arm-none-eabi/lib/thumb\libg.a(lib_a-sccl.o)
                0x000000000200d94c                __sccl
 .text.frexp    0x000000000200d9dc       0x6c c:/devkitpro/devkitarm/bin/../lib/gcc/arm-none-eabi/12.2.0/../../../../arm-none-eabi/lib/thumb\libg.a(lib_a-s_frexp.o)
                0x000000000200d9dc                frexp
 .text.strchr   0x000000000200da48       0xc8 c:/devkitpro/devkitarm/bin/../lib/gcc/arm-none-eabi/12.2.0/../../../../arm-none-eabi/lib/thumb\libg.a(lib_a-strchr.o)
                0x000000000200da48                strchr
 .text.strncpy  0x000000000200db10       0x68 c:/devkitpro/devkitarm/bin/../lib/gcc/arm-none-eabi/12.2.0/../../../../arm-none-eabi/lib/thumb\libg.a(lib_a-strncpy.o)
                0x000000000200db10                strncpy
 .text._strtoll_l.constprop.0
                0x000000000200db78      0x1a0 c:/devkitpro/devkitarm/bin/../lib/gcc/arm-none-eabi/12.2.0/../../../../arm-none-eabi/lib/thumb\libg.a(lib_a-strtoll.o)
 .text._strtoll_r
                0x000000000200dd18        0xc c:/devkitpro/devkitarm/bin/../lib/gcc/arm-none-eabi/12.2.0/../../../../arm-none-eabi/lib/thumb\libg.a(lib_a-strtoll.o)
                0x000000000200dd18                _strtoll_r
 .text._strtol_l.part.0
                0x000000000200dd24      0x144 c:/devkitpro/devkitarm/bin/../lib/gcc/arm-none-eabi/12.2.0/../../../../arm-none-eabi/lib/thumb\libg.a(lib_a-strtol.o)
 .text._strtol_r
                0x000000000200de68       0x20 c:/devkitpro/devkitarm/bin/../lib/gcc/arm-none-eabi/12.2.0/../../../../arm-none-eabi/lib/thumb\libg.a(lib_a-strtol.o)
                0x000000000200de68                _strtol_r
 .text._strtoull_l.constprop.0
                0x000000000200de88      0x1bc c:/devkitpro/devkitarm/bin/../lib/gcc/arm-none-eabi/12.2.0/../../../../arm-none-eabi/lib/thumb\libg.a(lib_a-strtoull.o)
 .text._strtoull_r
                0x000000000200e044        0xc c:/devkitpro/devkitarm/bin/../lib/gcc/arm-none-eabi/12.2.0/../../../../arm-none-eabi/lib/thumb\libg.a(lib_a-strtoull.o)
                0x000000000200e044                _strtoull_r
 .text._strtoul_l.constprop.0
                0x000000000200e050      0x144 c:/devkitpro/devkitarm/bin/../lib/gcc/arm-none-eabi/12.2.0/../../../../arm-none-eabi/lib/thumb\libg.a(lib_a-strtoul.o)
 .text._strtoul_r
                0x000000000200e194        0xc c:/devkitpro/devkitarm/bin/../lib/gcc/arm-none-eabi/12.2.0/../../../../arm-none-eabi/lib/thumb\libg.a(lib_a-strtoul.o)
                0x000000000200e194                _strtoul_r
 .text._wcsnrtombs_l
                0x000000000200e1a0      0x11c c:/devkitpro/devkitarm/bin/../lib/gcc/arm-none-eabi/12.2.0/../../../../arm-none-eabi/lib/thumb\libg.a(lib_a-wcsnrtombs.o)
                0x000000000200e1a0                _wcsnrtombs_l
 .text._wcsnrtombs_r
                0x000000000200e2bc       0x30 c:/devkitpro/devkitarm/bin/../lib/gcc/arm-none-eabi/12.2.0/../../../../arm-none-eabi/lib/thumb\libg.a(lib_a-wcsnrtombs.o)
                0x000000000200e2bc                _wcsnrtombs_r
 .text.__utf8_wctomb
                0x000000000200e2ec       0xb4 c:/devkitpro/devkitarm/bin/../lib/gcc/arm-none-eabi/12.2.0/../../../../arm-none-eabi/lib/thumb\libg.a(lib_a-wctomb_r.o)
                0x000000000200e2ec                __utf8_wctomb
 .text.__assert_func
                0x000000000200e3a0       0x40 c:/devkitpro/devkitarm/bin/../lib/gcc/arm-none-eabi/12.2.0/../../../../arm-none-eabi/lib/thumb\libg.a(lib_a-assert.o)
                0x000000000200e3a0                __assert_func
 .text._calloc_r
                0x000000000200e3e0       0xb8 c:/devkitpro/devkitarm/bin/../lib/gcc/arm-none-eabi/12.2.0/../../../../arm-none-eabi/lib/thumb\libg.a(lib_a-callocr.o)
                0x000000000200e3e0                _calloc_r
 .text._fclose_r
                0x000000000200e498       0xe4 c:/devkitpro/devkitarm/bin/../lib/gcc/arm-none-eabi/12.2.0/../../../../arm-none-eabi/lib/thumb\libg.a(lib_a-fclose.o)
                0x000000000200e498                _fclose_r
 .text.fiprintf
                0x000000000200e57c       0x28 c:/devkitpro/devkitarm/bin/../lib/gcc/arm-none-eabi/12.2.0/../../../../arm-none-eabi/lib/thumb\libg.a(lib_a-fiprintf.o)
                0x000000000200e57c                fiprintf
 .text.iswspace_l
                0x000000000200e5a4       0x2c c:/devkitpro/devkitarm/bin/../lib/gcc/arm-none-eabi/12.2.0/../../../../arm-none-eabi/lib/thumb\libg.a(lib_a-iswspace_l.o)
                0x000000000200e5a4                iswspace_l
 .text.__jp2uc  0x000000000200e5d0      0x14c c:/devkitpro/devkitarm/bin/../lib/gcc/arm-none-eabi/12.2.0/../../../../arm-none-eabi/lib/thumb\libg.a(lib_a-jp2uc.o)
 .text._jp2uc_l
                0x000000000200e71c       0x6c c:/devkitpro/devkitarm/bin/../lib/gcc/arm-none-eabi/12.2.0/../../../../arm-none-eabi/lib/thumb\libg.a(lib_a-jp2uc.o)
                0x000000000200e71c                _jp2uc_l
 .text.strncmp  0x000000000200e788       0x78 c:/devkitpro/devkitarm/bin/../lib/gcc/arm-none-eabi/12.2.0/../../../../arm-none-eabi/lib/thumb\libg.a(lib_a-strncmp.o)
                0x000000000200e788                strncmp
 .text.abort    0x000000000200e800       0x10 c:/devkitpro/devkitarm/bin/../lib/gcc/arm-none-eabi/12.2.0/../../../../arm-none-eabi/lib/thumb\libg.a(lib_a-abort.o)
                0x000000000200e800                abort
 .text.category
                0x000000000200e810       0x54 c:/devkitpro/devkitarm/bin/../lib/gcc/arm-none-eabi/12.2.0/../../../../arm-none-eabi/lib/thumb\libg.a(lib_a-categories.o)
                0x000000000200e810                category
 .text._raise_r
                0x000000000200e864       0x60 c:/devkitpro/devkitarm/bin/../lib/gcc/arm-none-eabi/12.2.0/../../../../arm-none-eabi/lib/thumb\libg.a(lib_a-signal.o)
                0x000000000200e864                _raise_r
 .text.raise    0x000000000200e8c4       0x14 c:/devkitpro/devkitarm/bin/../lib/gcc/arm-none-eabi/12.2.0/../../../../arm-none-eabi/lib/thumb\libg.a(lib_a-signal.o)
                0x000000000200e8c4                raise
 .text.null_write
                0x000000000200e8d8        0x4 c:/devkitpro/devkitarm/bin/../lib/gcc/arm-none-eabi/12.2.0/../../../../arm-none-eabi/lib/thumb\libsysbase.a(iosupport.o)
 .text.FindDevice
                0x000000000200e8dc       0x98 c:/devkitpro/devkitarm/bin/../lib/gcc/arm-none-eabi/12.2.0/../../../../arm-none-eabi/lib/thumb\libsysbase.a(iosupport.o)
                0x000000000200e8dc                FindDevice
 .text._fstat_r
                0x000000000200e974       0x4c c:/devkitpro/devkitarm/bin/../lib/gcc/arm-none-eabi/12.2.0/../../../../arm-none-eabi/lib/thumb\libsysbase.a(fstat.o)
                0x000000000200e974                _fstat_r
 .text._getpid_r
                0x000000000200e9c0        0xc c:/devkitpro/devkitarm/bin/../lib/gcc/arm-none-eabi/12.2.0/../../../../arm-none-eabi/lib/thumb\libsysbase.a(getpid.o)
                0x000000000200e9c0                _getpid_r
 .text._isatty_r
                0x000000000200e9cc        0x4 c:/devkitpro/devkitarm/bin/../lib/gcc/arm-none-eabi/12.2.0/../../../../arm-none-eabi/lib/thumb\libsysbase.a(isatty.o)
                0x000000000200e9cc                _isatty_r
 .text._kill_r  0x000000000200e9d0        0xc c:/devkitpro/devkitarm/bin/../lib/gcc/arm-none-eabi/12.2.0/../../../../arm-none-eabi/lib/thumb\libsysbase.a(kill.o)
                0x000000000200e9d0                _kill_r
 .text._lseek_r
                0x000000000200e9dc       0x5c c:/devkitpro/devkitarm/bin/../lib/gcc/arm-none-eabi/12.2.0/../../../../arm-none-eabi/lib/thumb\libsysbase.a(lseek.o)
                0x000000000200e9dc                _lseek_r
 .text._read_r  0x000000000200ea38       0x50 c:/devkitpro/devkitarm/bin/../lib/gcc/arm-none-eabi/12.2.0/../../../../arm-none-eabi/lib/thumb\libsysbase.a(read.o)
                0x000000000200ea38                _read_r
 .text._sbrk_r  0x000000000200ea88       0x54 c:/devkitpro/devkitarm/bin/../lib/gcc/arm-none-eabi/12.2.0/../../../../arm-none-eabi/lib/thumb\libsysbase.a(sbrk.o)
                0x000000000200ea88                _sbrk_r
 .text._unlink_r
                0x000000000200eadc       0x48 c:/devkitpro/devkitarm/bin/../lib/gcc/arm-none-eabi/12.2.0/../../../../arm-none-eabi/lib/thumb\libsysbase.a(unlink.o)
                0x000000000200eadc                _unlink_r
 .text._write_r
                0x000000000200eb24       0x50 c:/devkitpro/devkitarm/bin/../lib/gcc/arm-none-eabi/12.2.0/../../../../arm-none-eabi/lib/thumb\libsysbase.a(write.o)
                0x000000000200eb24                _write_r
 .text._exit    0x000000000200eb74       0x14 c:/devkitpro/devkitarm/bin/../lib/gcc/arm-none-eabi/12.2.0/../../../../arm-none-eabi/lib/thumb\libsysbase.a(_exit.o)
                0x000000000200eb74                _exit
 .text.build_argv
                0x000000000200eb88       0x4c c:/devkitpro/devkitarm/bin/../lib/gcc/arm-none-eabi/12.2.0/../../../../arm-none-eabi/lib/thumb\libsysbase.a(build_argv.o)
                0x000000000200eb88                build_argv
 .text.statvfs  0x000000000200ebd4       0x4c c:/devkitpro/devkitarm/bin/../lib/gcc/arm-none-eabi/12.2.0/../../../../arm-none-eabi/lib/thumb\libsysbase.a(statvfs.o)
                0x000000000200ebd4                statvfs
 .text.__flockfile
                0x000000000200ec20       0x10 c:/devkitpro/devkitarm/bin/../lib/gcc/arm-none-eabi/12.2.0/../../../../arm-none-eabi/lib/thumb\libsysbase.a(flock.o)
                0x000000000200ec20                __flockfile
 .text.__funlockfile
                0x000000000200ec30       0x10 c:/devkitpro/devkitarm/bin/../lib/gcc/arm-none-eabi/12.2.0/../../../../arm-none-eabi/lib/thumb\libsysbase.a(flock.o)
                0x000000000200ec30                __funlockfile
 .text.__get_handle
                0x000000000200ec40       0x34 c:/devkitpro/devkitarm/bin/../lib/gcc/arm-none-eabi/12.2.0/../../../../arm-none-eabi/lib/thumb\libsysbase.a(handle_manager.o)
                0x000000000200ec40                __get_handle
 .text._close_r
                0x000000000200ec74       0xb8 c:/devkitpro/devkitarm/bin/../lib/gcc/arm-none-eabi/12.2.0/../../../../arm-none-eabi/lib/thumb\libsysbase.a(handle_manager.o)
                0x000000000200ec74                _close_r
 .text.__getreent
                0x000000000200ed2c       0x20 c:/devkitpro/devkitarm/bin/../lib/gcc/arm-none-eabi/12.2.0/../../../../arm-none-eabi/lib/thumb\libsysbase.a(getreent.o)
                0x000000000200ed2c                __getreent
 .text._rmdir_r
                0x000000000200ed4c       0x48 c:/devkitpro/devkitarm/bin/../lib/gcc/arm-none-eabi/12.2.0/../../../../arm-none-eabi/lib/thumb\libsysbase.a(rmdir.o)
                0x000000000200ed4c                _rmdir_r
 .text.__libc_lock_acquire
                0x000000000200ed94       0x18 c:/devkitpro/devkitarm/bin/../lib/gcc/arm-none-eabi/12.2.0/../../../../arm-none-eabi/lib/thumb\libsysbase.a(syscall_support.o)
                0x000000000200ed94                __libc_lock_acquire
 .text.__libc_lock_release
                0x000000000200edac       0x18 c:/devkitpro/devkitarm/bin/../lib/gcc/arm-none-eabi/12.2.0/../../../../arm-none-eabi/lib/thumb\libsysbase.a(syscall_support.o)
                0x000000000200edac                __libc_lock_release
 .text.__libc_lock_init_recursive
                0x000000000200edc4       0x18 c:/devkitpro/devkitarm/bin/../lib/gcc/arm-none-eabi/12.2.0/../../../../arm-none-eabi/lib/thumb\libsysbase.a(syscall_support.o)
                0x000000000200edc4                __libc_lock_init_recursive
 .text.__libc_lock_acquire_recursive
                0x000000000200eddc       0x18 c:/devkitpro/devkitarm/bin/../lib/gcc/arm-none-eabi/12.2.0/../../../../arm-none-eabi/lib/thumb\libsysbase.a(syscall_support.o)
                0x000000000200eddc                __libc_lock_acquire_recursive
 .text.__libc_lock_release_recursive
                0x000000000200edf4       0x18 c:/devkitpro/devkitarm/bin/../lib/gcc/arm-none-eabi/12.2.0/../../../../arm-none-eabi/lib/thumb\libsysbase.a(syscall_support.o)
                0x000000000200edf4                __libc_lock_release_recursive
 .text.__libc_lock_close_recursive
                0x000000000200ee0c       0x18 c:/devkitpro/devkitarm/bin/../lib/gcc/arm-none-eabi/12.2.0/../../../../arm-none-eabi/lib/thumb\libsysbase.a(syscall_support.o)
                0x000000000200ee0c                __libc_lock_close_recursive
 .text.__muldi3
                0x000000000200ee24       0x64 c:/devkitpro/devkitarm/bin/../lib/gcc/arm-none-eabi/12.2.0/thumb\libgcc.a(_muldi3.o)
                0x000000000200ee24                __muldi3
                0x000000000200ee24                __aeabi_lmul
 .text.__udivmoddi4
                0x000000000200ee88      0x19c c:/devkitpro/devkitarm/bin/../lib/gcc/arm-none-eabi/12.2.0/thumb\libgcc.a(_udivmoddi4.o)
                0x000000000200ee88                __udivmoddi4
 *fill*         0x000000000200f024        0x4 ff
 .text.__udivmoddi4.__stub
                0x000000000200f028       0xf8 linker stubs
 *(EXCLUDE_FILE(*.twl*) .gnu.warning)
 *(EXCLUDE_FILE(*.twl*) .gnu.linkonce.t*)
 *(.glue_7)
 .glue_7        0x000000000200f130        0x0 linker stubs
 *(.glue_7t)
 .glue_7t       0x000000000200f130        0x0 linker stubs
                0x000000000200f130                . = ALIGN (0x4)

.vfp11_veneer   0x000000000200f130        0x0
 .vfp11_veneer  0x000000000200f130        0x0 linker stubs

.v4_bx          0x000000000200f130        0x0
 .v4_bx         0x000000000200f130        0x0 linker stubs

.iplt           0x000000000200f130        0x0
 .iplt          0x000000000200f130        0x0 c:/devkitpro/devkitarm/bin/../lib/gcc/arm-none-eabi/12.2.0/../../../../arm-none-eabi/lib/thumb/ds_arm9_crt0.o

.fini           0x000000000200f130        0xc
 *(.fini)
 .fini          0x000000000200f130        0x4 c:/devkitpro/devkitarm/bin/../lib/gcc/arm-none-eabi/12.2.0/thumb/crti.o
                0x000000000200f130                _fini
 .fini          0x000000000200f134        0x8 c:/devkitpro/devkitarm/bin/../lib/gcc/arm-none-eabi/12.2.0/thumb/crtn.o
                0x000000000200f13c                __text_end = .

.rodata         0x000000000200f140     0x95fc
 *(EXCLUDE_FILE(*.twl*) .rodata)
 *all.rodata*(*)
 *(EXCLUDE_FILE(*.twl*) .roda)
 *(EXCLUDE_FILE(*.twl*) .rodata.*)
 .rodata.str1.4
                0x000000000200f140      0x308 directory.o
 .rodata.con_write.str1.4
                0x000000000200f448       0x30 C:/devkitPro/libnds/lib\libnds9.a(console.o)
 .rodata.con_write
                0x000000000200f478       0xd4 C:/devkitPro/libnds/lib\libnds9.a(console.o)
 .rodata.str1.4
                0x000000000200f54c       0x14 C:/devkitPro/libnds/lib\libnds9.a(console.o)
 .rodata.dotab_stdout
                0x000000000200f560       0x70 C:/devkitPro/libnds/lib\libnds9.a(console.o)
 .rodata.default_font_bin
                0x000000000200f5d0     0x2000 C:/devkitPro/libnds/lib\libnds9.a(default_font.bin.o)
                0x000000000200f5d0                default_font_bin
                0x00000000020115d0                default_font_bin_end
 .rodata.SIN_LUT
                0x00000000020115d0      0x102 C:/devkitPro/libnds/lib\libnds9.a(trig.o)
                0x00000000020115d0                SIN_LUT
 *fill*         0x00000000020116d2        0x2 ff
 .rodata._global_impure_ptr
                0x00000000020116d4        0x4 c:/devkitpro/devkitarm/bin/../lib/gcc/arm-none-eabi/12.2.0/../../../../arm-none-eabi/lib/thumb\libg.a(lib_a-impure.o)
                0x00000000020116d4                _global_impure_ptr
 .rodata._puts_r.str1.4
                0x00000000020116d8        0x2 c:/devkitpro/devkitarm/bin/../lib/gcc/arm-none-eabi/12.2.0/../../../../arm-none-eabi/lib/thumb\libg.a(lib_a-puts.o)
 *fill*         0x00000000020116da        0x2 ff
 .rodata.basefix.0
                0x00000000020116dc       0x22 c:/devkitpro/devkitarm/bin/../lib/gcc/arm-none-eabi/12.2.0/../../../../arm-none-eabi/lib/thumb\libg.a(lib_a-svfiscanf.o)
 .rodata._vfiprintf_r.str1.1
                0x00000000020116fe       0x29 c:/devkitpro/devkitarm/bin/../lib/gcc/arm-none-eabi/12.2.0/../../../../arm-none-eabi/lib/thumb\libg.a(lib_a-vfiprintf.o)
 *fill*         0x0000000002011727        0x1 ff
 .rodata.zeroes.0
                0x0000000002011728       0x10 c:/devkitpro/devkitarm/bin/../lib/gcc/arm-none-eabi/12.2.0/../../../../arm-none-eabi/lib/thumb\libg.a(lib_a-vfiprintf.o)
 .rodata.blanks.1
                0x0000000002011738       0x10 c:/devkitpro/devkitarm/bin/../lib/gcc/arm-none-eabi/12.2.0/../../../../arm-none-eabi/lib/thumb\libg.a(lib_a-vfiprintf.o)
 .rodata._vfprintf_r.str1.1
                0x0000000002011748       0x12 c:/devkitpro/devkitarm/bin/../lib/gcc/arm-none-eabi/12.2.0/../../../../arm-none-eabi/lib/thumb\libg.a(lib_a-vfprintf.o)
                                         0x3b (size before relaxing)
 *fill*         0x000000000201175a        0x2 ff
 .rodata.zeroes.0
                0x000000000201175c       0x10 c:/devkitpro/devkitarm/bin/../lib/gcc/arm-none-eabi/12.2.0/../../../../arm-none-eabi/lib/thumb\libg.a(lib_a-vfprintf.o)
 .rodata.blanks.1
                0x000000000201176c       0x10 c:/devkitpro/devkitarm/bin/../lib/gcc/arm-none-eabi/12.2.0/../../../../arm-none-eabi/lib/thumb\libg.a(lib_a-vfprintf.o)
 .rodata._ctype_
                0x000000000201177c      0x101 c:/devkitpro/devkitarm/bin/../lib/gcc/arm-none-eabi/12.2.0/../../../../arm-none-eabi/lib/thumb\libg.a(lib_a-ctype_.o)
                0x000000000201177c                _ctype_
 *fill*         0x000000000201187d        0x3 ff
 .rodata._dtoa_r.str1.4
                0x0000000002011880       0x6d c:/devkitpro/devkitarm/bin/../lib/gcc/arm-none-eabi/12.2.0/../../../../arm-none-eabi/lib/thumb\libg.a(lib_a-dtoa.o)
 *fill*         0x00000000020118ed        0x3 ff
 .rodata.str1.4
                0x00000000020118f0       0x48 c:/devkitpro/devkitarm/bin/../lib/gcc/arm-none-eabi/12.2.0/../../../../arm-none-eabi/lib/thumb\libg.a(lib_a-locale.o)
                                         0x4c (size before relaxing)
 .rodata._mbrtowc_r.str1.4
                0x0000000002011938        0x1 c:/devkitpro/devkitarm/bin/../lib/gcc/arm-none-eabi/12.2.0/../../../../arm-none-eabi/lib/thumb\libg.a(lib_a-mbrtowc.o)
 .rodata.__multadd.str1.4
                0x0000000002011938       0x46 c:/devkitpro/devkitarm/bin/../lib/gcc/arm-none-eabi/12.2.0/../../../../arm-none-eabi/lib/thumb\libg.a(lib_a-mprec.o)
                                         0x5a (size before relaxing)
 *fill*         0x000000000201197e        0x2 ff
 .rodata.p05.0  0x0000000002011980        0xc c:/devkitpro/devkitarm/bin/../lib/gcc/arm-none-eabi/12.2.0/../../../../arm-none-eabi/lib/thumb\libg.a(lib_a-mprec.o)
 *fill*         0x000000000201198c        0x4 ff
 .rodata.__mprec_bigtens
                0x0000000002011990       0x28 c:/devkitpro/devkitarm/bin/../lib/gcc/arm-none-eabi/12.2.0/../../../../arm-none-eabi/lib/thumb\libg.a(lib_a-mprec.o)
                0x0000000002011990                __mprec_bigtens
 .rodata.__mprec_tens
                0x00000000020119b8       0xc8 c:/devkitpro/devkitarm/bin/../lib/gcc/arm-none-eabi/12.2.0/../../../../arm-none-eabi/lib/thumb\libg.a(lib_a-mprec.o)
                0x00000000020119b8                __mprec_tens
 .rodata.__action_table
                0x0000000002011a80       0x6c c:/devkitpro/devkitarm/bin/../lib/gcc/arm-none-eabi/12.2.0/../../../../arm-none-eabi/lib/thumb\libg.a(lib_a-svfiprintf.o)
                0x0000000002011a80                __action_table
 .rodata.__state_table
                0x0000000002011aec       0x6c c:/devkitpro/devkitarm/bin/../lib/gcc/arm-none-eabi/12.2.0/../../../../arm-none-eabi/lib/thumb\libg.a(lib_a-svfiprintf.o)
                0x0000000002011aec                __state_table
 .rodata.__chclass
                0x0000000002011b58      0x100 c:/devkitpro/devkitarm/bin/../lib/gcc/arm-none-eabi/12.2.0/../../../../arm-none-eabi/lib/thumb\libg.a(lib_a-svfiprintf.o)
                0x0000000002011b58                __chclass
 .rodata.__assert_func.str1.4
                0x0000000002011c58       0x3f c:/devkitpro/devkitarm/bin/../lib/gcc/arm-none-eabi/12.2.0/../../../../arm-none-eabi/lib/thumb\libg.a(lib_a-assert.o)
                                         0x43 (size before relaxing)
 *fill*         0x0000000002011c97        0x1 ff
 .rodata.__jp2uc
                0x0000000002011c98       0x20 c:/devkitpro/devkitarm/bin/../lib/gcc/arm-none-eabi/12.2.0/../../../../arm-none-eabi/lib/thumb\libg.a(lib_a-jp2uc.o)
 .rodata._jp2uc_l.str1.4
                0x0000000002011cb8       0x12 c:/devkitpro/devkitarm/bin/../lib/gcc/arm-none-eabi/12.2.0/../../../../arm-none-eabi/lib/thumb\libg.a(lib_a-jp2uc.o)
 *fill*         0x0000000002011cca        0x2 ff
 .rodata.d02f4  0x0000000002011ccc     0x1a7c c:/devkitpro/devkitarm/bin/../lib/gcc/arm-none-eabi/12.2.0/../../../../arm-none-eabi/lib/thumb\libg.a(lib_a-jp2uc.o)
 .rodata.b02cf  0x0000000002013748     0x172a c:/devkitpro/devkitarm/bin/../lib/gcc/arm-none-eabi/12.2.0/../../../../arm-none-eabi/lib/thumb\libg.a(lib_a-jp2uc.o)
 *fill*         0x0000000002014e72        0x2 ff
 .rodata.a8     0x0000000002014e74       0x40 c:/devkitpro/devkitarm/bin/../lib/gcc/arm-none-eabi/12.2.0/../../../../arm-none-eabi/lib/thumb\libg.a(lib_a-jp2uc.o)
 .rodata.a7     0x0000000002014eb4       0xa2 c:/devkitpro/devkitarm/bin/../lib/gcc/arm-none-eabi/12.2.0/../../../../arm-none-eabi/lib/thumb\libg.a(lib_a-jp2uc.o)
 *fill*         0x0000000002014f56        0x2 ff
 .rodata.a6     0x0000000002014f58       0x70 c:/devkitpro/devkitarm/bin/../lib/gcc/arm-none-eabi/12.2.0/../../../../arm-none-eabi/lib/thumb\libg.a(lib_a-jp2uc.o)
 .rodata.a3     0x0000000002014fc8       0x5b c:/devkitpro/devkitarm/bin/../lib/gcc/arm-none-eabi/12.2.0/../../../../arm-none-eabi/lib/thumb\libg.a(lib_a-jp2uc.o)
 *fill*         0x0000000002015023        0x1 ff
 .rodata.a2     0x0000000002015024       0xbc c:/devkitpro/devkitarm/bin/../lib/gcc/arm-none-eabi/12.2.0/../../../../arm-none-eabi/lib/thumb\libg.a(lib_a-jp2uc.o)
 .rodata.a1     0x00000000020150e0       0xbc c:/devkitpro/devkitarm/bin/../lib/gcc/arm-none-eabi/12.2.0/../../../../arm-none-eabi/lib/thumb\libg.a(lib_a-jp2uc.o)
 .rodata.categories
                0x000000000201519c     0x3528 c:/devkitpro/devkitarm/bin/../lib/gcc/arm-none-eabi/12.2.0/../../../../arm-none-eabi/lib/thumb\libg.a(lib_a-categories.o)
 .rodata.AddDevice.str1.4
                0x00000000020186c4        0x8 c:/devkitpro/devkitarm/bin/../lib/gcc/arm-none-eabi/12.2.0/../../../../arm-none-eabi/lib/thumb\libsysbase.a(iosupport.o)
 .rodata.dotab_stdnull
                0x00000000020186cc       0x70 c:/devkitpro/devkitarm/bin/../lib/gcc/arm-none-eabi/12.2.0/../../../../arm-none-eabi/lib/thumb\libsysbase.a(iosupport.o)
                0x00000000020186cc                dotab_stdnull
 *(EXCLUDE_FILE(*.twl*) .gnu.linkonce.r*)
                0x000000000201873c                . = ALIGN (0x4)

.ARM.extab
 *(.ARM.extab* .gnu.linkonce.armextab.*)
                0x000000000201873c                __exidx_start = .

ARM.exidx
 *(.ARM.exidx* .gnu.linkonce.armexidx.*)
                0x000000000201873c                __exidx_end = .
                0x000000000201873c                . = ALIGN (0x4)
                0x000000000201873c                PROVIDE (__preinit_array_start = .)

.preinit_array
 *(.preinit_array)
                0x000000000201873c                PROVIDE (__preinit_array_end = .)
                0x000000000201873c                PROVIDE (__init_array_start = .)

.init_array     0x000000000201873c        0x4
 *(SORT_BY_NAME(.init_array.*))
 *(.init_array)
 .init_array    0x000000000201873c        0x4 c:/devkitpro/devkitarm/bin/../lib/gcc/arm-none-eabi/12.2.0/thumb/crtbegin.o
                0x0000000002018740                PROVIDE (__init_array_end = .)
                [!provide]                        PROVIDE (__fini_array_start = .)

.fini_array     0x0000000002018740        0x4
 *(.fini_array)
 .fini_array    0x0000000002018740        0x4 c:/devkitpro/devkitarm/bin/../lib/gcc/arm-none-eabi/12.2.0/thumb/crtbegin.o
 *(SORT_BY_NAME(.fini_array.*))
                [!provide]                        PROVIDE (__fini_array_end = .)

.ctors          0x0000000002018744        0x0
 *crtbegin.o(.ctors)
 *(EXCLUDE_FILE(*crtend.o) .ctors)
 *(SORT_BY_NAME(.ctors.*))
 *(.ctors)
                0x0000000002018744                . = ALIGN (0x4)

.dtors          0x0000000002018744        0x0
 *crtbegin.o(.dtors)
 *(EXCLUDE_FILE(*crtend.o) .dtors)
 *(SORT_BY_NAME(.dtors.*))
 *(.dtors)
                0x0000000002018744                . = ALIGN (0x4)

.eh_frame       0x0000000002018744        0x4
 *(.eh_frame)
 .eh_frame      0x0000000002018744        0x0 c:/devkitpro/devkitarm/bin/../lib/gcc/arm-none-eabi/12.2.0/thumb/crtbegin.o
 .eh_frame      0x0000000002018744        0x4 c:/devkitpro/devkitarm/bin/../lib/gcc/arm-none-eabi/12.2.0/thumb/crtend.o
                0x0000000002018748                . = ALIGN (0x4)

.gcc_except_table
                0x0000000002018748        0x0
 *(.gcc_except_table)
                0x0000000002018748                . = ALIGN (0x4)

.jcr
 *(.jcr)

.got
 *(.got.plt)
 *(.got)
 *(.rel.got)

.ewram          0x0000000002018748        0x0
                0x0000000002018748                __ewram_start = ABSOLUTE (.)
 *(.ewram)
 *ewram.*(.text)
                0x0000000002018748                . = ALIGN (0x4)

.data           0x0000000002018748     0x1b94
                0x0000000002018748                __data_start = ABSOLUTE (.)
 *(EXCLUDE_FILE(*.twl*) .data)
 .data          0x0000000002018748       0x28 C:/devkitPro/libnds/lib\libnds9.a(mpu_setup.o)
 *(EXCLUDE_FILE(*.twl*) .data.*)
 .data.currentConsole
                0x0000000002018770        0x4 C:/devkitPro/libnds/lib\libnds9.a(console.o)
                0x0000000002018770                currentConsole
 .data.defaultConsole
                0x0000000002018774       0x5c C:/devkitPro/libnds/lib\libnds9.a(console.o)
                0x0000000002018774                defaultConsole
 .data.firstConsoleInit.0
                0x00000000020187d0        0x1 C:/devkitPro/libnds/lib\libnds9.a(console.o)
 .data.count    0x00000000020187d1        0x1 C:/devkitPro/libnds/lib\libnds9.a(keys.o)
 .data.delay    0x00000000020187d2        0x1 C:/devkitPro/libnds/lib\libnds9.a(keys.o)
 .data.repeat   0x00000000020187d3        0x1 C:/devkitPro/libnds/lib\libnds9.a(keys.o)
 .data.fifo_buffer_free
                0x00000000020187d4        0x4 C:/devkitPro/libnds/lib\libnds9.a(fifosystem.o)
                0x00000000020187d4                fifo_buffer_free
 .data.fifo_freewords
                0x00000000020187d8        0x4 C:/devkitPro/libnds/lib\libnds9.a(fifosystem.o)
                0x00000000020187d8                fifo_freewords
 .data.fifo_receive_queue
                0x00000000020187dc        0x4 C:/devkitPro/libnds/lib\libnds9.a(fifosystem.o)
                0x00000000020187dc                fifo_receive_queue
 .data.fifo_send_queue
                0x00000000020187e0        0x4 C:/devkitPro/libnds/lib\libnds9.a(fifosystem.o)
                0x00000000020187e0                fifo_send_queue
 .data.bgControl
                0x00000000020187e4       0x20 C:/devkitPro/libnds/lib\libnds9.a(background.o)
                0x00000000020187e4                bgControl
 .data.bgScrollTable
                0x0000000002018804       0x20 C:/devkitPro/libnds/lib\libnds9.a(background.o)
                0x0000000002018804                bgScrollTable
 .data.bgTransform
                0x0000000002018824       0x20 C:/devkitPro/libnds/lib\libnds9.a(background.o)
                0x0000000002018824                bgTransform
 .data._impure_ptr
                0x0000000002018844        0x4 c:/devkitpro/devkitarm/bin/../lib/gcc/arm-none-eabi/12.2.0/../../../../arm-none-eabi/lib/thumb\libg.a(lib_a-impure.o)
                0x0000000002018844                _impure_ptr
 .data.impure_data
                0x0000000002018848      0x460 c:/devkitpro/devkitarm/bin/../lib/gcc/arm-none-eabi/12.2.0/../../../../arm-none-eabi/lib/thumb\libg.a(lib_a-impure.o)
 .data.__global_locale
                0x0000000002018ca8      0x16c c:/devkitpro/devkitarm/bin/../lib/gcc/arm-none-eabi/12.2.0/../../../../arm-none-eabi/lib/thumb\libg.a(lib_a-locale.o)
                0x0000000002018ca8                __global_locale
 .data.__malloc_sbrk_base
                0x0000000002018e14        0x4 c:/devkitpro/devkitarm/bin/../lib/gcc/arm-none-eabi/12.2.0/../../../../arm-none-eabi/lib/thumb\libg.a(lib_a-mallocr.o)
                0x0000000002018e14                __malloc_sbrk_base
 .data.__malloc_trim_threshold
                0x0000000002018e18        0x4 c:/devkitpro/devkitarm/bin/../lib/gcc/arm-none-eabi/12.2.0/../../../../arm-none-eabi/lib/thumb\libg.a(lib_a-mallocr.o)
                0x0000000002018e18                __malloc_trim_threshold
 *fill*         0x0000000002018e1c        0x4 ff
 .data.__malloc_av_
                0x0000000002018e20      0x408 c:/devkitpro/devkitarm/bin/../lib/gcc/arm-none-eabi/12.2.0/../../../../arm-none-eabi/lib/thumb\libg.a(lib_a-mallocr.o)
                0x0000000002018e20                __malloc_av_
 .data.devoptab_list
                0x0000000002019228       0x8c c:/devkitpro/devkitarm/bin/../lib/gcc/arm-none-eabi/12.2.0/../../../../arm-none-eabi/lib/thumb\libsysbase.a(iosupport.o)
                0x0000000002019228                devoptab_list
 .data.defaultDevice
                0x00000000020192b4        0x4 c:/devkitpro/devkitarm/bin/../lib/gcc/arm-none-eabi/12.2.0/../../../../arm-none-eabi/lib/thumb\libsysbase.a(iosupport.o)
 .data.handles  0x00000000020192b8     0x1000 c:/devkitpro/devkitarm/bin/../lib/gcc/arm-none-eabi/12.2.0/../../../../arm-none-eabi/lib/thumb\libsysbase.a(handle_manager.o)
 .data.__stderr_handle
                0x000000000201a2b8        0xc c:/devkitpro/devkitarm/bin/../lib/gcc/arm-none-eabi/12.2.0/../../../../arm-none-eabi/lib/thumb\libsysbase.a(handle_manager.o)
 .data.__stdout_handle
                0x000000000201a2c4        0xc c:/devkitpro/devkitarm/bin/../lib/gcc/arm-none-eabi/12.2.0/../../../../arm-none-eabi/lib/thumb\libsysbase.a(handle_manager.o)
 .data.__stdin_handle
                0x000000000201a2d0        0xc c:/devkitpro/devkitarm/bin/../lib/gcc/arm-none-eabi/12.2.0/../../../../arm-none-eabi/lib/thumb\libsysbase.a(handle_manager.o)
 *(EXCLUDE_FILE(*.twl*) .gnu.linkonce.d*)
                0x000000000201a2dc                . = ALIGN (0x4)
                0x000000000201a2dc                __data_end = ABSOLUTE (.)
                0x000000000201a2dc                __bss_vma = .

.igot.plt       0x000000000201a2dc        0x0
 .igot.plt      0x000000000201a2dc        0x0 c:/devkitpro/devkitarm/bin/../lib/gcc/arm-none-eabi/12.2.0/../../../../arm-none-eabi/lib/thumb/ds_arm9_crt0.o

.dtcm           0x0000000002ff0000        0x0 load address 0x000000000201a2dc
                0x000000000201a2dc                __dtcm_lma = LOADADDR (.dtcm)
                0x0000000002ff0000                __dtcm_start = ABSOLUTE (.)
 *(.dtcm)
 *(.dtcm.*)
                0x0000000002ff0000                . = ALIGN (0x4)
                0x0000000002ff0000                __dtcm_end = ABSOLUTE (.)

.itcm           0x0000000001000100      0x194 load address 0x000000000201a2dc
                0x000000000201a2dc                __itcm_lma = LOADADDR (.itcm)
                0x0000000001000100                __itcm_start = ABSOLUTE (.)
 *(.itcm)
 .itcm          0x0000000001000100       0xc8 C:/devkitPro/libnds/lib\libnds9.a(interrupts.o)
                0x0000000001000100                irqTable
 .itcm          0x00000000010001c8       0xcc C:/devkitPro/libnds/lib\libnds9.a(interruptDispatcher.o)
                0x00000000010001c8                IntrMain
 *.itcm*(.text .stub .text.*)
                0x0000000001000294                . = ALIGN (0x4)
                0x0000000001000294                __itcm_end = ABSOLUTE (.)

.vectors        0x0000000001000000        0x0 load address 0x000000000201a470
                0x000000000201a470                __vectors_lma = LOADADDR (.vectors)
                0x0000000001000000                __vectors_start = ABSOLUTE (.)
 *(.vectors .vectors.*)
                0x0000000001000000                . = ALIGN (0x4)
                0x0000000001000000                __vectors_end = ABSOLUTE (.)

.sbss           0x0000000002ff0000        0x0
                0x0000000002ff0000                __sbss_start = ABSOLUTE (.)
                0x0000000002ff0000                __sbss_start__ = ABSOLUTE (.)
 *(.sbss)
                0x0000000002ff0000                . = ALIGN (0x4)
                0x0000000002ff0000                __sbss_end = ABSOLUTE (.)

.bss            0x000000000201a2dc      0xc88
                0x000000000201a2dc                __bss_start = ABSOLUTE (.)
                0x000000000201a2dc                __bss_start__ = ABSOLUTE (.)
 *(EXCLUDE_FILE(*.twl*) .dynbss)
 *(EXCLUDE_FILE(*.twl*) .gnu.linkonce.b*)
 *(EXCLUDE_FILE(*.twl*) .bss*)
 .bss.completed.1
                0x000000000201a2dc        0x1 c:/devkitpro/devkitarm/bin/../lib/gcc/arm-none-eabi/12.2.0/thumb/crtbegin.o
 *fill*         0x000000000201a2dd        0x3 
 .bss.object.0  0x000000000201a2e0       0x18 c:/devkitpro/devkitarm/bin/../lib/gcc/arm-none-eabi/12.2.0/thumb/crtbegin.o
 .bss.SDcallback
                0x000000000201a2f8        0x4 C:/devkitPro/libnds/lib\libnds9.a(system.o)
 .bss.currentCopy
                0x000000000201a2fc       0x5c C:/devkitPro/libnds/lib\libnds9.a(console.o)
                0x000000000201a2fc                currentCopy
 .bss.keys      0x000000000201a358        0x2 C:/devkitPro/libnds/lib\libnds9.a(keys.o)
 .bss.keysold   0x000000000201a35a        0x2 C:/devkitPro/libnds/lib\libnds9.a(keys.o)
 .bss.keysrepeat
                0x000000000201a35c        0x2 C:/devkitPro/libnds/lib\libnds9.a(keys.o)
 .bss.__dsimode
                0x000000000201a35e        0x1 C:/devkitPro/libnds/lib\libnds9.a(initSystem.o)
                0x000000000201a35e                __dsimode
 *fill*         0x000000000201a35f        0x1 
 .bss.punixTime
                0x000000000201a360        0x4 C:/devkitPro/libnds/lib\libnds9.a(initSystem.o)
                0x000000000201a360                punixTime
 .bss.fifo_address_data
                0x000000000201a364       0x40 C:/devkitPro/libnds/lib\libnds9.a(fifosystem.o)
                0x000000000201a364                fifo_address_data
 .bss.fifo_address_func
                0x000000000201a3a4       0x40 C:/devkitPro/libnds/lib\libnds9.a(fifosystem.o)
                0x000000000201a3a4                fifo_address_func
 .bss.fifo_address_queue
                0x000000000201a3e4       0x40 C:/devkitPro/libnds/lib\libnds9.a(fifosystem.o)
                0x000000000201a3e4                fifo_address_queue
 .bss.fifo_buffer
                0x000000000201a424      0x800 C:/devkitPro/libnds/lib\libnds9.a(fifosystem.o)
                0x000000000201a424                fifo_buffer
 .bss.fifo_data_queue
                0x000000000201ac24       0x40 C:/devkitPro/libnds/lib\libnds9.a(fifosystem.o)
                0x000000000201ac24                fifo_data_queue
 .bss.fifo_datamsg_data
                0x000000000201ac64       0x40 C:/devkitPro/libnds/lib\libnds9.a(fifosystem.o)
                0x000000000201ac64                fifo_datamsg_data
 .bss.fifo_datamsg_func
                0x000000000201aca4       0x40 C:/devkitPro/libnds/lib\libnds9.a(fifosystem.o)
                0x000000000201aca4                fifo_datamsg_func
 .bss.fifo_value32_data
                0x000000000201ace4       0x40 C:/devkitPro/libnds/lib\libnds9.a(fifosystem.o)
                0x000000000201ace4                fifo_value32_data
 .bss.fifo_value32_func
                0x000000000201ad24       0x40 C:/devkitPro/libnds/lib\libnds9.a(fifosystem.o)
                0x000000000201ad24                fifo_value32_func
 .bss.fifo_value32_queue
                0x000000000201ad64       0x40 C:/devkitPro/libnds/lib\libnds9.a(fifosystem.o)
                0x000000000201ad64                fifo_value32_queue
 .bss.processing
                0x000000000201ada4        0x4 C:/devkitPro/libnds/lib\libnds9.a(fifosystem.o)
                0x000000000201ada4                processing
 .bss.bgIsTextLut
                0x000000000201ada8        0x8 C:/devkitPro/libnds/lib\libnds9.a(background.o)
                0x000000000201ada8                bgIsTextLut
 .bss.bgState   0x000000000201adb0      0x140 C:/devkitPro/libnds/lib\libnds9.a(background.o)
                0x000000000201adb0                bgState
 .bss.__atexit_recursive_mutex
                0x000000000201aef0        0xc c:/devkitpro/devkitarm/bin/../lib/gcc/arm-none-eabi/12.2.0/../../../../arm-none-eabi/lib/thumb\libg.a(lib_a-__call_atexit.o)
                0x000000000201aef0                __atexit_recursive_mutex
 .bss.__sinit_recursive_mutex
                0x000000000201aefc        0xc c:/devkitpro/devkitarm/bin/../lib/gcc/arm-none-eabi/12.2.0/../../../../arm-none-eabi/lib/thumb\libg.a(lib_a-findfp.o)
 .bss.__sfp_recursive_mutex
                0x000000000201af08        0xc c:/devkitpro/devkitarm/bin/../lib/gcc/arm-none-eabi/12.2.0/../../../../arm-none-eabi/lib/thumb\libg.a(lib_a-findfp.o)
 .bss.__malloc_current_mallinfo
                0x000000000201af14       0x28 c:/devkitpro/devkitarm/bin/../lib/gcc/arm-none-eabi/12.2.0/../../../../arm-none-eabi/lib/thumb\libg.a(lib_a-mallocr.o)
                0x000000000201af14                __malloc_current_mallinfo
 .bss.__malloc_max_total_mem
                0x000000000201af3c        0x4 c:/devkitpro/devkitarm/bin/../lib/gcc/arm-none-eabi/12.2.0/../../../../arm-none-eabi/lib/thumb\libg.a(lib_a-mallocr.o)
                0x000000000201af3c                __malloc_max_total_mem
 .bss.__malloc_max_sbrked_mem
                0x000000000201af40        0x4 c:/devkitpro/devkitarm/bin/../lib/gcc/arm-none-eabi/12.2.0/../../../../arm-none-eabi/lib/thumb\libg.a(lib_a-mallocr.o)
                0x000000000201af40                __malloc_max_sbrked_mem
 .bss.__malloc_top_pad
                0x000000000201af44        0x4 c:/devkitpro/devkitarm/bin/../lib/gcc/arm-none-eabi/12.2.0/../../../../arm-none-eabi/lib/thumb\libg.a(lib_a-mallocr.o)
                0x000000000201af44                __malloc_top_pad
 .bss.__malloc_recursive_mutex
                0x000000000201af48        0xc c:/devkitpro/devkitarm/bin/../lib/gcc/arm-none-eabi/12.2.0/../../../../arm-none-eabi/lib/thumb\libg.a(lib_a-mlock.o)
 .bss.heap_start.0
                0x000000000201af54        0x4 c:/devkitpro/devkitarm/bin/../lib/gcc/arm-none-eabi/12.2.0/../../../../arm-none-eabi/lib/thumb\libsysbase.a(sbrk.o)
 .bss.fake_heap_start
                0x000000000201af58        0x4 c:/devkitpro/devkitarm/bin/../lib/gcc/arm-none-eabi/12.2.0/../../../../arm-none-eabi/lib/thumb\libsysbase.a(malloc_vars.o)
                0x000000000201af58                fake_heap_start
 .bss.fake_heap_end
                0x000000000201af5c        0x4 c:/devkitpro/devkitarm/bin/../lib/gcc/arm-none-eabi/12.2.0/../../../../arm-none-eabi/lib/thumb\libsysbase.a(malloc_vars.o)
                0x000000000201af5c                fake_heap_end
 .bss.__hndl_lock
                0x000000000201af60        0x4 c:/devkitpro/devkitarm/bin/../lib/gcc/arm-none-eabi/12.2.0/../../../../arm-none-eabi/lib/thumb\libsysbase.a(handle_manager.o)
 *(EXCLUDE_FILE(*.twl*) COMMON)
                0x000000000201af64                . = ALIGN (0x4)
                0x000000000201af64                __bss_end__ = ABSOLUTE (.)
                0x000000000201af64                __end__ = ABSOLUTE (.)

.twl            0x000000000201af64       0x64 load address 0x0000000002400000
                0x0000000002400000                __arm9i_lma__ = LOADADDR (.twl)
                0x000000000201af64                __arm9i_start__ = ABSOLUTE (.)
 *(.twl)
 *.twl*(.text .stub .text.* .gnu.linkonce.t.*)
 .text.nand_WriteSectors
                0x000000000201af64       0x50 C:/devkitPro/libnds/lib\libnds9.a(nand.twl.o)
                0x000000000201af64                nand_WriteSectors
 *fill*         0x000000000201afb4        0x4 
 .text.nand_WriteSectors.__stub
                0x000000000201afb8       0x10 linker stubs
 *.twl*(.rodata)
 *.twl*(.roda)
 *.twl*(.rodata.*)
 *.twl*(.data)
 *.twl*(.data.*)
 *.twl*(.gnu.linkonce.d*)
                0x000000000201afc8                __arm9i_end__ = ABSOLUTE (.)

.rel.dyn        0x000000000201afc8        0x0 load address 0x0000000002400064
 .rel.iplt      0x000000000201afc8        0x0 c:/devkitpro/devkitarm/bin/../lib/gcc/arm-none-eabi/12.2.0/../../../../arm-none-eabi/lib/thumb/ds_arm9_crt0.o

.twl_bss        0x000000000201afc8        0x0
                0x000000000201afc8                __twl_bss_start__ = ABSOLUTE (.)
 *(.twl_bss)
 *.twl*(.dynbss)
 *.twl*(.gnu.linkonce.b*)
 *.twl*(.bss*)
 *.twl*(COMMON)
                0x000000000201afc8                . = ALIGN (0x4)
                0x000000000201afc8                __twl_bss_end__ = ABSOLUTE (.)
                0x000000000201afc8                __twl_end__ = ABSOLUTE (.)

.stab
 *(.stab)

.stabstr
 *(.stabstr)

.stab.excl
 *(.stab.excl)

.stab.exclstr
 *(.stab.exclstr)

.stab.index
 *(.stab.index)

.stab.indexstr
 *(.stab.indexstr)

.comment        0x0000000000000000       0x46
 *(.comment)
 .comment       0x0000000000000000       0x23 c:/devkitpro/devkitarm/bin/../lib/gcc/arm-none-eabi/12.2.0/thumb/crtbegin.o
                                         0x24 (size before relaxing)
 .comment       0x0000000000000023       0x24 directory.o
 .comment       0x0000000000000023       0x23 C:/devkitPro/libnds/lib\libnds9.a(system.o)
                                         0x24 (size before relaxing)
 .comment       0x0000000000000046       0x24 C:/devkitPro/libnds/lib\libnds9.a(console.o)
 .comment       0x0000000000000046       0x24 C:/devkitPro/libnds/lib\libnds9.a(keys.o)
 .comment       0x0000000000000046       0x24 C:/devkitPro/libnds/lib\libnds9.a(nand.twl.o)
 .comment       0x0000000000000046       0x24 C:/devkitPro/libnds/lib\libnds9.a(initSystem.o)
 .comment       0x0000000000000046       0x24 C:/devkitPro/libnds/lib\libnds9.a(securearea.o)
 .comment       0x0000000000000046       0x24 C:/devkitPro/libnds/lib\libnds9.a(interrupts.o)
 .comment       0x0000000000000046       0x24 C:/devkitPro/libnds/lib\libnds9.a(libnds_exit.arm.o)
 .comment       0x0000000000000046       0x24 C:/devkitPro/libnds/lib\libnds9.a(fifosystem.o)
 .comment       0x0000000000000046       0x24 C:/devkitPro/libnds/lib\libnds9.a(background.o)
 .comment       0x0000000000000046       0x24 C:/devkitPro/libnds/lib\libnds9.a(trig.o)
 .comment       0x0000000000000046       0x24 C:/devkitPro/libnds/lib\libnds9.a(video.o)
 .comment       0x0000000000000046       0x24 c:/devkitpro/devkitarm/bin/../lib/gcc/arm-none-eabi/12.2.0/../../../../arm-none-eabi/lib/thumb\libg.a(lib_a-exit.o)
 .comment       0x0000000000000046       0x24 c:/devkitpro/devkitarm/bin/../lib/gcc/arm-none-eabi/12.2.0/../../../../arm-none-eabi/lib/thumb\libg.a(lib_a-impure.o)
 .comment       0x0000000000000046       0x24 c:/devkitpro/devkitarm/bin/../lib/gcc/arm-none-eabi/12.2.0/../../../../arm-none-eabi/lib/thumb\libg.a(lib_a-init.o)
 .comment       0x0000000000000046       0x24 c:/devkitpro/devkitarm/bin/../lib/gcc/arm-none-eabi/12.2.0/../../../../arm-none-eabi/lib/thumb\libg.a(lib_a-memcpy-stub.o)
 .comment       0x0000000000000046       0x24 c:/devkitpro/devkitarm/bin/../lib/gcc/arm-none-eabi/12.2.0/../../../../arm-none-eabi/lib/thumb\libg.a(lib_a-memset.o)
 .comment       0x0000000000000046       0x24 c:/devkitpro/devkitarm/bin/../lib/gcc/arm-none-eabi/12.2.0/../../../../arm-none-eabi/lib/thumb\libg.a(lib_a-printf.o)
 .comment       0x0000000000000046       0x24 c:/devkitpro/devkitarm/bin/../lib/gcc/arm-none-eabi/12.2.0/../../../../arm-none-eabi/lib/thumb\libg.a(lib_a-puts.o)
 .comment       0x0000000000000046       0x24 c:/devkitpro/devkitarm/bin/../lib/gcc/arm-none-eabi/12.2.0/../../../../arm-none-eabi/lib/thumb\libg.a(lib_a-remove.o)
 .comment       0x0000000000000046       0x24 c:/devkitpro/devkitarm/bin/../lib/gcc/arm-none-eabi/12.2.0/../../../../arm-none-eabi/lib/thumb\libg.a(lib_a-setvbuf.o)
 .comment       0x0000000000000046       0x24 c:/devkitpro/devkitarm/bin/../lib/gcc/arm-none-eabi/12.2.0/../../../../arm-none-eabi/lib/thumb\libg.a(lib_a-siscanf.o)
 .comment       0x0000000000000046       0x24 c:/devkitpro/devkitarm/bin/../lib/gcc/arm-none-eabi/12.2.0/../../../../arm-none-eabi/lib/thumb\libg.a(lib_a-stdio.o)
 .comment       0x0000000000000046       0x24 c:/devkitpro/devkitarm/bin/../lib/gcc/arm-none-eabi/12.2.0/../../../../arm-none-eabi/lib/thumb\libg.a(lib_a-strlen-stub.o)
 .comment       0x0000000000000046       0x24 c:/devkitpro/devkitarm/bin/../lib/gcc/arm-none-eabi/12.2.0/../../../../arm-none-eabi/lib/thumb\libg.a(lib_a-svfiscanf.o)
 .comment       0x0000000000000046       0x24 c:/devkitpro/devkitarm/bin/../lib/gcc/arm-none-eabi/12.2.0/../../../../arm-none-eabi/lib/thumb\libg.a(lib_a-ungetc.o)
 .comment       0x0000000000000046       0x24 c:/devkitpro/devkitarm/bin/../lib/gcc/arm-none-eabi/12.2.0/../../../../arm-none-eabi/lib/thumb\libg.a(lib_a-vfiprintf.o)
 .comment       0x0000000000000046       0x24 c:/devkitpro/devkitarm/bin/../lib/gcc/arm-none-eabi/12.2.0/../../../../arm-none-eabi/lib/thumb\libg.a(lib_a-vfprintf.o)
 .comment       0x0000000000000046       0x24 c:/devkitpro/devkitarm/bin/../lib/gcc/arm-none-eabi/12.2.0/../../../../arm-none-eabi/lib/thumb\libg.a(lib_a-wcrtomb.o)
 .comment       0x0000000000000046       0x24 c:/devkitpro/devkitarm/bin/../lib/gcc/arm-none-eabi/12.2.0/../../../../arm-none-eabi/lib/thumb\libg.a(lib_a-wcsrtombs.o)
 .comment       0x0000000000000046       0x24 c:/devkitpro/devkitarm/bin/../lib/gcc/arm-none-eabi/12.2.0/../../../../arm-none-eabi/lib/thumb\libg.a(lib_a-wsetup.o)
 .comment       0x0000000000000046       0x24 c:/devkitpro/devkitarm/bin/../lib/gcc/arm-none-eabi/12.2.0/../../../../arm-none-eabi/lib/thumb\libg.a(lib_a-__call_atexit.o)
 .comment       0x0000000000000046       0x24 c:/devkitpro/devkitarm/bin/../lib/gcc/arm-none-eabi/12.2.0/../../../../arm-none-eabi/lib/thumb\libg.a(lib_a-ctype_.o)
 .comment       0x0000000000000046       0x24 c:/devkitpro/devkitarm/bin/../lib/gcc/arm-none-eabi/12.2.0/../../../../arm-none-eabi/lib/thumb\libg.a(lib_a-dtoa.o)
 .comment       0x0000000000000046       0x24 c:/devkitpro/devkitarm/bin/../lib/gcc/arm-none-eabi/12.2.0/../../../../arm-none-eabi/lib/thumb\libg.a(lib_a-errno.o)
 .comment       0x0000000000000046       0x24 c:/devkitpro/devkitarm/bin/../lib/gcc/arm-none-eabi/12.2.0/../../../../arm-none-eabi/lib/thumb\libg.a(lib_a-fflush.o)
 .comment       0x0000000000000046       0x24 c:/devkitpro/devkitarm/bin/../lib/gcc/arm-none-eabi/12.2.0/../../../../arm-none-eabi/lib/thumb\libg.a(lib_a-findfp.o)
 .comment       0x0000000000000046       0x24 c:/devkitpro/devkitarm/bin/../lib/gcc/arm-none-eabi/12.2.0/../../../../arm-none-eabi/lib/thumb\libg.a(lib_a-freer.o)
 .comment       0x0000000000000046       0x24 c:/devkitpro/devkitarm/bin/../lib/gcc/arm-none-eabi/12.2.0/../../../../arm-none-eabi/lib/thumb\libg.a(lib_a-fvwrite.o)
 .comment       0x0000000000000046       0x24 c:/devkitpro/devkitarm/bin/../lib/gcc/arm-none-eabi/12.2.0/../../../../arm-none-eabi/lib/thumb\libg.a(lib_a-fwalk.o)
 .comment       0x0000000000000046       0x24 c:/devkitpro/devkitarm/bin/../lib/gcc/arm-none-eabi/12.2.0/../../../../arm-none-eabi/lib/thumb\libg.a(lib_a-iswspace.o)
 .comment       0x0000000000000046       0x24 c:/devkitpro/devkitarm/bin/../lib/gcc/arm-none-eabi/12.2.0/../../../../arm-none-eabi/lib/thumb\libg.a(lib_a-localeconv.o)
 .comment       0x0000000000000046       0x24 c:/devkitpro/devkitarm/bin/../lib/gcc/arm-none-eabi/12.2.0/../../../../arm-none-eabi/lib/thumb\libg.a(lib_a-locale.o)
 .comment       0x0000000000000046       0x24 c:/devkitpro/devkitarm/bin/../lib/gcc/arm-none-eabi/12.2.0/../../../../arm-none-eabi/lib/thumb\libg.a(lib_a-makebuf.o)
 .comment       0x0000000000000046       0x24 c:/devkitpro/devkitarm/bin/../lib/gcc/arm-none-eabi/12.2.0/../../../../arm-none-eabi/lib/thumb\libg.a(lib_a-malloc.o)
 .comment       0x0000000000000046       0x24 c:/devkitpro/devkitarm/bin/../lib/gcc/arm-none-eabi/12.2.0/../../../../arm-none-eabi/lib/thumb\libg.a(lib_a-mallocr.o)
 .comment       0x0000000000000046       0x24 c:/devkitpro/devkitarm/bin/../lib/gcc/arm-none-eabi/12.2.0/../../../../arm-none-eabi/lib/thumb\libg.a(lib_a-mbrtowc.o)
 .comment       0x0000000000000046       0x24 c:/devkitpro/devkitarm/bin/../lib/gcc/arm-none-eabi/12.2.0/../../../../arm-none-eabi/lib/thumb\libg.a(lib_a-mbtowc_r.o)
 .comment       0x0000000000000046       0x24 c:/devkitpro/devkitarm/bin/../lib/gcc/arm-none-eabi/12.2.0/../../../../arm-none-eabi/lib/thumb\libg.a(lib_a-memchr-stub.o)
 .comment       0x0000000000000046       0x24 c:/devkitpro/devkitarm/bin/../lib/gcc/arm-none-eabi/12.2.0/../../../../arm-none-eabi/lib/thumb\libg.a(lib_a-memmove.o)
 .comment       0x0000000000000046       0x24 c:/devkitpro/devkitarm/bin/../lib/gcc/arm-none-eabi/12.2.0/../../../../arm-none-eabi/lib/thumb\libg.a(lib_a-mlock.o)
 .comment       0x0000000000000046       0x24 c:/devkitpro/devkitarm/bin/../lib/gcc/arm-none-eabi/12.2.0/../../../../arm-none-eabi/lib/thumb\libg.a(lib_a-mprec.o)
 .comment       0x0000000000000046       0x24 c:/devkitpro/devkitarm/bin/../lib/gcc/arm-none-eabi/12.2.0/../../../../arm-none-eabi/lib/thumb\libg.a(lib_a-realloc.o)
 .comment       0x0000000000000046       0x24 c:/devkitpro/devkitarm/bin/../lib/gcc/arm-none-eabi/12.2.0/../../../../arm-none-eabi/lib/thumb\libg.a(lib_a-reallocr.o)
 .comment       0x0000000000000046       0x24 c:/devkitpro/devkitarm/bin/../lib/gcc/arm-none-eabi/12.2.0/../../../../arm-none-eabi/lib/thumb\libg.a(lib_a-sccl.o)
 .comment       0x0000000000000046       0x24 c:/devkitpro/devkitarm/bin/../lib/gcc/arm-none-eabi/12.2.0/../../../../arm-none-eabi/lib/thumb\libg.a(lib_a-s_frexp.o)
 .comment       0x0000000000000046       0x24 c:/devkitpro/devkitarm/bin/../lib/gcc/arm-none-eabi/12.2.0/../../../../arm-none-eabi/lib/thumb\libg.a(lib_a-strchr.o)
 .comment       0x0000000000000046       0x24 c:/devkitpro/devkitarm/bin/../lib/gcc/arm-none-eabi/12.2.0/../../../../arm-none-eabi/lib/thumb\libg.a(lib_a-strncpy.o)
 .comment       0x0000000000000046       0x24 c:/devkitpro/devkitarm/bin/../lib/gcc/arm-none-eabi/12.2.0/../../../../arm-none-eabi/lib/thumb\libg.a(lib_a-strtoll.o)
 .comment       0x0000000000000046       0x24 c:/devkitpro/devkitarm/bin/../lib/gcc/arm-none-eabi/12.2.0/../../../../arm-none-eabi/lib/thumb\libg.a(lib_a-strtol.o)
 .comment       0x0000000000000046       0x24 c:/devkitpro/devkitarm/bin/../lib/gcc/arm-none-eabi/12.2.0/../../../../arm-none-eabi/lib/thumb\libg.a(lib_a-strtoull.o)
 .comment       0x0000000000000046       0x24 c:/devkitpro/devkitarm/bin/../lib/gcc/arm-none-eabi/12.2.0/../../../../arm-none-eabi/lib/thumb\libg.a(lib_a-strtoul.o)
 .comment       0x0000000000000046       0x24 c:/devkitpro/devkitarm/bin/../lib/gcc/arm-none-eabi/12.2.0/../../../../arm-none-eabi/lib/thumb\libg.a(lib_a-svfiprintf.o)
 .comment       0x0000000000000046       0x24 c:/devkitpro/devkitarm/bin/../lib/gcc/arm-none-eabi/12.2.0/../../../../arm-none-eabi/lib/thumb\libg.a(lib_a-wcsnrtombs.o)
 .comment       0x0000000000000046       0x24 c:/devkitpro/devkitarm/bin/../lib/gcc/arm-none-eabi/12.2.0/../../../../arm-none-eabi/lib/thumb\libg.a(lib_a-wctomb_r.o)
 .comment       0x0000000000000046       0x24 c:/devkitpro/devkitarm/bin/../lib/gcc/arm-none-eabi/12.2.0/../../../../arm-none-eabi/lib/thumb\libg.a(lib_a-assert.o)
 .comment       0x0000000000000046       0x24 c:/devkitpro/devkitarm/bin/../lib/gcc/arm-none-eabi/12.2.0/../../../../arm-none-eabi/lib/thumb\libg.a(lib_a-callocr.o)
 .comment       0x0000000000000046       0x24 c:/devkitpro/devkitarm/bin/../lib/gcc/arm-none-eabi/12.2.0/../../../../arm-none-eabi/lib/thumb\libg.a(lib_a-fclose.o)
 .comment       0x0000000000000046       0x24 c:/devkitpro/devkitarm/bin/../lib/gcc/arm-none-eabi/12.2.0/../../../../arm-none-eabi/lib/thumb\libg.a(lib_a-fiprintf.o)
 .comment       0x0000000000000046       0x24 c:/devkitpro/devkitarm/bin/../lib/gcc/arm-none-eabi/12.2.0/../../../../arm-none-eabi/lib/thumb\libg.a(lib_a-iswspace_l.o)
 .comment       0x0000000000000046       0x24 c:/devkitpro/devkitarm/bin/../lib/gcc/arm-none-eabi/12.2.0/../../../../arm-none-eabi/lib/thumb\libg.a(lib_a-jp2uc.o)
 .comment       0x0000000000000046       0x24 c:/devkitpro/devkitarm/bin/../lib/gcc/arm-none-eabi/12.2.0/../../../../arm-none-eabi/lib/thumb\libg.a(lib_a-strncmp.o)
 .comment       0x0000000000000046       0x24 c:/devkitpro/devkitarm/bin/../lib/gcc/arm-none-eabi/12.2.0/../../../../arm-none-eabi/lib/thumb\libg.a(lib_a-abort.o)
 .comment       0x0000000000000046       0x24 c:/devkitpro/devkitarm/bin/../lib/gcc/arm-none-eabi/12.2.0/../../../../arm-none-eabi/lib/thumb\libg.a(lib_a-categories.o)
 .comment       0x0000000000000046       0x24 c:/devkitpro/devkitarm/bin/../lib/gcc/arm-none-eabi/12.2.0/../../../../arm-none-eabi/lib/thumb\libg.a(lib_a-signal.o)
 .comment       0x0000000000000046       0x24 c:/devkitpro/devkitarm/bin/../lib/gcc/arm-none-eabi/12.2.0/../../../../arm-none-eabi/lib/thumb\libsysbase.a(iosupport.o)
 .comment       0x0000000000000046       0x24 c:/devkitpro/devkitarm/bin/../lib/gcc/arm-none-eabi/12.2.0/../../../../arm-none-eabi/lib/thumb\libsysbase.a(fstat.o)
 .comment       0x0000000000000046       0x24 c:/devkitpro/devkitarm/bin/../lib/gcc/arm-none-eabi/12.2.0/../../../../arm-none-eabi/lib/thumb\libsysbase.a(getpid.o)
 .comment       0x0000000000000046       0x24 c:/devkitpro/devkitarm/bin/../lib/gcc/arm-none-eabi/12.2.0/../../../../arm-none-eabi/lib/thumb\libsysbase.a(isatty.o)
 .comment       0x0000000000000046       0x24 c:/devkitpro/devkitarm/bin/../lib/gcc/arm-none-eabi/12.2.0/../../../../arm-none-eabi/lib/thumb\libsysbase.a(kill.o)
 .comment       0x0000000000000046       0x24 c:/devkitpro/devkitarm/bin/../lib/gcc/arm-none-eabi/12.2.0/../../../../arm-none-eabi/lib/thumb\libsysbase.a(lseek.o)
 .comment       0x0000000000000046       0x24 c:/devkitpro/devkitarm/bin/../lib/gcc/arm-none-eabi/12.2.0/../../../../arm-none-eabi/lib/thumb\libsysbase.a(read.o)
 .comment       0x0000000000000046       0x24 c:/devkitpro/devkitarm/bin/../lib/gcc/arm-none-eabi/12.2.0/../../../../arm-none-eabi/lib/thumb\libsysbase.a(sbrk.o)
 .comment       0x0000000000000046       0x24 c:/devkitpro/devkitarm/bin/../lib/gcc/arm-none-eabi/12.2.0/../../../../arm-none-eabi/lib/thumb\libsysbase.a(unlink.o)
 .comment       0x0000000000000046       0x24 c:/devkitpro/devkitarm/bin/../lib/gcc/arm-none-eabi/12.2.0/../../../../arm-none-eabi/lib/thumb\libsysbase.a(write.o)
 .comment       0x0000000000000046       0x24 c:/devkitpro/devkitarm/bin/../lib/gcc/arm-none-eabi/12.2.0/../../../../arm-none-eabi/lib/thumb\libsysbase.a(_exit.o)
 .comment       0x0000000000000046       0x24 c:/devkitpro/devkitarm/bin/../lib/gcc/arm-none-eabi/12.2.0/../../../../arm-none-eabi/lib/thumb\libsysbase.a(malloc_vars.o)
 .comment       0x0000000000000046       0x24 c:/devkitpro/devkitarm/bin/../lib/gcc/arm-none-eabi/12.2.0/../../../../arm-none-eabi/lib/thumb\libsysbase.a(build_argv.o)
 .comment       0x0000000000000046       0x24 c:/devkitpro/devkitarm/bin/../lib/gcc/arm-none-eabi/12.2.0/../../../../arm-none-eabi/lib/thumb\libsysbase.a(statvfs.o)
 .comment       0x0000000000000046       0x24 c:/devkitpro/devkitarm/bin/../lib/gcc/arm-none-eabi/12.2.0/../../../../arm-none-eabi/lib/thumb\libsysbase.a(flock.o)
 .comment       0x0000000000000046       0x24 c:/devkitpro/devkitarm/bin/../lib/gcc/arm-none-eabi/12.2.0/../../../../arm-none-eabi/lib/thumb\libsysbase.a(handle_manager.o)
 .comment       0x0000000000000046       0x24 c:/devkitpro/devkitarm/bin/../lib/gcc/arm-none-eabi/12.2.0/../../../../arm-none-eabi/lib/thumb\libsysbase.a(getreent.o)
 .comment       0x0000000000000046       0x24 c:/devkitpro/devkitarm/bin/../lib/gcc/arm-none-eabi/12.2.0/../../../../arm-none-eabi/lib/thumb\libsysbase.a(rmdir.o)
 .comment       0x0000000000000046       0x24 c:/devkitpro/devkitarm/bin/../lib/gcc/arm-none-eabi/12.2.0/../../../../arm-none-eabi/lib/thumb\libsysbase.a(syscall_support.o)
 .comment       0x0000000000000046       0x24 c:/devkitpro/devkitarm/bin/../lib/gcc/arm-none-eabi/12.2.0/thumb\libgcc.a(_muldi3.o)
 .comment       0x0000000000000046       0x24 c:/devkitpro/devkitarm/bin/../lib/gcc/arm-none-eabi/12.2.0/thumb\libgcc.a(_udivmoddi4.o)
 .comment       0x0000000000000046       0x24 c:/devkitpro/devkitarm/bin/../lib/gcc/arm-none-eabi/12.2.0/thumb/crtend.o

.ARM.attributes
                0x0000000000000000       0x2d
 .ARM.attributes
                0x0000000000000000       0x21 c:/devkitpro/devkitarm/bin/../lib/gcc/arm-none-eabi/12.2.0/../../../../arm-none-eabi/lib/thumb/ds_arm9_crt0.o
 .ARM.attributes
                0x0000000000000021       0x1c c:/devkitpro/devkitarm/bin/../lib/gcc/arm-none-eabi/12.2.0/thumb/crti.o
 .ARM.attributes
                0x000000000000003d       0x2a c:/devkitpro/devkitarm/bin/../lib/gcc/arm-none-eabi/12.2.0/thumb/crtbegin.o
 .ARM.attributes
                0x0000000000000067       0x27 directory.o
 .ARM.attributes
                0x000000000000008e       0x2b C:/devkitPro/libnds/lib\libnds9.a(system.o)
 .ARM.attributes
                0x00000000000000b9       0x2b C:/devkitPro/libnds/lib\libnds9.a(console.o)
 .ARM.attributes
                0x00000000000000e4       0x2b C:/devkitPro/libnds/lib\libnds9.a(keys.o)
 .ARM.attributes
                0x000000000000010f       0x2b C:/devkitPro/libnds/lib\libnds9.a(nand.twl.o)
 .ARM.attributes
                0x000000000000013a       0x2b C:/devkitPro/libnds/lib\libnds9.a(initSystem.o)
 .ARM.attributes
                0x0000000000000165       0x2b C:/devkitPro/libnds/lib\libnds9.a(securearea.o)
 .ARM.attributes
                0x0000000000000190       0x2b C:/devkitPro/libnds/lib\libnds9.a(interrupts.o)
 .ARM.attributes
                0x00000000000001bb       0x2b C:/devkitPro/libnds/lib\libnds9.a(libnds_exit.arm.o)
 .ARM.attributes
                0x00000000000001e6       0x2b C:/devkitPro/libnds/lib\libnds9.a(fifosystem.o)
 .ARM.attributes
                0x0000000000000211       0x1b C:/devkitPro/libnds/lib\libnds9.a(dcache.o)
 .ARM.attributes
                0x000000000000022c       0x21 C:/devkitPro/libnds/lib\libnds9.a(mpu_setup.o)
 .ARM.attributes
                0x000000000000024d       0x21 C:/devkitPro/libnds/lib\libnds9.a(IntrWait.o)
 .ARM.attributes
                0x000000000000026e       0x21 C:/devkitPro/libnds/lib\libnds9.a(cpu_clock.o)
 .ARM.attributes
                0x000000000000028f       0x1b C:/devkitPro/libnds/lib\libnds9.a(interruptDispatcher.o)
 .ARM.attributes
                0x00000000000002aa       0x1b C:/devkitPro/libnds/lib\libnds9.a(biosCalls.o)
 .ARM.attributes
                0x00000000000002c5       0x21 C:/devkitPro/libnds/lib\libnds9.a(swiSoftReset.o)
 .ARM.attributes
                0x00000000000002e6       0x14 C:/devkitPro/libnds/lib\libnds9.a(default_font.bin.o)
 .ARM.attributes
                0x00000000000002fa       0x2b C:/devkitPro/libnds/lib\libnds9.a(background.o)
 .ARM.attributes
                0x0000000000000325       0x2b C:/devkitPro/libnds/lib\libnds9.a(trig.o)
 .ARM.attributes
                0x0000000000000350       0x2b C:/devkitPro/libnds/lib\libnds9.a(video.o)
 .ARM.attributes
                0x000000000000037b       0x1c c:/devkitpro/devkitarm/bin/../lib/gcc/arm-none-eabi/12.2.0/thumb\libgcc.a(_divsi3.o)
 .ARM.attributes
                0x0000000000000397       0x1c c:/devkitpro/devkitarm/bin/../lib/gcc/arm-none-eabi/12.2.0/thumb\libgcc.a(_dvmd_tls.o)
 .ARM.attributes
                0x00000000000003b3       0x2a c:/devkitpro/devkitarm/bin/../lib/gcc/arm-none-eabi/12.2.0/../../../../arm-none-eabi/lib/thumb\libg.a(lib_a-exit.o)
 .ARM.attributes
                0x00000000000003dd       0x2a c:/devkitpro/devkitarm/bin/../lib/gcc/arm-none-eabi/12.2.0/../../../../arm-none-eabi/lib/thumb\libg.a(lib_a-impure.o)
 .ARM.attributes
                0x0000000000000407       0x2a c:/devkitpro/devkitarm/bin/../lib/gcc/arm-none-eabi/12.2.0/../../../../arm-none-eabi/lib/thumb\libg.a(lib_a-init.o)
 .ARM.attributes
                0x0000000000000431       0x2a c:/devkitpro/devkitarm/bin/../lib/gcc/arm-none-eabi/12.2.0/../../../../arm-none-eabi/lib/thumb\libg.a(lib_a-memcpy-stub.o)
 .ARM.attributes
                0x000000000000045b       0x2a c:/devkitpro/devkitarm/bin/../lib/gcc/arm-none-eabi/12.2.0/../../../../arm-none-eabi/lib/thumb\libg.a(lib_a-memset.o)
 .ARM.attributes
                0x0000000000000485       0x2a c:/devkitpro/devkitarm/bin/../lib/gcc/arm-none-eabi/12.2.0/../../../../arm-none-eabi/lib/thumb\libg.a(lib_a-printf.o)
 .ARM.attributes
                0x00000000000004af       0x2a c:/devkitpro/devkitarm/bin/../lib/gcc/arm-none-eabi/12.2.0/../../../../arm-none-eabi/lib/thumb\libg.a(lib_a-puts.o)
 .ARM.attributes