Archive member included to satisfy reference by file (symbol)

C:/msys64/opt/wonderful/thirdparty/blocksds/core/libs/libnds/lib\libnds7.a(camera.twl.c.o)
                              build/arm7/arm7/source/main.c.o (installCameraFIFO)
C:/msys64/opt/wonderful/thirdparty/blocksds/core/libs/libnds/lib\libnds7.a(camerai2c.twl.c.o)
                              C:/msys64/opt/wonderful/thirdparty/blocksds/core/libs/libnds/lib\libnds7.a(camera.twl.c.o) (aptI2cWrite)
C:/msys64/opt/wonderful/thirdparty/blocksds/core/libs/libnds/lib\libnds7.a(clock.c.o)
                              build/arm7/arm7/source/main.c.o (initClockIRQTimer)
C:/msys64/opt/wonderful/thirdparty/blocksds/core/libs/libnds/lib\libnds7.a(console_id.twl.c.o)
                              build/arm7/arm7/source/main.c.o (getConsoleID)
C:/msys64/opt/wonderful/thirdparty/blocksds/core/libs/libnds/lib\libnds7.a(i2c.twl.c.o)
                              C:/msys64/opt/wonderful/thirdparty/blocksds/core/libs/libnds/lib\libnds7.a(camerai2c.twl.c.o) (i2cDelay)
C:/msys64/opt/wonderful/thirdparty/blocksds/core/libs/libnds/lib\libnds7.a(input.c.o)
                              build/arm7/arm7/source/main.c.o (inputGetAndSend)
C:/msys64/opt/wonderful/thirdparty/blocksds/core/libs/libnds/lib\libnds7.a(crt0_device_list.c.o)
                              C:/msys64/opt/wonderful/thirdparty/blocksds/core/sys/crts/ds_arm7_crt0.o (check_device_list)
C:/msys64/opt/wonderful/thirdparty/blocksds/core/libs/libnds/lib\libnds7.a(spi.c.o)
                              build/arm7/arm7/source/main.c.o (ledBlink)
C:/msys64/opt/wonderful/thirdparty/blocksds/core/libs/libnds/lib\libnds7.a(system.c.o)
                              C:/msys64/opt/wonderful/thirdparty/blocksds/core/sys/crts/ds_arm7_crt0.o (__dsimode)
C:/msys64/opt/wonderful/thirdparty/blocksds/core/libs/libnds/lib\libnds7.a(systemShutDown.c.o)
                              C:/msys64/opt/wonderful/thirdparty/blocksds/core/libs/libnds/lib\libnds7.a(system.c.o) (systemShutDown)
C:/msys64/opt/wonderful/thirdparty/blocksds/core/libs/libnds/lib\libnds7.a(touch.c.o)
                              build/arm7/arm7/source/main.c.o (touchInit)
C:/msys64/opt/wonderful/thirdparty/blocksds/core/libs/libnds/lib\libnds7.a(touchFilter.c.o)
                              C:/msys64/opt/wonderful/thirdparty/blocksds/core/libs/libnds/lib\libnds7.a(input.c.o) (libnds_touchMeasurementFilter)
C:/msys64/opt/wonderful/thirdparty/blocksds/core/libs/libnds/lib\libnds7.a(tsc.c.o)
                              C:/msys64/opt/wonderful/thirdparty/blocksds/core/libs/libnds/lib\libnds7.a(touch.c.o) (tscTouchReadData)
C:/msys64/opt/wonderful/thirdparty/blocksds/core/libs/libnds/lib\libnds7.a(userSettings.c.o)
                              build/arm7/arm7/source/main.c.o (readUserSettings)
C:/msys64/opt/wonderful/thirdparty/blocksds/core/libs/libnds/lib\libnds7.a(threads.c.o)
                              C:/msys64/opt/wonderful/thirdparty/blocksds/core/sys/crts/ds_arm7_crt0.o (init_tls)
C:/msys64/opt/wonderful/thirdparty/blocksds/core/libs/libnds/lib\libnds7.a(exceptions.c.o)
                              C:/msys64/opt/wonderful/thirdparty/blocksds/core/libs/libnds/lib\libnds7.a(threads.c.o) (libndsCrash)
C:/msys64/opt/wonderful/thirdparty/blocksds/core/libs/libnds/lib\libnds7.a(fifosystem.c.o)
                              build/arm7/arm7/source/main.c.o (fifoSendValue32)
C:/msys64/opt/wonderful/thirdparty/blocksds/core/libs/libnds/lib\libnds7.a(interrupts.c.o)
                              build/arm7/arm7/source/main.c.o (setPowerButtonCB)
C:/msys64/opt/wonderful/thirdparty/blocksds/core/libs/libnds/lib\libnds7.a(exit.c.o)
                              C:/msys64/opt/wonderful/thirdparty/blocksds/core/sys/crts/ds_arm7_crt0.o (__libnds_exit)
C:/msys64/opt/wonderful/thirdparty/blocksds/core/libs/libnds/lib\libnds7.a(locks.c.o)
                              C:/msys64/opt/wonderful/thirdparty/blocksds/core/libs/libnds/lib\libnds7.a(threads.c.o) (__retarget_lock_acquire)
C:/msys64/opt/wonderful/thirdparty/blocksds/core/libs/libnds/lib\libnds7.a(sbrk.c.o)
                              C:/msys64/opt/wonderful/thirdparty/blocksds/core/sys/crts/ds_arm7_crt0.o (fake_heap_start)
C:/msys64/opt/wonderful/thirdparty/blocksds/core/libs/libnds/lib\libnds7.a(coroutine.c.o)
                              C:/msys64/opt/wonderful/thirdparty/blocksds/core/libs/libnds/lib\libnds7.a(threads.c.o) (__ndsabi_coro_make_noctx)
C:/msys64/opt/wonderful/thirdparty/blocksds/core/libs/libnds/lib\libnds7.a(swiIntrWait.c.o)
                              C:/msys64/opt/wonderful/thirdparty/blocksds/core/libs/libnds/lib\libnds7.a(threads.c.o) (swiIntrWait)
C:/msys64/opt/wonderful/thirdparty/blocksds/core/libs/libnds/lib\libnds7.a(timers.c.o)
                              C:/msys64/opt/wonderful/thirdparty/blocksds/core/libs/libnds/lib\libnds7.a(clock.c.o) (timerStart)
C:/msys64/opt/wonderful/thirdparty/blocksds/core/libs/libnds/lib\libnds7.a(aeabi_read_tp.s.o)
[...]
Memory Configuration

Name             Origin             Length             Attributes
ewram            0x02380000         0x00b80000
iwram            0x037f8000         0x00018000
twl_ewram        0x02e80000         0x00070000
twl_iwram        0x03000000         0x00040000
*default*        0x00000000         0xffffffff

Linker script and memory map

                0x00008000                        PROVIDE (__shared_wram_size = 0x8000)
                0x00000001                        ASSERT (((__shared_wram_size == 0x0) || (__shared_wram_size == 0x8000)), ARM7 shared WRAM size must be 0 KB or 32 KB)
                0x00000040                        PROVIDE (__iwram_reserved_size = 0x40)
                0x00000001                        ASSERT (((__iwram_reserved_size & 0x3) == 0x0), __iwram_reserved_size must be a multiple of 4)
                0x00000100                        PROVIDE (__svc_stack_size = 0x100)
                0x00000001                        ASSERT (((__svc_stack_size & 0x3) == 0x0), __svc_stack_size must be a multiple of 4)
                0x00000100                        PROVIDE (__irq_stack_size = 0x100)
                0x00000001                        ASSERT (((__irq_stack_size & 0x3) == 0x0), __irq_stack_size must be a multiple of 4)
                0x037f8000                        __iwram_start = ORIGIN (iwram)
                0x03810000                        __iwram_top = (ORIGIN (iwram) + LENGTH (iwram))
                0x0380ffc0                        __sp_irq = (__iwram_top - __iwram_reserved_size)
                0x0380fec0                        __sp_svc = (__sp_irq - __irq_stack_size)
                0x0380fdc0                        __sp_usr = (__sp_svc - __svc_stack_size)
                0x03fffff8                        __irq_flags = 0x3fffff8
                0x03ffffc0                        __irq_flagsaux = 0x3ffffc0
                0x03fffffc                        __irq_vector = 0x3fffffc

.twl            0x03000000     0x1db4 load address 0x02e80000
                0x02e80000                        __arm7i_lma__ = LOADADDR (.twl)
                0x03000000                        __arm7i_start__ = .
 *(.twl)
 *(.twl.text .twl.text.*)
 .twl.text.check_device_list_internal
                0x03000000       0xdc C:/msys64/opt/wonderful/thirdparty/blocksds/core/libs/libnds/lib\libnds7.a(crt0_device_list.c.o)
 .twl.text.i2cIRQHandler
                0x030000dc       0x38 C:/msys64/opt/wonderful/thirdparty/blocksds/core/libs/libnds/lib\libnds7.a(interrupts.c.o)
                0x030000dc                i2cIRQHandler
 .twl.text.irqInitAUX
                0x03000114       0x18 C:/msys64/opt/wonderful/thirdparty/blocksds/core/libs/libnds/lib\libnds7.a(interrupts.c.o)
                0x03000114                irqInitAUX
 .twl.text.irqSetAUX
                0x0300012c       0x24 C:/msys64/opt/wonderful/thirdparty/blocksds/core/libs/libnds/lib\libnds7.a(interrupts.c.o)
                0x0300012c                irqSetAUX
 .twl.text.irqEnableAUX
                0x03000150       0x24 C:/msys64/opt/wonderful/thirdparty/blocksds/core/libs/libnds/lib\libnds7.a(interrupts.c.o)
                0x03000150                irqEnableAUX
 *(.twl.rodata .twl.rodata.*)
 *(.twl.data .twl.data.*)
 *.twl*(.text .stub .text.* .gnu.linkonce.t.*)
 .text.aptI2cWaitClearBits
                0x03000174       0x1a C:/msys64/opt/wonderful/thirdparty/blocksds/core/libs/libnds/lib\libnds7.a(camera.twl.c.o)
                0x03000174                aptI2cWaitClearBits
 .text.aptI2cWaitSetBits
                0x0300018e       0x1c C:/msys64/opt/wonderful/thirdparty/blocksds/core/libs/libnds/lib\libnds7.a(camera.twl.c.o)
                0x0300018e                aptI2cWaitSetBits
 .text.aptI2cClearBits
                0x030001aa       0x20 C:/msys64/opt/wonderful/thirdparty/blocksds/core/libs/libnds/lib\libnds7.a(camera.twl.c.o)
                0x030001aa                aptI2cClearBits
 .text.aptI2cSetBits
                0x030001ca       0x20 C:/msys64/opt/wonderful/thirdparty/blocksds/core/libs/libnds/lib\libnds7.a(camera.twl.c.o)
                0x030001ca                aptI2cSetBits
 *fill*         0x030001ea        0x2 
 .text.aptMcuRead
                0x030001ec       0x20 C:/msys64/opt/wonderful/thirdparty/blocksds/core/libs/libnds/lib\libnds7.a(camera.twl.c.o)
                0x030001ec                aptMcuRead
 .text.aptMcuWrite
                0x0300020c       0x24 C:/msys64/opt/wonderful/thirdparty/blocksds/core/libs/libnds/lib\libnds7.a(camera.twl.c.o)
                0x0300020c                aptMcuWrite
 .text.cameraDataHandler
                0x03000230       0x74 C:/msys64/opt/wonderful/thirdparty/blocksds/core/libs/libnds/lib\libnds7.a(camera.twl.c.o)
                0x03000230                cameraDataHandler
 .text.aptMcuWaitClearBits
                0x030002a4       0x1a C:/msys64/opt/wonderful/thirdparty/blocksds/core/libs/libnds/lib\libnds7.a(camera.twl.c.o)
                0x030002a4                aptMcuWaitClearBits
 .text.aptMcuSetBits
                0x030002be       0x20 C:/msys64/opt/wonderful/thirdparty/blocksds/core/libs/libnds/lib\libnds7.a(camera.twl.c.o)
                0x030002be                aptMcuSetBits
 *fill*         0x030002de        0x2 
 .text.aptCameraSeqCmd
                0x030002e0       0x20 C:/msys64/opt/wonderful/thirdparty/blocksds/core/libs/libnds/lib\libnds7.a(camera.twl.c.o)
                0x030002e0                aptCameraSeqCmd
 .text.aptCameraInit
                0x03000300      0x31c C:/msys64/opt/wonderful/thirdparty/blocksds/core/libs/libnds/lib\libnds7.a(camera.twl.c.o)
                0x03000300                aptCameraInit
 .text.aptCameraActivate
                0x0300061c       0x4c C:/msys64/opt/wonderful/thirdparty/blocksds/core/libs/libnds/lib\libnds7.a(camera.twl.c.o)
                0x0300061c                aptCameraActivate
 .text.aptCameraDeactivate
                0x03000668       0x4c C:/msys64/opt/wonderful/thirdparty/blocksds/core/libs/libnds/lib\libnds7.a(camera.twl.c.o)
                0x03000668                aptCameraDeactivate
 .text.cameraCommandHandler
                0x030006b4       0x84 C:/msys64/opt/wonderful/thirdparty/blocksds/core/libs/libnds/lib\libnds7.a(camera.twl.c.o)
                0x030006b4                cameraCommandHandler
 .text.installCameraFIFO
                0x03000738       0x24 C:/msys64/opt/wonderful/thirdparty/blocksds/core/libs/libnds/lib\libnds7.a(camera.twl.c.o)
                0x03000738                installCameraFIFO
 .text.i2cWaitBusy
                0x0300075c       0x10 C:/msys64/opt/wonderful/thirdparty/blocksds/core/libs/libnds/lib\libnds7.a(camerai2c.twl.c.o)
 .text.aptSelectDevice
                0x0300076c       0x2c C:/msys64/opt/wonderful/thirdparty/blocksds/core/libs/libnds/lib\libnds7.a(camerai2c.twl.c.o)
                0x0300076c                aptSelectDevice
 .text.aptSelectRegister
                0x03000798       0x2c C:/msys64/opt/wonderful/thirdparty/blocksds/core/libs/libnds/lib\libnds7.a(camerai2c.twl.c.o)
                0x03000798                aptSelectRegister
 .text.aptI2cWrite
                0x030007c4       0x7c C:/msys64/opt/wonderful/thirdparty/blocksds/core/libs/libnds/lib\libnds7.a(camerai2c.twl.c.o)
                0x030007c4                aptI2cWrite
 .text.aptI2cRead
                0x03000840       0x80 C:/msys64/opt/wonderful/thirdparty/blocksds/core/libs/libnds/lib\libnds7.a(camerai2c.twl.c.o)
                0x03000840                aptI2cRead
 .text.computeAes
                0x030008c0       0x48 C:/msys64/opt/wonderful/thirdparty/blocksds/core/libs/libnds/lib\libnds7.a(console_id.twl.c.o)
 .text.getConsoleID
                0x03000908       0xb4 C:/msys64/opt/wonderful/thirdparty/blocksds/core/libs/libnds/lib\libnds7.a(console_id.twl.c.o)
                0x03000908                getConsoleID
 .text.i2cWaitBusy
                0x030009bc       0x10 C:/msys64/opt/wonderful/thirdparty/blocksds/core/libs/libnds/lib\libnds7.a(i2c.twl.c.o)
 .text.i2cDelay
                0x030009cc       0x18 C:/msys64/opt/wonderful/thirdparty/blocksds/core/libs/libnds/lib\libnds7.a(i2c.twl.c.o)
                0x030009cc                i2cDelay
 .text.i2cStop  0x030009e4       0x34 C:/msys64/opt/wonderful/thirdparty/blocksds/core/libs/libnds/lib\libnds7.a(i2c.twl.c.o)
                0x030009e4                i2cStop
 .text.i2cGetResult
                0x03000a18       0x18 C:/msys64/opt/wonderful/thirdparty/blocksds/core/libs/libnds/lib\libnds7.a(i2c.twl.c.o)
                0x03000a18                i2cGetResult
 .text.i2cSetDelay
                0x03000a30       0x20 C:/msys64/opt/wonderful/thirdparty/blocksds/core/libs/libnds/lib\libnds7.a(i2c.twl.c.o)
                0x03000a30                i2cSetDelay
 .text.i2cSelectDevice
                0x03000a50       0x24 C:/msys64/opt/wonderful/thirdparty/blocksds/core/libs/libnds/lib\libnds7.a(i2c.twl.c.o)
                0x03000a50                i2cSelectDevice
 .text.i2cSelectRegister
                0x03000a74       0x24 C:/msys64/opt/wonderful/thirdparty/blocksds/core/libs/libnds/lib\libnds7.a(i2c.twl.c.o)
                0x03000a74                i2cSelectRegister
 .text.i2cWriteRegister
                0x03000a98       0x54 C:/msys64/opt/wonderful/thirdparty/blocksds/core/libs/libnds/lib\libnds7.a(i2c.twl.c.o)
                0x03000a98                i2cWriteRegister
 .text.i2cReadRegister
                0x03000aec       0x60 C:/msys64/opt/wonderful/thirdparty/blocksds/core/libs/libnds/lib\libnds7.a(i2c.twl.c.o)
                0x03000aec                i2cReadRegister
 .text.writeTSC
                0x03000b4c       0x34 C:/msys64/opt/wonderful/thirdparty/blocksds/core/libs/libnds/lib\libnds7.a(codec.twl.c.o)
 .text.bankSwitchTSC
                0x03000b80       0x28 C:/msys64/opt/wonderful/thirdparty/blocksds/core/libs/libnds/lib\libnds7.a(codec.twl.c.o)
 .text.cdcReadReg
                0x03000ba8       0x38 C:/msys64/opt/wonderful/thirdparty/blocksds/core/libs/libnds/lib\libnds7.a(codec.twl.c.o)
                0x03000ba8                cdcReadReg
 .text.cdcReadRegArray
                0x03000be0       0x68 C:/msys64/opt/wonderful/thirdparty/blocksds/core/libs/libnds/lib\libnds7.a(codec.twl.c.o)
                0x03000be0                cdcReadRegArray
 .text.cdcWriteReg
                0x03000c48       0x18 C:/msys64/opt/wonderful/thirdparty/blocksds/core/libs/libnds/lib\libnds7.a(codec.twl.c.o)
                0x03000c48                cdcWriteReg
 .text.cdcWriteRegMask
                0x03000c60       0x50 C:/msys64/opt/wonderful/thirdparty/blocksds/core/libs/libnds/lib\libnds7.a(codec.twl.c.o)
                0x03000c60                cdcWriteRegMask
 .text.cdcTouchInit
                0x03000cb0       0x88 C:/msys64/opt/wonderful/thirdparty/blocksds/core/libs/libnds/lib\libnds7.a(codec.twl.c.o)
                0x03000cb0                cdcTouchInit
 .text.cdcTouchPenDown
                0x03000d38       0x2a C:/msys64/opt/wonderful/thirdparty/blocksds/core/libs/libnds/lib\libnds7.a(codec.twl.c.o)
                0x03000d38                cdcTouchPenDown
 *fill*         0x03000d62        0x2 
 .text.cdcTouchReadData
                0x03000d64       0x58 C:/msys64/opt/wonderful/thirdparty/blocksds/core/libs/libnds/lib\libnds7.a(codec.twl.c.o)
                0x03000d64                cdcTouchReadData
 .text.twlEnableSlot1
                0x03000dbc       0x54 C:/msys64/opt/wonderful/thirdparty/blocksds/core/libs/libnds/lib\libnds7.a(card.twl.c.o)
                0x03000dbc                twlEnableSlot1
 .text.twlDisableSlot1
                0x03000e10       0x48 C:/msys64/opt/wonderful/thirdparty/blocksds/core/libs/libnds/lib\libnds7.a(card.twl.c.o)
                0x03000e10                twlDisableSlot1
 .text.setupAesRegs
                0x03000e58       0x44 C:/msys64/opt/wonderful/thirdparty/blocksds/core/libs/libnds/lib\libnds7.a(storage_fifo.twl.c.o)
 .text.sector_crypt_callback
                0x03000e9c      0x150 C:/msys64/opt/wonderful/thirdparty/blocksds/core/libs/libnds/lib\libnds7.a(storage_fifo.twl.c.o)
 .text.sdmmcMsgHandler
                0x03000fec      0x234 C:/msys64/opt/wonderful/thirdparty/blocksds/core/libs/libnds/lib\libnds7.a(storage_fifo.twl.c.o)
                0x03000fec                sdmmcMsgHandler
 .text.sdmmcValueHandler
                0x03001220       0x5c C:/msys64/opt/wonderful/thirdparty/blocksds/core/libs/libnds/lib\libnds7.a(storage_fifo.twl.c.o)
                0x03001220                sdmmcValueHandler
 .text.tmio2Isr
                0x0300127c       0x1c C:/msys64/opt/wonderful/thirdparty/blocksds/core/libs/libnds/lib\libnds7.a(tmio.twl.c.o)
 .text.tmio1Isr
                0x03001298       0x48 C:/msys64/opt/wonderful/thirdparty/blocksds/core/libs/libnds/lib\libnds7.a(tmio.twl.c.o)
 .text.TMIO_initPort
                0x030012e0       0x10 C:/msys64/opt/wonderful/thirdparty/blocksds/core/libs/libnds/lib\libnds7.a(tmio.twl.c.o)
                0x030012e0                TMIO_initPort
 .text.TMIO_cardDetected
                0x030012f0       0x10 C:/msys64/opt/wonderful/thirdparty/blocksds/core/libs/libnds/lib\libnds7.a(tmio.twl.c.o)
                0x030012f0                TMIO_cardDetected
 .text.TMIO_init
                0x03001300       0xa8 C:/msys64/opt/wonderful/thirdparty/blocksds/core/libs/libnds/lib\libnds7.a(tmio.twl.c.o)
                0x03001300                TMIO_init
 .text.TMIO_cardWritable
                0x030013a8       0x10 C:/msys64/opt/wonderful/thirdparty/blocksds/core/libs/libnds/lib\libnds7.a(tmio.twl.c.o)
                0x030013a8                TMIO_cardWritable
 .text.TMIO_powerupSequence
                0x030013b8       0x3c C:/msys64/opt/wonderful/thirdparty/blocksds/core/libs/libnds/lib\libnds7.a(tmio.twl.c.o)
                0x030013b8                TMIO_powerupSequence
 .text.TMIO_sendCommand
                0x030013f4      0x228 C:/msys64/opt/wonderful/thirdparty/blocksds/core/libs/libnds/lib\libnds7.a(tmio.twl.c.o)
                0x030013f4                TMIO_sendCommand
 .text.nandCrypt_Initialized
                0x0300161c       0x20 C:/msys64/opt/wonderful/thirdparty/blocksds/core/libs/libnds/lib\libnds7.a(nand_crypto.twl.c.o)
                0x0300161c                nandCrypt_Initialized
 .text.nandCrypt_Init
                0x0300163c       0x40 C:/msys64/opt/wonderful/thirdparty/blocksds/core/libs/libnds/lib\libnds7.a(nand_crypto.twl.c.o)
                0x0300163c                nandCrypt_Init
 .text.nandCrypt_SetIV
                0x0300167c       0x34 C:/msys64/opt/wonderful/thirdparty/blocksds/core/libs/libnds/lib\libnds7.a(nand_crypto.twl.c.o)
                0x0300167c                nandCrypt_SetIV
 .text.extractBits
                0x030016b0       0x3c C:/msys64/opt/wonderful/thirdparty/blocksds/core/libs/libnds/lib\libnds7.a(sdmmc.twl.c.o)
 .text.sendAppCmd
                0x030016ec       0x28 C:/msys64/opt/wonderful/thirdparty/blocksds/core/libs/libnds/lib\libnds7.a(sdmmc.twl.c.o)
 .text.initTranState
                0x03001714       0x94 C:/msys64/opt/wonderful/thirdparty/blocksds/core/libs/libnds/lib\libnds7.a(sdmmc.twl.c.o)
 .text.updateStatus.isra.0
                0x030017a8       0x34 C:/msys64/opt/wonderful/thirdparty/blocksds/core/libs/libnds/lib\libnds7.a(sdmmc.twl.c.o)
 .text.SDMMC_init
                0x030017dc      0x2c0 C:/msys64/opt/wonderful/thirdparty/blocksds/core/libs/libnds/lib\libnds7.a(sdmmc.twl.c.o)
                0x030017dc                SDMMC_init
 .text.SDMMC_deinit
                0x03001a9c       0x28 C:/msys64/opt/wonderful/thirdparty/blocksds/core/libs/libnds/lib\libnds7.a(sdmmc.twl.c.o)
                0x03001a9c                SDMMC_deinit
 .text.SDMMC_getCid
                0x03001ac4       0x30 C:/msys64/opt/wonderful/thirdparty/blocksds/core/libs/libnds/lib\libnds7.a(sdmmc.twl.c.o)
                0x03001ac4                SDMMC_getCid
 .text.SDMMC_getCidRaw
                0x03001af4       0x3e C:/msys64/opt/wonderful/thirdparty/blocksds/core/libs/libnds/lib\libnds7.a(sdmmc.twl.c.o)
                0x03001af4                SDMMC_getCidRaw
 *fill*         0x03001b32        0x2 
 .text.SDMMC_getDiskStatus
                0x03001b34       0x40 C:/msys64/opt/wonderful/thirdparty/blocksds/core/libs/libnds/lib\libnds7.a(sdmmc.twl.c.o)
                0x03001b34                SDMMC_getDiskStatus
 .text.SDMMC_getSectors
                0x03001b74       0x18 C:/msys64/opt/wonderful/thirdparty/blocksds/core/libs/libnds/lib\libnds7.a(sdmmc.twl.c.o)
                0x03001b74                SDMMC_getSectors
 .text.SDMMC_readSectorsCrypt
                0x03001b8c       0x78 C:/msys64/opt/wonderful/thirdparty/blocksds/core/libs/libnds/lib\libnds7.a(sdmmc.twl.c.o)
                0x03001b8c                SDMMC_readSectorsCrypt
 .text.SDMMC_writeSectorsCrypt
                0x03001c04       0x84 C:/msys64/opt/wonderful/thirdparty/blocksds/core/libs/libnds/lib\libnds7.a(sdmmc.twl.c.o)
                0x03001c04                SDMMC_writeSectorsCrypt
 .text.swiSHA1CalcTWL
                0x03001c88        0x4 C:/msys64/opt/wonderful/thirdparty/blocksds/core/libs/libnds/lib\libnds7.a(biosCalls.twl.s.o)
                0x03001c88                swiSHA1CalcTWL
 *fill*         0x03001c8c        0x4 
 .text.swiSHA1CalcTWL.__stub
                0x03001c90      0x108 linker stubs
 *.twl*(.rodata)
 *.twl*(.roda)
 *.twl*(.rodata.*)
 .rodata.empty  0x03001da0       0x10 C:/msys64/opt/wonderful/thirdparty/blocksds/core/libs/libnds/lib\libnds7.a(nand_crypto.twl.c.o)
 *.twl*(.data)
 *.twl*(.data.*)
 .data.activeDevice
                0x03001db0        0x1 C:/msys64/opt/wonderful/thirdparty/blocksds/core/libs/libnds/lib\libnds7.a(camera.twl.c.o)
 .data.curBank.0
                0x03001db1        0x1 C:/msys64/opt/wonderful/thirdparty/blocksds/core/libs/libnds/lib\libnds7.a(codec.twl.c.o)
 *.twl*(.gnu.linkonce.d*)
                0x03001db4                        . = ALIGN (0x4)
 *fill*         0x03001db2        0x2 
                0x03001db4                        __arm7i_end__ = .

.twl_bss        0x03001db4       0xf0
                0x03001db4                        __twl_bss_start__ = .
 *(.twl_bss .twl_bss.*)
 .twl_bss.__powerbuttonCB
                0x03001db4        0x4 C:/msys64/opt/wonderful/thirdparty/blocksds/core/libs/libnds/lib\libnds7.a(interrupts.c.o)
 .twl_bss.source/common/interrupts.c.25
                0x03001db8       0x3c C:/msys64/opt/wonderful/thirdparty/blocksds/core/libs/libnds/lib\libnds7.a(interrupts.c.o)
                0x03001db8                irqTableAUX
 *(.twl.bss .twl.bss.*)
 *.twl.*(.dynbss)
 *.twl.*(.gnu.linkonce.b*)
 *.twl.*(.bss*)
 .bss.i2cCurrentDelay
                0x03001df4        0x4 C:/msys64/opt/wonderful/thirdparty/blocksds/core/libs/libnds/lib\libnds7.a(i2c.twl.c.o)
 .bss.startingSector
                0x03001df8        0x4 C:/msys64/opt/wonderful/thirdparty/blocksds/core/libs/libnds/lib\libnds7.a(storage_fifo.twl.c.o)
 .bss.remainingSectors
                0x03001dfc        0x4 C:/msys64/opt/wonderful/thirdparty/blocksds/core/libs/libnds/lib\libnds7.a(storage_fifo.twl.c.o)
 .bss.g_sd_inserted
                0x03001e00        0x1 C:/msys64/opt/wonderful/thirdparty/blocksds/core/libs/libnds/lib\libnds7.a(tmio.twl.c.o)
 *fill*         0x03001e01        0x3 
 .bss.g_status  0x03001e04        0x8 C:/msys64/opt/wonderful/thirdparty/blocksds/core/libs/libnds/lib\libnds7.a(tmio.twl.c.o)
 .bss.nand_ctr_iv
                0x03001e0c       0x10 C:/msys64/opt/wonderful/thirdparty/blocksds/core/libs/libnds/lib\libnds7.a(nand_crypto.twl.c.o)
 .bss.g_devs    0x03001e1c       0x88 C:/msys64/opt/wonderful/thirdparty/blocksds/core/libs/libnds/lib\libnds7.a(sdmmc.twl.c.o)
 *.twl.*(COMMON)
                0x03001ea4                        . = ALIGN (0x4)
                0x03001ea4                        __twl_bss_end__ = .

.twl_noinit     0x03001ea4        0x0
                0x03001ea4                        __twl_noinit_start__ = ABSOLUTE (.)
 *(.twl_noinit .twl_noinit.*)
 *(.twl.noinit .twl.noinit.*)
 *.twl*(.noinit)
 *.twl*(.noinit.*)
 *.twl*(.gnu.linkonce.n.*)
                0x03001ea4                        . = ALIGN (0x4)
                0x03001ea4                        __twl_noinit_end__ = ABSOLUTE (.)
                0x03001ea4                        __twl_end__ = ABSOLUTE (.)

.crt0           0x02380000      0x220
 *(.crt0)
 .crt0          0x02380000      0x20c C:/msys64/opt/wonderful/thirdparty/blocksds/core/sys/crts/ds_arm7_crt0.o
                0x02380000                _start
 *fill*         0x0238020c        0x4 
 .crt0.__stub   0x02380210        0xc linker stubs
                0x0238021c                        . = ALIGN (0x4)

.text           0x037f8000     0x2698 load address 0x02380220
                0x02380220                        __arm7_lma__ = LOADADDR (.text)
                0x037f8000                        __arm7_start__ = .
 *(SORT_NONE(.init))
 .init          0x037f8000        0x8 C:/msys64/opt/wonderful/toolchain/gcc-arm-none-eabi/lib/gcc/arm-none-eabi/16.1.1/thumb/arm7tdmi/crtn.o
 *(.plt)
 *(.text .stub .text.* .gnu.linkonce.t.*)
 .text.power_button_callback
                0x037f8008        0xc build/arm7/arm7/source/main.c.o
                0x037f8008                power_button_callback
 .text.vblank_handler
                0x037f8014        0xc build/arm7/arm7/source/main.c.o
                0x037f8014                vblank_handler
 .text.startup.main
                0x037f8020       0x98 build/arm7/arm7/source/main.c.o
                0x037f8020                main
 .text.syncRTC  0x037f80b8       0x34 C:/msys64/opt/wonderful/thirdparty/blocksds/core/libs/libnds/lib\libnds7.a(clock.c.o)
 .text.BCDToInteger
                0x037f80ec       0x22 C:/msys64/opt/wonderful/thirdparty/blocksds/core/libs/libnds/lib\libnds7.a(clock.c.o)
                0x037f80ec                BCDToInteger
 *fill*         0x037f810e        0x2 
 .text.rtcTransaction
                0x037f8110       0xcc C:/msys64/opt/wonderful/thirdparty/blocksds/core/libs/libnds/lib\libnds7.a(clock.c.o)
                0x037f8110                rtcTransaction
 .text.rtcReset
                0x037f81dc       0x3a C:/msys64/opt/wonderful/thirdparty/blocksds/core/libs/libnds/lib\libnds7.a(clock.c.o)
                0x037f81dc                rtcReset
 .text.rtcTimeAndDateGet
                0x037f8216       0x70 C:/msys64/opt/wonderful/thirdparty/blocksds/core/libs/libnds/lib\libnds7.a(clock.c.o)
                0x037f8216                rtcTimeAndDateGet
 *fill*         0x037f8286        0x2 
 .text.resyncClock
                0x037f8288       0xec C:/msys64/opt/wonderful/thirdparty/blocksds/core/libs/libnds/lib\libnds7.a(clock.c.o)
                0x037f8288                resyncClock
 .text.initClockIRQTimer
                0x037f8374       0x28 C:/msys64/opt/wonderful/thirdparty/blocksds/core/libs/libnds/lib\libnds7.a(clock.c.o)
                0x037f8374                initClockIRQTimer
 .text.inputGetAndSend
                0x037f839c      0x188 C:/msys64/opt/wonderful/thirdparty/blocksds/core/libs/libnds/lib\libnds7.a(input.c.o)
                0x037f839c                inputGetAndSend
 .text.check_device_list
                0x037f8524       0x18 C:/msys64/opt/wonderful/thirdparty/blocksds/core/libs/libnds/lib\libnds7.a(crt0_device_list.c.o)
                0x037f8524                check_device_list
 .text.spiWaitBusy
                0x037f853c       0x10 C:/msys64/opt/wonderful/thirdparty/blocksds/core/libs/libnds/lib\libnds7.a(spi.c.o)
                0x037f853c                spiWaitBusy
 .text.spiExchange
                0x037f854c       0x1c C:/msys64/opt/wonderful/thirdparty/blocksds/core/libs/libnds/lib\libnds7.a(spi.c.o)
                0x037f854c                spiExchange
 .text.spiWrite
                0x037f8568       0x14 C:/msys64/opt/wonderful/thirdparty/blocksds/core/libs/libnds/lib\libnds7.a(spi.c.o)
                0x037f8568                spiWrite
 .text.spiRead  0x037f857c       0x1c C:/msys64/opt/wonderful/thirdparty/blocksds/core/libs/libnds/lib\libnds7.a(spi.c.o)
                0x037f857c                spiRead
 .text.writePowerManagement
                0x037f8598       0x5c C:/msys64/opt/wonderful/thirdparty/blocksds/core/libs/libnds/lib\libnds7.a(spi.c.o)
                0x037f8598                writePowerManagement
 .text.ledBlink
                0x037f85f4       0x22 C:/msys64/opt/wonderful/thirdparty/blocksds/core/libs/libnds/lib\libnds7.a(spi.c.o)
                0x037f85f4                ledBlink
 .text.readPowerManagement
                0x037f8616       0x12 C:/msys64/opt/wonderful/thirdparty/blocksds/core/libs/libnds/lib\libnds7.a(system.c.o)
 .text.systemMsgHandler
                0x037f8628       0x24 C:/msys64/opt/wonderful/thirdparty/blocksds/core/libs/libnds/lib\libnds7.a(system.c.o)
                0x037f8628                systemMsgHandler
 .text.enableSlot1
                0x037f864c       0x18 C:/msys64/opt/wonderful/thirdparty/blocksds/core/libs/libnds/lib\libnds7.a(system.c.o)
                0x037f864c                enableSlot1
 .text.disableSlot1
                0x037f8664       0x18 C:/msys64/opt/wonderful/thirdparty/blocksds/core/libs/libnds/lib\libnds7.a(system.c.o)
                0x037f8664                disableSlot1
 .text.getBatteryLevel
                0x037f867c       0x44 C:/msys64/opt/wonderful/thirdparty/blocksds/core/libs/libnds/lib\libnds7.a(system.c.o)
                0x037f867c                getBatteryLevel
 .text.systemSetBacklightLevel
                0x037f86c0       0x88 C:/msys64/opt/wonderful/thirdparty/blocksds/core/libs/libnds/lib\libnds7.a(system.c.o)
                0x037f86c0                systemSetBacklightLevel
 .text.powerValueHandler
                0x037f8748      0x130 C:/msys64/opt/wonderful/thirdparty/blocksds/core/libs/libnds/lib\libnds7.a(system.c.o)
                0x037f8748                powerValueHandler
 .text.systemSleep
                0x037f8878       0x20 C:/msys64/opt/wonderful/thirdparty/blocksds/core/libs/libnds/lib\libnds7.a(system.c.o)
                0x037f8878                systemSleep
 .text.installSystemFIFO
                0x037f8898       0x50 C:/msys64/opt/wonderful/thirdparty/blocksds/core/libs/libnds/lib\libnds7.a(system.c.o)
                0x037f8898                installSystemFIFO
 .text.systemShutDown
                0x037f88e8       0x10 C:/msys64/opt/wonderful/thirdparty/blocksds/core/libs/libnds/lib\libnds7.a(systemShutDown.c.o)
                0x037f88e8                systemShutDown
 .text.systemReboot
                0x037f88f8       0x30 C:/msys64/opt/wonderful/thirdparty/blocksds/core/libs/libnds/lib\libnds7.a(systemShutDown.c.o)
                0x037f88f8                systemReboot
 .text.cdcIsAvailable
                0x037f8928       0x20 C:/msys64/opt/wonderful/thirdparty/blocksds/core/libs/libnds/lib\libnds7.a(touch.c.o)
 .text.touchInit
                0x037f8948       0xdc C:/msys64/opt/wonderful/thirdparty/blocksds/core/libs/libnds/lib\libnds7.a(touch.c.o)
                0x037f8948                touchInit
 .text.touchApplyCalibration
                0x037f8a24       0x64 C:/msys64/opt/wonderful/thirdparty/blocksds/core/libs/libnds/lib\libnds7.a(touch.c.o)
                0x037f8a24                touchApplyCalibration
 .text.touchPenDown
                0x037f8a88       0x34 C:/msys64/opt/wonderful/thirdparty/blocksds/core/libs/libnds/lib\libnds7.a(touch.c.o)
                0x037f8a88                touchPenDown
 .text.touchReadData
                0x037f8abc       0x20 C:/msys64/opt/wonderful/thirdparty/blocksds/core/libs/libnds/lib\libnds7.a(touch.c.o)
                0x037f8abc                touchReadData
 .text.libnds_touchMeasurementFilter
                0x037f8adc       0xe4 C:/msys64/opt/wonderful/thirdparty/blocksds/core/libs/libnds/lib\libnds7.a(touchFilter.c.o)
                0x037f8adc                libnds_touchMeasurementFilter
 .text.__tscReadToBuffer
                0x037f8bc0       0x68 C:/msys64/opt/wonderful/thirdparty/blocksds/core/libs/libnds/lib\libnds7.a(tsc.c.o)
 .text.__tscMeasureFiveSkipFirst
                0x037f8c28       0x38 C:/msys64/opt/wonderful/thirdparty/blocksds/core/libs/libnds/lib\libnds7.a(tsc.c.o)
 .text.tscTouchReadData
                0x037f8c60       0x6c C:/msys64/opt/wonderful/thirdparty/blocksds/core/libs/libnds/lib\libnds7.a(tsc.c.o)
                0x037f8c60                tscTouchReadData
 .text.readUserSettings
                0x037f8ccc       0xb0 C:/msys64/opt/wonderful/thirdparty/blocksds/core/libs/libnds/lib\libnds7.a(userSettings.c.o)
                0x037f8ccc                readUserSettings
 .text.init_tls
                0x037f8d7c       0x2c C:/msys64/opt/wonderful/thirdparty/blocksds/core/libs/libnds/lib\libnds7.a(threads.c.o)
                0x037f8d7c                init_tls
 .text.libndsCrash
                0x037f8da8        0xc C:/msys64/opt/wonderful/thirdparty/blocksds/core/libs/libnds/lib\libnds7.a(exceptions.c.o)
                0x037f8da8                libndsCrash
 .text.fifo_buffer_alloc_block
                0x037f8db4       0x48 C:/msys64/opt/wonderful/thirdparty/blocksds/core/libs/libnds/lib\libnds7.a(fifosystem.c.o)
 .text.fifo_buffer_free_block
                0x037f8dfc       0x44 C:/msys64/opt/wonderful/thirdparty/blocksds/core/libs/libnds/lib\libnds7.a(fifosystem.c.o)
 .text.fifoFillTxFifoFromBuffer
                0x037f8e40       0x70 C:/msys64/opt/wonderful/thirdparty/blocksds/core/libs/libnds/lib\libnds7.a(fifosystem.c.o)
 .text.fifoInternalSendInterrupt
                0x037f8eb0        0xc C:/msys64/opt/wonderful/thirdparty/blocksds/core/libs/libnds/lib\libnds7.a(fifosystem.c.o)
 .text.fifo_buffer_wait_block
                0x037f8ebc       0x40 C:/msys64/opt/wonderful/thirdparty/blocksds/core/libs/libnds/lib\libnds7.a(fifosystem.c.o)
 .text.fifoInternalSend
                0x037f8efc       0xe8 C:/msys64/opt/wonderful/thirdparty/blocksds/core/libs/libnds/lib\libnds7.a(fifosystem.c.o)
 .text.fifo_queue_append_block
                0x037f8fe4       0x3c C:/msys64/opt/wonderful/thirdparty/blocksds/core/libs/libnds/lib\libnds7.a(fifosystem.c.o)
 .text.fifoSendSpecialCommand
                0x037f9020       0x1a C:/msys64/opt/wonderful/thirdparty/blocksds/core/libs/libnds/lib\libnds7.a(fifosystem.c.o)
                0x037f9020                fifoSendSpecialCommand
 *fill*         0x037f903a        0x2 
 .text.fifoSendValue32
                0x037f903c       0x3c C:/msys64/opt/wonderful/thirdparty/blocksds/core/libs/libnds/lib\libnds7.a(fifosystem.c.o)
                0x037f903c                fifoSendValue32
 .text.fifoSendDatamsg
                0x037f9078       0x70 C:/msys64/opt/wonderful/thirdparty/blocksds/core/libs/libnds/lib\libnds7.a(fifosystem.c.o)
                0x037f9078                fifoSendDatamsg
 .text.fifoGetDatamsg
                0x037f90e8       0xcc C:/msys64/opt/wonderful/thirdparty/blocksds/core/libs/libnds/lib\libnds7.a(fifosystem.c.o)
                0x037f90e8                fifoGetDatamsg
 .text.fifoReadRxFifoAndProcessBuffer
                0x037f91b4      0x2b4 C:/msys64/opt/wonderful/thirdparty/blocksds/core/libs/libnds/lib\libnds7.a(fifosystem.c.o)
 .text.fifoGetValue32
                0x037f9468       0x70 C:/msys64/opt/wonderful/thirdparty/blocksds/core/libs/libnds/lib\libnds7.a(fifosystem.c.o)
                0x037f9468                fifoGetValue32
 .text.fifoInternalRecvInterrupt
                0x037f94d8        0xc C:/msys64/opt/wonderful/thirdparty/blocksds/core/libs/libnds/lib\libnds7.a(fifosystem.c.o)
 .text.fifoCheckDatamsg
                0x037f94e4       0x38 C:/msys64/opt/wonderful/thirdparty/blocksds/core/libs/libnds/lib\libnds7.a(fifosystem.c.o)
                0x037f94e4                fifoCheckDatamsg
 .text.fifoSetDatamsgHandler
                0x037f951c       0x9c C:/msys64/opt/wonderful/thirdparty/blocksds/core/libs/libnds/lib\libnds7.a(fifosystem.c.o)
                0x037f951c                fifoSetDatamsgHandler
 .text.fifoCheckValue32
                0x037f95b8       0x38 C:/msys64/opt/wonderful/thirdparty/blocksds/core/libs/libnds/lib\libnds7.a(fifosystem.c.o)
                0x037f95b8                fifoCheckValue32
 .text.fifoSetValue32Handler
                0x037f95f0       0x5c C:/msys64/opt/wonderful/thirdparty/blocksds/core/libs/libnds/lib\libnds7.a(fifosystem.c.o)
                0x037f95f0                fifoSetValue32Handler
 .text.fifoInit
                0x037f964c      0x148 C:/msys64/opt/wonderful/thirdparty/blocksds/core/libs/libnds/lib\libnds7.a(fifosystem.c.o)
                0x037f964c                fifoInit
 .text.__irqSet
                0x037f9794       0x32 C:/msys64/opt/wonderful/thirdparty/blocksds/core/libs/libnds/lib\libnds7.a(interrupts.c.o)
 *fill*         0x037f97c6        0x2 
 .text.setPowerButtonCB
                0x037f97c8       0x1c C:/msys64/opt/wonderful/thirdparty/blocksds/core/libs/libnds/lib\libnds7.a(interrupts.c.o)
                0x037f97c8                setPowerButtonCB
 .text.irqSet   0x037f97e4       0x58 C:/msys64/opt/wonderful/thirdparty/blocksds/core/libs/libnds/lib\libnds7.a(interrupts.c.o)
                0x037f97e4                irqSet
 .text.irqInitHandler
                0x037f983c       0x44 C:/msys64/opt/wonderful/thirdparty/blocksds/core/libs/libnds/lib\libnds7.a(interrupts.c.o)
                0x037f983c                irqInitHandler
 .text.irqEnable
                0x037f9880       0x64 C:/msys64/opt/wonderful/thirdparty/blocksds/core/libs/libnds/lib\libnds7.a(interrupts.c.o)
                0x037f9880                irqEnable
 .text.irqInit  0x037f98e4       0x50 C:/msys64/opt/wonderful/thirdparty/blocksds/core/libs/libnds/lib\libnds7.a(interrupts.c.o)
                0x037f98e4                irqInit
 .text.systemErrorExit
                0x037f9934        0x4 C:/msys64/opt/wonderful/thirdparty/blocksds/core/libs/libnds/lib\libnds7.a(exit.c.o)
                0x037f9934                systemErrorExit
 .text.__libnds_exit
                0x037f9938        0x8 C:/msys64/opt/wonderful/thirdparty/blocksds/core/libs/libnds/lib\libnds7.a(exit.c.o)
                0x037f9938                __libnds_exit
 .text._exit    0x037f9940       0x70 C:/msys64/opt/wonderful/thirdparty/blocksds/core/libs/libnds/lib\libnds7.a(exit.c.o)
                0x037f9940                _exit
 .text.swiIntrWait
                0x037f99b0       0x78 C:/msys64/opt/wonderful/thirdparty/blocksds/core/libs/libnds/lib\libnds7.a(swiIntrWait.c.o)
                0x037f99b0                swiIntrWait
 .text.swiWaitForVBlank
                0x037f9a28        0xc C:/msys64/opt/wonderful/thirdparty/blocksds/core/libs/libnds/lib\libnds7.a(swiIntrWait.c.o)
                0x037f9a28                swiWaitForVBlank
 .text.timerStart
                0x037f9a34       0x48 C:/msys64/opt/wonderful/thirdparty/blocksds/core/libs/libnds/lib\libnds7.a(timers.c.o)
                0x037f9a34                timerStart
 .text.IntrMain
                0x037f9a7c      0x164 C:/msys64/opt/wonderful/thirdparty/blocksds/core/libs/libnds/lib\libnds7.a(interruptDispatcher.s.o)
                0x037f9a7c                IntrMain
                0x037f9bdc                irq_nesting_level
 .text.__aeabi_memcpy
                0x037f9be0       0xc8 C:/msys64/opt/wonderful/thirdparty/blocksds/core/libs/libnds/lib\libnds7.a(memcpy.s.o)
                0x037f9be0                __aeabi_memcpy
                0x037f9c18                __aeabi_memcpy4
                0x037f9c18                __aeabi_memcpy8
                0x037f9c84                __ndsabi_memcpy2
 .text.__ndsabi_memcpy1
                0x037f9ca8       0x14 C:/msys64/opt/wonderful/thirdparty/blocksds/core/libs/libnds/lib\libnds7.a(memcpy.s.o)
                0x037f9ca8                __ndsabi_memcpy1
 .text.memcpy   0x037f9cbc       0x10 C:/msys64/opt/wonderful/thirdparty/blocksds/core/libs/libnds/lib\libnds7.a(memcpy.s.o)
                0x037f9cbc                memcpy
 .text.__aeabi_memset
                0x037f9ccc       0x9c C:/msys64/opt/wonderful/thirdparty/blocksds/core/libs/libnds/lib\libnds7.a(memset.s.o)
                0x037f9ccc                __aeabi_memset
                0x037f9cf0                __aeabi_memset8
                0x037f9cf0                __aeabi_memset4
                0x037f9cfc                __ndsabi_wordset4
                0x037f9d00                __ndsabi_lwordset4
 .text.__ndsabi_memset1
                0x037f9d68       0x10 C:/msys64/opt/wonderful/thirdparty/blocksds/core/libs/libnds/lib\libnds7.a(memset.s.o)
                0x037f9d68                __ndsabi_memset1
 .text.memset   0x037f9d78       0x1c C:/msys64/opt/wonderful/thirdparty/blocksds/core/libs/libnds/lib\libnds7.a(memset.s.o)
                0x037f9d78                memset
 .text.swiSoftReset
                0x037f9d94       0x18 C:/msys64/opt/wonderful/thirdparty/blocksds/core/libs/libnds/lib\libnds7.a(swiSoftReset.s.o)
                0x037f9d94                swiSoftReset
 .text.consoleSetup
                0x037f9dac        0xc C:/msys64/opt/wonderful/thirdparty/blocksds/core/libs/libnds/lib\libnds7.a(console.c.o)
                0x037f9dac                consoleSetup
 .text.readFirmware
                0x037f9db8       0x68 C:/msys64/opt/wonderful/thirdparty/blocksds/core/libs/libnds/lib\libnds7.a(firmware.c.o)
                0x037f9db8                readFirmware
 .text.writeFirmware
                0x037f9e20      0x11c C:/msys64/opt/wonderful/thirdparty/blocksds/core/libs/libnds/lib\libnds7.a(firmware.c.o)
                0x037f9e20                writeFirmware
 .text.firmwareMsgHandler
                0x037f9f3c       0x48 C:/msys64/opt/wonderful/thirdparty/blocksds/core/libs/libnds/lib\libnds7.a(firmware.c.o)
                0x037f9f3c                firmwareMsgHandler
 .text.fifoIrqDisable
                0x037f9f84       0x28 C:/msys64/opt/wonderful/thirdparty/blocksds/core/libs/libnds/lib\libnds7.a(storage_fifo.c.o)
 .text.fifoIrqEnable
                0x037f9fac       0x28 C:/msys64/opt/wonderful/thirdparty/blocksds/core/libs/libnds/lib\libnds7.a(storage_fifo.c.o)
 .text.storageMsgHandler
                0x037f9fd4       0xe8 C:/msys64/opt/wonderful/thirdparty/blocksds/core/libs/libnds/lib\libnds7.a(storage_fifo.c.o)
                0x037f9fd4                storageMsgHandler
 .text.storageValueHandler
                0x037fa0bc       0x80 C:/msys64/opt/wonderful/thirdparty/blocksds/core/libs/libnds/lib\libnds7.a(storage_fifo.c.o)
                0x037fa0bc                storageValueHandler
 .text.cardWriteCommand
                0x037fa13c       0x28 C:/msys64/opt/wonderful/thirdparty/blocksds/core/libs/libnds/lib\libnds7.a(card.c.o)
                0x037fa13c                cardWriteCommand
 .text.cardPolledTransfer
                0x037fa164       0x40 C:/msys64/opt/wonderful/thirdparty/blocksds/core/libs/libnds/lib\libnds7.a(card.c.o)
                0x037fa164                cardPolledTransfer
 .text.cardParamCommand
                0x037fa1a4       0x2e C:/msys64/opt/wonderful/thirdparty/blocksds/core/libs/libnds/lib\libnds7.a(card.c.o)
                0x037fa1a4                cardParamCommand
 *fill*         0x037fa1d2        0x2 
 .text.cardRead
                0x037fa1d4       0xb8 C:/msys64/opt/wonderful/thirdparty/blocksds/core/libs/libnds/lib\libnds7.a(card.c.o)
                0x037fa1d4                cardRead
 .text.swiSHA1Calc
                0x037fa28c       0x18 C:/msys64/opt/wonderful/thirdparty/blocksds/core/libs/libnds/lib\libnds7.a(sha1.c.o)
                0x037fa28c                swiSHA1Calc
 .text          0x037fa2a4        0xe C:/msys64/opt/wonderful/toolchain/gcc-arm-none-eabi/lib/gcc/arm-none-eabi/16.1.1/../../../../arm-none-eabi/lib/thumb/arm7tdmi\libc.a(strlen.S.o)
                0x037fa2a4                strlen
 *fill*         0x037fa2b2        0x2 
 .text.__libc_init_array
                0x037fa2b4       0x24 C:/msys64/opt/wonderful/toolchain/gcc-arm-none-eabi/lib/gcc/arm-none-eabi/16.1.1/../../../../arm-none-eabi/lib/thumb/arm7tdmi\libc.a(libc_misc_init.c.o)
                0x037fa2b4                __libc_init_array
 .text.exit     0x037fa2d8        0xe C:/msys64/opt/wonderful/toolchain/gcc-arm-none-eabi/lib/gcc/arm-none-eabi/16.1.1/../../../../arm-none-eabi/lib/thumb/arm7tdmi\libc.a(libc_stdlib_exit.c.o)
                0x037fa2d8                exit
 .text.memcmp   0x037fa2e6       0x20 C:/msys64/opt/wonderful/toolchain/gcc-arm-none-eabi/lib/gcc/arm-none-eabi/16.1.1/../../../../arm-none-eabi/lib/thumb/arm7tdmi\libc.a(libc_string_memcmp.c.o)
                0x037fa2e6                memcmp
 *fill*         0x037fa306        0x2 
 .text.__libc_fini_array
                0x037fa308       0x28 C:/msys64/opt/wonderful/toolchain/gcc-arm-none-eabi/lib/gcc/arm-none-eabi/16.1.1/../../../../arm-none-eabi/lib/thumb/arm7tdmi\libc.a(libc_misc_fini.c.o)
                0x037fa308                __libc_fini_array
 .text          0x037fa330       0x14 C:/msys64/opt/wonderful/toolchain/gcc-arm-none-eabi/lib/gcc/arm-none-eabi/16.1.1/thumb/arm7tdmi\libgcc.a(_thumb1_case_uqi.o)
                0x037fa330                __gnu_thumb1_case_uqi
 .text          0x037fa344       0x14 C:/msys64/opt/wonderful/toolchain/gcc-arm-none-eabi/lib/gcc/arm-none-eabi/16.1.1/thumb/arm7tdmi\libgcc.a(_thumb1_case_uhi.o)
                0x037fa344                __gnu_thumb1_case_uhi
 .text          0x037fa358      0x150 C:/msys64/opt/wonderful/toolchain/gcc-arm-none-eabi/lib/gcc/arm-none-eabi/16.1.1/thumb/arm7tdmi\libgcc.a(_divsi3.o)
                0x037fa358                __divsi3
                0x037fa358                __aeabi_idiv
                0x037fa488                __aeabi_idivmod
 .text          0x037fa4a8        0x4 C:/msys64/opt/wonderful/toolchain/gcc-arm-none-eabi/lib/gcc/arm-none-eabi/16.1.1/thumb/arm7tdmi\libgcc.a(_dvmd_tls.o)
                0x037fa4a8                __aeabi_idiv0
                0x037fa4a8                __aeabi_ldiv0
 .text          0x037fa4ac       0x48 C:/msys64/opt/wonderful/toolchain/gcc-arm-none-eabi/lib/gcc/arm-none-eabi/16.1.1/thumb/arm7tdmi\libgcc.a(_clzsi2.o)
                0x037fa4ac                __clzsi2
 *fill*         0x037fa4f4        0x4 
 .text.__stub   0x037fa4f8      0x18c linker stubs
 *(.text.*personality*)
 *(.gnu.warning)
 *(.glue_7t)
 .glue_7t       0x037fa684        0x0 linker stubs
 *(.glue_7)
 .glue_7        0x037fa684        0x0 linker stubs
 *(.v4_bx)
 .v4_bx         0x037fa684        0x0 linker stubs
                0x037fa684                        . = ALIGN (0x4)

.vfp11_veneer   0x037fa698        0x0 load address 0x023828b8
 .vfp11_veneer  0x037fa698        0x0 linker stubs

.iplt           0x037fa698        0x0 load address 0x023828b8
 .iplt          0x037fa698        0x0 C:/msys64/opt/wonderful/thirdparty/blocksds/core/sys/crts/ds_arm7_crt0.o

.fini           0x037fa698        0x8 load address 0x023828b8
 *(.fini)
 .fini          0x037fa698        0x8 C:/msys64/opt/wonderful/toolchain/gcc-arm-none-eabi/lib/gcc/arm-none-eabi/16.1.1/thumb/arm7tdmi/crtn.o

.rodata         0x037fa6a0       0x6c load address 0x023828c0
 *(.rodata)
 *all.rodata*(*)
 *(.roda)
 *(.rodata.*)
 .rodata.ydays  0x037fa6a0       0x1a C:/msys64/opt/wonderful/thirdparty/blocksds/core/libs/libnds/lib\libnds7.a(clock.c.o)
 .rodata.fifoReadRxFifoAndProcessBuffer.str1.1
                0x037fa6ba       0x4f C:/msys64/opt/wonderful/thirdparty/blocksds/core/libs/libnds/lib\libnds7.a(fifosystem.c.o)
                                 0x15 (size before relaxing)
 .rodata.storageMsgHandler.str1.1
                0x037fa709        0x0 C:/msys64/opt/wonderful/thirdparty/blocksds/core/libs/libnds/lib\libnds7.a(storage_fifo.c.o)
                                 0x3a (size before relaxing)
 *(.gnu.linkonce.r*)
                0x037fa70c                        . = ALIGN (0x4)
 *fill*         0x037fa709        0x3 

.ARM.extab
 *(.ARM.extab* .gnu.linkonce.armextab.*)

.ARM.exidx      0x037fa70c        0x0 load address 0x0238292c
                0x037fa70c                        __exidx_start = .
 *(.ARM.exidx* .gnu.linkonce.armexidx.*)
                0x037fa70c                        __exidx_end = .
                0x037fa70c                        . = ALIGN (0x4)

.init_array     0x037fa70c        0x0 load address 0x0238292c
                [!provide]                        PROVIDE (__preinit_array_start = .)
                0x037fa70c                        PROVIDE (__bothinit_array_start = .)
 *(.preinit_array)
                [!provide]                        PROVIDE (__preinit_array_end = .)
                [!provide]                        PROVIDE (__init_array_start = .)
 *(SORT_BY_INIT_PRIORITY(.init_array.*) SORT_BY_INIT_PRIORITY(.ctors.*))
 *(.init_array EXCLUDE_FILE(*crtend?.o *crtend.o *crtbegin?.o *crtbegin.o) .ctors)
                [!provide]                        PROVIDE (__init_array_end = .)
                0x037fa70c                        PROVIDE (__bothinit_array_end = .)

.fini_array     0x037fa70c        0x0 load address 0x0238292c
                0x037fa70c                        PROVIDE (__fini_array_start = .)
 *(SORT_BY_INIT_PRIORITY(.fini_array.*) SORT_BY_INIT_PRIORITY(.dtors.*))
 *(.fini_array EXCLUDE_FILE(*crtend?.o *crtend.o *crtbegin?.o *crtbegin.o) .dtors)
 *(.fini_array*)
                0x037fa70c                        PROVIDE (__fini_array_end = .)

.ctors          0x037fa70c        0x0 load address 0x0238292c
 *crtbegin.o(.ctors)
 *crtbegin?.o(.ctors)
 *(EXCLUDE_FILE(*crtend?.o *crtend.o) .ctors)
 *(SORT_BY_NAME(.ctors.*))
 *(.ctors)
                0x037fa70c                        . = ALIGN (0x4)

.dtors          0x037fa70c        0x0 load address 0x0238292c
 *crtbegin.o(.dtors)
 *crtbegin?.o(.dtors)
 *(EXCLUDE_FILE(*crtend?.o *crtend.o) .dtors)
 *(SORT_BY_NAME(.dtors.*))
 *(.dtors)
                0x037fa70c                        . = ALIGN (0x4)

.eh_frame       0x037fa70c        0x4 load address 0x0238292c
 *(.eh_frame)
 .eh_frame      0x037fa70c        0x4 C:/msys64/opt/wonderful/toolchain/gcc-arm-none-eabi/lib/gcc/arm-none-eabi/16.1.1/thumb/arm7tdmi/crtend.o
                0x037fa710                        . = ALIGN (0x4)

.rel.dyn        0x037fa710        0x0 load address 0x02382930
 .rel.iplt      0x037fa710        0x0 C:/msys64/opt/wonderful/thirdparty/blocksds/core/sys/crts/ds_arm7_crt0.o

.gcc_except_table
                0x037fa710        0x0 load address 0x02382930
 *(.gcc_except_table .gcc_except_table.*)
                0x037fa710                        . = ALIGN (0x4)

.got
 *(.got.plt)
 *(.got)

.data           0x037fa710        0x4 load address 0x02382930
                0x037fa710                        __data_start = ABSOLUTE (.)
 *(.data)
 *(.data.*)
 .data.sleepCounterMax
                0x037fa710        0x2 C:/msys64/opt/wonderful/thirdparty/blocksds/core/libs/libnds/lib\libnds7.a(input.c.o)
 .data.sleepIsEnabled
                0x037fa712        0x1 C:/msys64/opt/wonderful/thirdparty/blocksds/core/libs/libnds/lib\libnds7.a(system.c.o)
                0x037fa712                sleepIsEnabled
 *(.gnu.linkonce.d*)
                0x037fa714                        . = ALIGN (0x4)
 *fill*         0x037fa713        0x1 

.igot.plt       0x037fa714        0x0 load address 0x02382934
 .igot.plt      0x037fa714        0x0 C:/msys64/opt/wonderful/thirdparty/blocksds/core/sys/crts/ds_arm7_crt0.o

.tdata          0x037fa714        0x0 load address 0x02382934
                0x037fa714                        __tdata_start = ABSOLUTE (.)
 *(.tdata .tdata.* .gnu.linkonce.td.*)
                0x037fa714                        . = ALIGN (0x4)
                0x037fa714                        __tdata_end = ABSOLUTE (.)
                0x037fa714                        __data_end = .
                0x00000000                        __tdata_size = (__tdata_end - __tdata_start)

.tbss           0x037fa714        0x0 load address 0x02382934
                0x037fa714                        __tbss_start = ABSOLUTE (.)
 *(.tbss .tbss.* .gnu.linkonce.tb.*)
 *(.tcommon)
                0x037fa714                        . = ALIGN (0x4)
                0x037fa714                        __tbss_end = ABSOLUTE (.)
                0x00000000                        __tbss_size = (__tbss_end - __tbss_start)

.bss            0x037fa714      0xb0c
                0x037fa714                        __arm7_end__ = .
                0x037fa714                        __bss_start = ABSOLUTE (.)
                0x037fa714                        __bss_start__ = ABSOLUTE (.)
 *(.dynbss)
 *(.gnu.linkonce.b*)
 *(.bss*)
 .bss.exit_loop
                0x037fa714        0x1 build/arm7/arm7/source/main.c.o
                0x037fa714                exit_loop
 .bss.penDownDebounce.0
                0x037fa715        0x1 C:/msys64/opt/wonderful/thirdparty/blocksds/core/libs/libnds/lib\libnds7.a(input.c.o)
 .bss.lastTouchPosition.1
                0x037fa716        0xc C:/msys64/opt/wonderful/thirdparty/blocksds/core/libs/libnds/lib\libnds7.a(input.c.o)
 .bss.lastPenDown.2
                0x037fa722        0x1 C:/msys64/opt/wonderful/thirdparty/blocksds/core/libs/libnds/lib\libnds7.a(input.c.o)
 *fill*         0x037fa723        0x1 
 .bss.sleepCounter
                0x037fa724        0x2 C:/msys64/opt/wonderful/thirdparty/blocksds/core/libs/libnds/lib\libnds7.a(input.c.o)
 .bss.__dsimode
                0x037fa726        0x1 C:/msys64/opt/wonderful/thirdparty/blocksds/core/libs/libnds/lib\libnds7.a(system.c.o)
                0x037fa726                __dsimode
 *fill*         0x037fa727        0x1 
 .bss.yoffset   0x037fa728        0x4 C:/msys64/opt/wonderful/thirdparty/blocksds/core/libs/libnds/lib\libnds7.a(touch.c.o)
 .bss.xoffset   0x037fa72c        0x4 C:/msys64/opt/wonderful/thirdparty/blocksds/core/libs/libnds/lib\libnds7.a(touch.c.o)
 .bss.yscale    0x037fa730        0x4 C:/msys64/opt/wonderful/thirdparty/blocksds/core/libs/libnds/lib\libnds7.a(touch.c.o)
 .bss.xscale    0x037fa734        0x4 C:/msys64/opt/wonderful/thirdparty/blocksds/core/libs/libnds/lib\libnds7.a(touch.c.o)
 .bss.exceptionMsg
                0x037fa738        0x4 C:/msys64/opt/wonderful/thirdparty/blocksds/core/libs/libnds/lib\libnds7.a(exceptions.c.o)
                0x037fa738                exceptionMsg
 .bss.fifo_rx_processing
                0x037fa73c        0x1 C:/msys64/opt/wonderful/thirdparty/blocksds/core/libs/libnds/lib\libnds7.a(fifosystem.c.o)
 *fill*         0x037fa73d        0x3 
 .bss.fifo_datamsg_data
                0x037fa740       0x40 C:/msys64/opt/wonderful/thirdparty/blocksds/core/libs/libnds/lib\libnds7.a(fifosystem.c.o)
 .bss.fifo_value32_data
                0x037fa780       0x40 C:/msys64/opt/wonderful/thirdparty/blocksds/core/libs/libnds/lib\libnds7.a(fifosystem.c.o)
 .bss.fifo_address_data
                0x037fa7c0       0x40 C:/msys64/opt/wonderful/thirdparty/blocksds/core/libs/libnds/lib\libnds7.a(fifosystem.c.o)
 .bss.fifo_datamsg_func
                0x037fa800       0x40 C:/msys64/opt/wonderful/thirdparty/blocksds/core/libs/libnds/lib\libnds7.a(fifosystem.c.o)
 .bss.fifo_value32_func
                0x037fa840       0x40 C:/msys64/opt/wonderful/thirdparty/blocksds/core/libs/libnds/lib\libnds7.a(fifosystem.c.o)
 .bss.fifo_address_func
                0x037fa880       0x40 C:/msys64/opt/wonderful/thirdparty/blocksds/core/libs/libnds/lib\libnds7.a(fifosystem.c.o)
 .bss.fifo_rx_queue
                0x037fa8c0        0x4 C:/msys64/opt/wonderful/thirdparty/blocksds/core/libs/libnds/lib\libnds7.a(fifosystem.c.o)
 .bss.fifo_tx_queue
                0x037fa8c4        0x4 C:/msys64/opt/wonderful/thirdparty/blocksds/core/libs/libnds/lib\libnds7.a(fifosystem.c.o)
 .bss.fifo_free_queue
                0x037fa8c8        0x4 C:/msys64/opt/wonderful/thirdparty/blocksds/core/libs/libnds/lib\libnds7.a(fifosystem.c.o)
 .bss.fifo_value32_queue
                0x037fa8cc       0x40 C:/msys64/opt/wonderful/thirdparty/blocksds/core/libs/libnds/lib\libnds7.a(fifosystem.c.o)
 .bss.fifo_data_queue
                0x037fa90c       0x40 C:/msys64/opt/wonderful/thirdparty/blocksds/core/libs/libnds/lib\libnds7.a(fifosystem.c.o)
 .bss.fifo_address_queue
                0x037fa94c       0x40 C:/msys64/opt/wonderful/thirdparty/blocksds/core/libs/libnds/lib\libnds7.a(fifosystem.c.o)
 .bss.global_pool_free_words
                0x037fa98c        0x4 C:/msys64/opt/wonderful/thirdparty/blocksds/core/libs/libnds/lib\libnds7.a(fifosystem.c.o)
 .bss.global_fifo_pool
                0x037fa990      0x800 C:/msys64/opt/wonderful/thirdparty/blocksds/core/libs/libnds/lib\libnds7.a(fifosystem.c.o)
 .bss.irqTable  0x037fb190       0x80 C:/msys64/opt/wonderful/thirdparty/blocksds/core/libs/libnds/lib\libnds7.a(interrupts.c.o)
                0x037fb190                irqTable
 .bss.fake_heap_start
                0x037fb210        0x4 C:/msys64/opt/wonderful/thirdparty/blocksds/core/libs/libnds/lib\libnds7.a(sbrk.c.o)
                0x037fb210                fake_heap_start
 .bss.fake_heap_end
                0x037fb214        0x4 C:/msys64/opt/wonderful/thirdparty/blocksds/core/libs/libnds/lib\libnds7.a(sbrk.c.o)
                0x037fb214                fake_heap_end
 .bss.con       0x037fb218        0x4 C:/msys64/opt/wonderful/thirdparty/blocksds/core/libs/libnds/lib\libnds7.a(console.c.o)
 .bss.dldi_io   0x037fb21c        0x4 C:/msys64/opt/wonderful/thirdparty/blocksds/core/libs/libnds/lib\libnds7.a(storage_fifo.c.o)
 *(COMMON)
                0x037fb220                        . = ALIGN (0x4)
                0x037fb220                        __bss_end__ = ABSOLUTE (.)

.noinit         0x037fb220        0x0
                0x037fb220                        __noinit_start = ABSOLUTE (.)
 *(.noinit .noinit.* .gnu.linkonce.n.*)
                0x037fb220                        . = ALIGN (0x4)
                0x037fb220                        __noinit_end = ABSOLUTE (.)

.tls            0x037fb220        0x0
                0x037fb220                        __tls_start = ABSOLUTE (.)
                0x037fb220                        . = ((. + __tdata_size) + __tbss_size)
                0x037fb220                        . = ALIGN (0x4)
                0x037fb220                        __tls_end = ABSOLUTE (.)
                0x037fb220                        __end__ = ABSOLUTE (.)
                0x00000000                        __tls_size = (__tls_end - __tls_start)
                0x00002714                        __arm7_size__ = (__arm7_end__ - __arm7_start__)
                0x00001db4                        __arm7i_size__ = (__arm7i_end__ - __arm7i_start__)
                0x00000b0c                        __bss_size__ = (__bss_end__ - __bss_start__)
                0x000000f0                        __twl_bss_size__ = (__twl_bss_end__ - __twl_bss_start__)

.stab
 *(.stab)

.stabstr
 *(.stabstr)

.stab.excl
 *(.stab.excl)

.stab.exclstr
 *(.stab.exclstr)

.stab.index
 *(.stab.index)

.stab.indexstr
 *(.stab.indexstr)

.comment        0x00000000       0x63
 *(.comment)
 .comment       0x00000000       0x63 build/arm7/arm7/source/main.c.o
                                 0x2c (size before relaxing)
 .comment       0x00000063        0x0 C:/msys64/opt/wonderful/thirdparty/blocksds/core/libs/libnds/lib\libnds7.a(camera.twl.c.o)
                                 0x2c (size before relaxing)
 .comment       0x00000063        0x0 C:/msys64/opt/wonderful/thirdparty/blocksds/core/libs/libnds/lib\libnds7.a(camerai2c.twl.c.o)
                                 0x2c (size before relaxing)
 .comment       0x00000063        0x0 C:/msys64/opt/wonderful/thirdparty/blocksds/core/libs/libnds/lib\libnds7.a(clock.c.o)
                                 0x2c (size before relaxing)
 .comment       0x00000063        0x0 C:/msys64/opt/wonderful/thirdparty/blocksds/core/libs/libnds/lib\libnds7.a(console_id.twl.c.o)
                                 0x2c (size before relaxing)
 .comment       0x00000063        0x0 C:/msys64/opt/wonderful/thirdparty/blocksds/core/libs/libnds/lib\libnds7.a(i2c.twl.c.o)
                                 0x2c (size before relaxing)
 .comment       0x00000063        0x0 C:/msys64/opt/wonderful/thirdparty/blocksds/core/libs/libnds/lib\libnds7.a(input.c.o)
                                 0x2c (size before relaxing)
 .comment       0x00000063        0x0 C:/msys64/opt/wonderful/thirdparty/blocksds/core/libs/libnds/lib\libnds7.a(crt0_device_list.c.o)
                                 0x2c (size before relaxing)
 .comment       0x00000063        0x0 C:/msys64/opt/wonderful/thirdparty/blocksds/core/libs/libnds/lib\libnds7.a(spi.c.o)
                                 0x2c (size before relaxing)
 .comment       0x00000063        0x0 C:/msys64/opt/wonderful/thirdparty/blocksds/core/libs/libnds/lib\libnds7.a(system.c.o)
                                 0x2c (size before relaxing)
 .comment       0x00000063        0x0 C:/msys64/opt/wonderful/thirdparty/blocksds/core/libs/libnds/lib\libnds7.a(systemShutDown.c.o)
                                 0x2c (size before relaxing)
 .comment       0x00000063        0x0 C:/msys64/opt/wonderful/thirdparty/blocksds/core/libs/libnds/lib\libnds7.a(touch.c.o)
                                 0x2c (size before relaxing)
 .comment       0x00000063        0x0 C:/msys64/opt/wonderful/thirdparty/blocksds/core/libs/libnds/lib\libnds7.a(touchFilter.c.o)
                                 0x2c (size before relaxing)
 .comment       0x00000063        0x0 C:/msys64/opt/wonderful/thirdparty/blocksds/core/libs/libnds/lib\libnds7.a(tsc.c.o)
                                 0x2c (size before relaxing)
 .comment       0x00000063        0x0 C:/msys64/opt/wonderful/thirdparty/blocksds/core/libs/libnds/lib\libnds7.a(userSettings.c.o)
                                 0x2c (size before relaxing)
 .comment       0x00000063        0x0 C:/msys64/opt/wonderful/thirdparty/blocksds/core/libs/libnds/lib\libnds7.a(threads.c.o)
                                 0x2c (size before relaxing)
 .comment       0x00000063        0x0 C:/msys64/opt/wonderful/thirdparty/blocksds/core/libs/libnds/lib\libnds7.a(exceptions.c.o)
                                 0x2c (size before relaxing)
 .comment       0x00000063        0x0 C:/msys64/opt/wonderful/thirdparty/blocksds/core/libs/libnds/lib\libnds7.a(fifosystem.c.o)
                                 0x2c (size before relaxing)
 .comment       0x00000063        0x0 C:/msys64/opt/wonderful/thirdparty/blocksds/core/libs/libnds/lib\libnds7.a(interrupts.c.o)
                                 0x2c (size before relaxing)
 .comment       0x00000063        0x0 C:/msys64/opt/wonderful/thirdparty/blocksds/core/libs/libnds/lib\libnds7.a(exit.c.o)
                                 0x2c (size before relaxing)
 .comment       0x00000063        0x0 C:/msys64/opt/wonderful/thirdparty/blocksds/core/libs/libnds/lib\libnds7.a(sbrk.c.o)
                                 0x2c (size before relaxing)
 .comment       0x00000063        0x0 C:/msys64/opt/wonderful/thirdparty/blocksds/core/libs/libnds/lib\libnds7.a(swiIntrWait.c.o)
                                 0x2c (size before relaxing)
 .comment       0x00000063        0x0 C:/msys64/opt/wonderful/thirdparty/blocksds/core/libs/libnds/lib\libnds7.a(timers.c.o)
                                 0x2c (size before relaxing)
 .comment       0x00000063        0x0 C:/msys64/opt/wonderful/thirdparty/blocksds/core/libs/libnds/lib\libnds7.a(codec.twl.c.o)
                                 0x2c (size before relaxing)
 .comment       0x00000063        0x0 C:/msys64/opt/wonderful/thirdparty/blocksds/core/libs/libnds/lib\libnds7.a(console.c.o)
                                 0x2c (size before relaxing)
 .comment       0x00000063        0x0 C:/msys64/opt/wonderful/thirdparty/blocksds/core/libs/libnds/lib\libnds7.a(firmware.c.o)
                                 0x2c (size before relaxing)
 .comment       0x00000063        0x0 C:/msys64/opt/wonderful/thirdparty/blocksds/core/libs/libnds/lib\libnds7.a(card.twl.c.o)
                                 0x2c (size before relaxing)
 .comment       0x00000063        0x0 C:/msys64/opt/wonderful/thirdparty/blocksds/core/libs/libnds/lib\libnds7.a(storage_fifo.c.o)
                                 0x2c (size before relaxing)
 .comment       0x00000063        0x0 C:/msys64/opt/wonderful/thirdparty/blocksds/core/libs/libnds/lib\libnds7.a(storage_fifo.twl.c.o)
                                 0x2c (size before relaxing)
 .comment       0x00000063        0x0 C:/msys64/opt/wonderful/thirdparty/blocksds/core/libs/libnds/lib\libnds7.a(tmio.twl.c.o)
                                 0x2c (size before relaxing)
 .comment       0x00000063        0x0 C:/msys64/opt/wonderful/thirdparty/blocksds/core/libs/libnds/lib\libnds7.a(card.c.o)
                                 0x2c (size before relaxing)
 .comment       0x00000063        0x0 C:/msys64/opt/wonderful/thirdparty/blocksds/core/libs/libnds/lib\libnds7.a(nand_crypto.twl.c.o)
                                 0x2c (size before relaxing)
 .comment       0x00000063        0x0 C:/msys64/opt/wonderful/thirdparty/blocksds/core/libs/libnds/lib\libnds7.a(sdmmc.twl.c.o)
                                 0x2c (size before relaxing)
 .comment       0x00000063        0x0 C:/msys64/opt/wonderful/thirdparty/blocksds/core/libs/libnds/lib\libnds7.a(sha1.c.o)
                                 0x2c (size before relaxing)
 .comment       0x00000063        0x0 C:/msys64/opt/wonderful/toolchain/gcc-arm-none-eabi/lib/gcc/arm-none-eabi/16.1.1/../../../../arm-none-eabi/lib/thumb/arm7tdmi\libc.a(libc_misc_init.c.o)
                                 0x39 (size before relaxing)
 .comment       0x00000063        0x0 C:/msys64/opt/wonderful/toolchain/gcc-arm-none-eabi/lib/gcc/arm-none-eabi/16.1.1/../../../../arm-none-eabi/lib/thumb/arm7tdmi\libc.a(libc_stdlib_exit.c.o)
                                 0x39 (size before relaxing)
 .comment       0x00000063        0x0 C:/msys64/opt/wonderful/toolchain/gcc-arm-none-eabi/lib/gcc/arm-none-eabi/16.1.1/../../../../arm-none-eabi/lib/thumb/arm7tdmi\libc.a(libc_string_memcmp.c.o)
                                 0x39 (size before relaxing)
 .comment       0x00000063        0x0 C:/msys64/opt/wonderful/toolchain/gcc-arm-none-eabi/lib/gcc/arm-none-eabi/16.1.1/../../../../arm-none-eabi/lib/thumb/arm7tdmi\libc.a(libc_misc_fini.c.o)
                                 0x39 (size before relaxing)
 .comment       0x00000063        0x0 C:/msys64/opt/wonderful/toolchain/gcc-arm-none-eabi/lib/gcc/arm-none-eabi/16.1.1/thumb/arm7tdmi/crtend.o
                                 0x2c (size before relaxing)

.gnu.build.attributes
 *(.gnu.build.attributes .gnu.build.attributes.*)

.debug
 *(.debug)

.line
 *(.line)

.debug_srcinfo
 *(.debug_srcinfo)

.debug_sfnames
 *(.debug_sfnames)

.debug_aranges  0x00000000      0xd28
 *(.debug_aranges)
 .debug_aranges
                0x00000000       0x20 C:/msys64/opt/wonderful/thirdparty/blocksds/core/sys/crts/ds_arm7_crt0.o
 .debug_aranges
                0x00000020       0xa8 C:/msys64/opt/wonderful/thirdparty/blocksds/core/libs/libnds/lib\libnds7.a(camera.twl.c.o)
 .debug_aranges
                0x000000c8       0x50 C:/msys64/opt/wonderful/thirdparty/blocksds/core/libs/libnds/lib\libnds7.a(camerai2c.twl.c.o)
 .debug_aranges
                0x00000118       0x98 C:/msys64/opt/wonderful/thirdparty/blocksds/core/libs/libnds/lib\libnds7.a(clock.c.o)
 .debug_aranges
                0x000001b0       0x28 C:/msys64/opt/wonderful/thirdparty/blocksds/core/libs/libnds/lib\libnds7.a(console_id.twl.c.o)
 .debug_aranges
                0x000001d8       0x68 C:/msys64/opt/wonderful/thirdparty/blocksds/core/libs/libnds/lib\libnds7.a(i2c.twl.c.o)
 .debug_aranges
                0x00000240       0x28 C:/msys64/opt/wonderful/thirdparty/blocksds/core/libs/libnds/lib\libnds7.a(input.c.o)
 .debug_aranges
                0x00000268       0x28 C:/msys64/opt/wonderful/thirdparty/blocksds/core/libs/libnds/lib\libnds7.a(crt0_device_list.c.o)
 .debug_aranges
                0x00000290       0x48 C:/msys64/opt/wonderful/thirdparty/blocksds/core/libs/libnds/lib\libnds7.a(spi.c.o)
 .debug_aranges
                0x000002d8       0x68 C:/msys64/opt/wonderful/thirdparty/blocksds/core/libs/libnds/lib\libnds7.a(system.c.o)
 .debug_aranges
                0x00000340       0x28 C:/msys64/opt/wonderful/thirdparty/blocksds/core/libs/libnds/lib\libnds7.a(systemShutDown.c.o)
 .debug_aranges
                0x00000368       0x48 C:/msys64/opt/wonderful/thirdparty/blocksds/core/libs/libnds/lib\libnds7.a(touch.c.o)
 .debug_aranges
                0x000003b0       0x20 C:/msys64/opt/wonderful/thirdparty/blocksds/core/libs/libnds/lib\libnds7.a(touchFilter.c.o)
 .debug_aranges
                0x000003d0       0x48 C:/msys64/opt/wonderful/thirdparty/blocksds/core/libs/libnds/lib\libnds7.a(tsc.c.o)
 .debug_aranges
                0x00000418       0x20 C:/msys64/opt/wonderful/thirdparty/blocksds/core/libs/libnds/lib\libnds7.a(userSettings.c.o)
 .debug_aranges
                0x00000438       0x98 C:/msys64/opt/wonderful/thirdparty/blocksds/core/libs/libnds/lib\libnds7.a(threads.c.o)
 .debug_aranges
                0x000004d0       0x38 C:/msys64/opt/wonderful/thirdparty/blocksds/core/libs/libnds/lib\libnds7.a(exceptions.c.o)
 .debug_aranges
                0x00000508       0xd8 C:/msys64/opt/wonderful/thirdparty/blocksds/core/libs/libnds/lib\libnds7.a(fifosystem.c.o)
 .debug_aranges
                0x000005e0       0x88 C:/msys64/opt/wonderful/thirdparty/blocksds/core/libs/libnds/lib\libnds7.a(interrupts.c.o)
 .debug_aranges
                0x00000668       0x38 C:/msys64/opt/wonderful/thirdparty/blocksds/core/libs/libnds/lib\libnds7.a(exit.c.o)
 .debug_aranges
                0x000006a0       0x20 C:/msys64/opt/wonderful/thirdparty/blocksds/core/libs/libnds/lib\libnds7.a(sbrk.c.o)
 .debug_aranges
                0x000006c0       0x30 C:/msys64/opt/wonderful/thirdparty/blocksds/core/libs/libnds/lib\libnds7.a(swiIntrWait.c.o)
 .debug_aranges
                0x000006f0       0x50 C:/msys64/opt/wonderful/thirdparty/blocksds/core/libs/libnds/lib\libnds7.a(timers.c.o)
 .debug_aranges
                0x00000740       0x20 C:/msys64/opt/wonderful/thirdparty/blocksds/core/libs/libnds/lib\libnds7.a(interruptDispatcher.s.o)
 .debug_aranges
                0x00000760       0x30 C:/msys64/opt/wonderful/thirdparty/blocksds/core/libs/libnds/lib\libnds7.a(memcpy.s.o)
 .debug_aranges
                0x00000790       0x40 C:/msys64/opt/wonderful/thirdparty/blocksds/core/libs/libnds/lib\libnds7.a(memset.s.o)
 .debug_aranges
                0x000007d0       0x20 C:/msys64/opt/wonderful/thirdparty/blocksds/core/libs/libnds/lib\libnds7.a(swiSoftReset.s.o)
 .debug_aranges
                0x000007f0       0x88 C:/msys64/opt/wonderful/thirdparty/blocksds/core/libs/libnds/lib\libnds7.a(codec.twl.c.o)
 .debug_aranges
                0x00000878       0x60 C:/msys64/opt/wonderful/thirdparty/blocksds/core/libs/libnds/lib\libnds7.a(console.c.o)
 .debug_aranges
                0x000008d8       0x38 C:/msys64/opt/wonderful/thirdparty/blocksds/core/libs/libnds/lib\libnds7.a(firmware.c.o)
 .debug_aranges
                0x00000910       0x28 C:/msys64/opt/wonderful/thirdparty/blocksds/core/libs/libnds/lib\libnds7.a(card.twl.c.o)
 .debug_aranges
                0x00000938       0x38 C:/msys64/opt/wonderful/thirdparty/blocksds/core/libs/libnds/lib\libnds7.a(storage_fifo.c.o)
 .debug_aranges
                0x00000970       0x38 C:/msys64/opt/wonderful/thirdparty/blocksds/core/libs/libnds/lib\libnds7.a(storage_fifo.twl.c.o)
 .debug_aranges
                0x000009a8       0x60 C:/msys64/opt/wonderful/thirdparty/blocksds/core/libs/libnds/lib\libnds7.a(tmio.twl.c.o)
 .debug_aranges
                0x00000a08       0x60 C:/msys64/opt/wonderful/thirdparty/blocksds/core/libs/libnds/lib\libnds7.a(card.c.o)
 .debug_aranges
                0x00000a68       0x30 C:/msys64/opt/wonderful/thirdparty/blocksds/core/libs/libnds/lib\libnds7.a(nand_crypto.twl.c.o)
 .debug_aranges
                0x00000a98       0xb0 C:/msys64/opt/wonderful/thirdparty/blocksds/core/libs/libnds/lib\libnds7.a(sdmmc.twl.c.o)
 .debug_aranges
                0x00000b48       0x40 C:/msys64/opt/wonderful/thirdparty/blocksds/core/libs/libnds/lib\libnds7.a(sha1.c.o)
 .debug_aranges
                0x00000b88       0x60 C:/msys64/opt/wonderful/thirdparty/blocksds/core/libs/libnds/lib\libnds7.a(biosCalls.twl.s.o)
 .debug_aranges
                0x00000be8       0x20 C:/msys64/opt/wonderful/toolchain/gcc-arm-none-eabi/lib/gcc/arm-none-eabi/16.1.1/../../../../arm-none-eabi/lib/thumb/arm7tdmi\libc.a(strlen.S.o)
 .debug_aranges
                0x00000c08       0x20 C:/msys64/opt/wonderful/toolchain/gcc-arm-none-eabi/lib/gcc/arm-none-eabi/16.1.1/../../../../arm-none-eabi/lib/thumb/arm7tdmi\libc.a(libc_misc_init.c.o)
 .debug_aranges
                0x00000c28       0x20 C:/msys64/opt/wonderful/toolchain/gcc-arm-none-eabi/lib/gcc/arm-none-eabi/16.1.1/../../../../arm-none-eabi/lib/thumb/arm7tdmi\libc.a(libc_stdlib_exit.c.o)
 .debug_aranges
                0x00000c48       0x20 C:/msys64/opt/wonderful/toolchain/gcc-arm-none-eabi/lib/gcc/arm-none-eabi/16.1.1/../../../../arm-none-eabi/lib/thumb/arm7tdmi\libc.a(libc_string_memcmp.c.o)
 .debug_aranges
                0x00000c68       0x20 C:/msys64/opt/wonderful/toolchain/gcc-arm-none-eabi/lib/gcc/arm-none-eabi/16.1.1/../../../../arm-none-eabi/lib/thumb/arm7tdmi\libc.a(libc_misc_fini.c.o)
 .debug_aranges
                0x00000c88       0x20 C:/msys64/opt/wonderful/toolchain/gcc-arm-none-eabi/lib/gcc/arm-none-eabi/16.1.1/thumb/arm7tdmi\libgcc.a(_thumb1_case_uqi.o)
 .debug_aranges
                0x00000ca8       0x20 C:/msys64/opt/wonderful/toolchain/gcc-arm-none-eabi/lib/gcc/arm-none-eabi/16.1.1/thumb/arm7tdmi\libgcc.a(_thumb1_case_uhi.o)
 .debug_aranges
                0x00000cc8       0x20 C:/msys64/opt/wonderful/toolchain/gcc-arm-none-eabi/lib/gcc/arm-none-eabi/16.1.1/thumb/arm7tdmi\libgcc.a(_divsi3.o)
 .debug_aranges
                0x00000ce8       0x20 C:/msys64/opt/wonderful/toolchain/gcc-arm-none-eabi/lib/gcc/arm-none-eabi/16.1.1/thumb/arm7tdmi\libgcc.a(_dvmd_tls.o)
 .debug_aranges
                0x00000d08       0x20 C:/msys64/opt/wonderful/toolchain/gcc-arm-none-eabi/lib/gcc/arm-none-eabi/16.1.1/thumb/arm7tdmi\libgcc.a(_clzsi2.o)

.debug_pubnames
 *(.debug_pubnames)

.debug_info     0x00000000    0x15964
 *(.debug_info .gnu.linkonce.wi.*)
 .debug_info    0x00000000       0x25 C:/msys64/opt/wonderful/thirdparty/blocksds/core/sys/crts/ds_arm7_crt0.o
 .debug_info    0x00000025     0x192c C:/msys64/opt/wonderful/thirdparty/blocksds/core/libs/libnds/lib\libnds7.a(camera.twl.c.o)
 .debug_info    0x00001951      0x4ff C:/msys64/opt/wonderful/thirdparty/blocksds/core/libs/libnds/lib\libnds7.a(camerai2c.twl.c.o)
 .debug_info    0x00001e50     0x112a C:/msys64/opt/wonderful/thirdparty/blocksds/core/libs/libnds/lib\libnds7.a(clock.c.o)
 .debug_info    0x00002f7a      0x3fc C:/msys64/opt/wonderful/thirdparty/blocksds/core/libs/libnds/lib\libnds7.a(console_id.twl.c.o)
 .debug_info    0x00003376      0x4ad C:/msys64/opt/wonderful/thirdparty/blocksds/core/libs/libnds/lib\libnds7.a(i2c.twl.c.o)
 .debug_info    0x00003823      0x9ef C:/msys64/opt/wonderful/thirdparty/blocksds/core/libs/libnds/lib\libnds7.a(input.c.o)
 .debug_info    0x00004212      0xc8a C:/msys64/opt/wonderful/thirdparty/blocksds/core/libs/libnds/lib\libnds7.a(crt0_device_list.c.o)
 .debug_info    0x00004e9c      0x482 C:/msys64/opt/wonderful/thirdparty/blocksds/core/libs/libnds/lib\libnds7.a(spi.c.o)
 .debug_info    0x0000531e     0x1160 C:/msys64/opt/wonderful/thirdparty/blocksds/core/libs/libnds/lib\libnds7.a(system.c.o)
 .debug_info    0x0000647e      0x33d C:/msys64/opt/wonderful/thirdparty/blocksds/core/libs/libnds/lib\libnds7.a(systemShutDown.c.o)
 .debug_info    0x000067bb      0xef4 C:/msys64/opt/wonderful/thirdparty/blocksds/core/libs/libnds/lib\libnds7.a(touch.c.o)
 .debug_info    0x000076af      0x3de C:/msys64/opt/wonderful/thirdparty/blocksds/core/libs/libnds/lib\libnds7.a(touchFilter.c.o)
 .debug_info    0x00007a8d      0x688 C:/msys64/opt/wonderful/thirdparty/blocksds/core/libs/libnds/lib\libnds7.a(tsc.c.o)
 .debug_info    0x00008115      0x605 C:/msys64/opt/wonderful/thirdparty/blocksds/core/libs/libnds/lib\libnds7.a(userSettings.c.o)
 .debug_info    0x0000871a     0x13b0 C:/msys64/opt/wonderful/thirdparty/blocksds/core/libs/libnds/lib\libnds7.a(threads.c.o)
 .debug_info    0x00009aca      0x3f2 C:/msys64/opt/wonderful/thirdparty/blocksds/core/libs/libnds/lib\libnds7.a(exceptions.c.o)
 .debug_info    0x00009ebc     0x1be6 C:/msys64/opt/wonderful/thirdparty/blocksds/core/libs/libnds/lib\libnds7.a(fifosystem.c.o)
 .debug_info    0x0000baa2      0xa54 C:/msys64/opt/wonderful/thirdparty/blocksds/core/libs/libnds/lib\libnds7.a(interrupts.c.o)
 .debug_info    0x0000c4f6      0x469 C:/msys64/opt/wonderful/thirdparty/blocksds/core/libs/libnds/lib\libnds7.a(exit.c.o)
 .debug_info    0x0000c95f      0x121 C:/msys64/opt/wonderful/thirdparty/blocksds/core/libs/libnds/lib\libnds7.a(sbrk.c.o)
 .debug_info    0x0000ca80      0x24d C:/msys64/opt/wonderful/thirdparty/blocksds/core/libs/libnds/lib\libnds7.a(swiIntrWait.c.o)
 .debug_info    0x0000cccd      0x3ff C:/msys64/opt/wonderful/thirdparty/blocksds/core/libs/libnds/lib\libnds7.a(timers.c.o)
 .debug_info    0x0000d0cc       0x25 C:/msys64/opt/wonderful/thirdparty/blocksds/core/libs/libnds/lib\libnds7.a(interruptDispatcher.s.o)
 .debug_info    0x0000d0f1       0x23 C:/msys64/opt/wonderful/thirdparty/blocksds/core/libs/libnds/lib\libnds7.a(memcpy.s.o)
 .debug_info    0x0000d114       0x23 C:/msys64/opt/wonderful/thirdparty/blocksds/core/libs/libnds/lib\libnds7.a(memset.s.o)
 .debug_info    0x0000d137       0x24 C:/msys64/opt/wonderful/thirdparty/blocksds/core/libs/libnds/lib\libnds7.a(swiSoftReset.s.o)
 .debug_info    0x0000d15b      0xbb7 C:/msys64/opt/wonderful/thirdparty/blocksds/core/libs/libnds/lib\libnds7.a(codec.twl.c.o)
 .debug_info    0x0000dd12      0x631 C:/msys64/opt/wonderful/thirdparty/blocksds/core/libs/libnds/lib\libnds7.a(console.c.o)
 .debug_info    0x0000e343      0xb99 C:/msys64/opt/wonderful/thirdparty/blocksds/core/libs/libnds/lib\libnds7.a(firmware.c.o)
 .debug_info    0x0000eedc      0x2f4 C:/msys64/opt/wonderful/thirdparty/blocksds/core/libs/libnds/lib\libnds7.a(card.twl.c.o)
 .debug_info    0x0000f1d0      0xb19 C:/msys64/opt/wonderful/thirdparty/blocksds/core/libs/libnds/lib\libnds7.a(storage_fifo.c.o)
 .debug_info    0x0000fce9     0x1686 C:/msys64/opt/wonderful/thirdparty/blocksds/core/libs/libnds/lib\libnds7.a(storage_fifo.twl.c.o)
 .debug_info    0x0001136f     0x1020 C:/msys64/opt/wonderful/thirdparty/blocksds/core/libs/libnds/lib\libnds7.a(tmio.twl.c.o)
 .debug_info    0x0001238f      0x83c C:/msys64/opt/wonderful/thirdparty/blocksds/core/libs/libnds/lib\libnds7.a(card.c.o)
 .debug_info    0x00012bcb      0x414 C:/msys64/opt/wonderful/thirdparty/blocksds/core/libs/libnds/lib\libnds7.a(nand_crypto.twl.c.o)
 .debug_info    0x00012fdf     0x1fe4 C:/msys64/opt/wonderful/thirdparty/blocksds/core/libs/libnds/lib\libnds7.a(sdmmc.twl.c.o)
 .debug_info    0x00014fc3      0x4bc C:/msys64/opt/wonderful/thirdparty/blocksds/core/libs/libnds/lib\libnds7.a(sha1.c.o)
 .debug_info    0x0001547f       0x23 C:/msys64/opt/wonderful/thirdparty/blocksds/core/libs/libnds/lib\libnds7.a(biosCalls.twl.s.o)
 .debug_info    0x000154a2       0x31 C:/msys64/opt/wonderful/toolchain/gcc-arm-none-eabi/lib/gcc/arm-none-eabi/16.1.1/../../../../arm-none-eabi/lib/thumb/arm7tdmi\libc.a(strlen.S.o)
 .debug_info    0x000154d3       0xd9 C:/msys64/opt/wonderful/toolchain/gcc-arm-none-eabi/lib/gcc/arm-none-eabi/16.1.1/../../../../arm-none-eabi/lib/thumb/arm7tdmi\libc.a(libc_misc_init.c.o)
 .debug_info    0x000155ac       0xd3 C:/msys64/opt/wonderful/toolchain/gcc-arm-none-eabi/lib/gcc/arm-none-eabi/16.1.1/../../../../arm-none-eabi/lib/thumb/arm7tdmi\libc.a(libc_stdlib_exit.c.o)
 .debug_info    0x0001567f       0xff C:/msys64/opt/wonderful/toolchain/gcc-arm-none-eabi/lib/gcc/arm-none-eabi/16.1.1/../../../../arm-none-eabi/lib/thumb/arm7tdmi\libc.a(libc_string_memcmp.c.o)
 .debug_info    0x0001577e       0xd9 C:/msys64/opt/wonderful/toolchain/gcc-arm-none-eabi/lib/gcc/arm-none-eabi/16.1.1/../../../../arm-none-eabi/lib/thumb/arm7tdmi\libc.a(libc_misc_fini.c.o)
 .debug_info    0x00015857       0x31 C:/msys64/opt/wonderful/toolchain/gcc-arm-none-eabi/lib/gcc/arm-none-eabi/16.1.1/thumb/arm7tdmi\libgcc.a(_thumb1_case_uqi.o)
 .debug_info    0x00015888       0x31 C:/msys64/opt/wonderful/toolchain/gcc-arm-none-eabi/lib/gcc/arm-none-eabi/16.1.1/thumb/arm7tdmi\libgcc.a(_thumb1_case_uhi.o)
 .debug_info    0x000158b9       0x3e C:/msys64/opt/wonderful/toolchain/gcc-arm-none-eabi/lib/gcc/arm-none-eabi/16.1.1/thumb/arm7tdmi\libgcc.a(_divsi3.o)
 .debug_info    0x000158f7       0x3c C:/msys64/opt/wonderful/toolchain/gcc-arm-none-eabi/lib/gcc/arm-none-eabi/16.1.1/thumb/arm7tdmi\libgcc.a(_dvmd_tls.o)
 .debug_info    0x00015933       0x31 C:/msys64/opt/wonderful/toolchain/gcc-arm-none-eabi/lib/gcc/arm-none-eabi/16.1.1/thumb/arm7tdmi\libgcc.a(_clzsi2.o)

.debug_abbrev   0x00000000     0x61bd
 *(.debug_abbrev)
 .debug_abbrev  0x00000000       0x14 C:/msys64/opt/wonderful/thirdparty/blocksds/core/sys/crts/ds_arm7_crt0.o
 .debug_abbrev  0x00000014      0x35e C:/msys64/opt/wonderful/thirdparty/blocksds/core/libs/libnds/lib\libnds7.a(camera.twl.c.o)
 .debug_abbrev  0x00000372      0x1eb C:/msys64/opt/wonderful/thirdparty/blocksds/core/libs/libnds/lib\libnds7.a(camerai2c.twl.c.o)
 .debug_abbrev  0x0000055d      0x43f C:/msys64/opt/wonderful/thirdparty/blocksds/core/libs/libnds/lib\libnds7.a(clock.c.o)
 .debug_abbrev  0x0000099c      0x230 C:/msys64/opt/wonderful/thirdparty/blocksds/core/libs/libnds/lib\libnds7.a(console_id.twl.c.o)
 .debug_abbrev  0x00000bcc      0x21b C:/msys64/opt/wonderful/thirdparty/blocksds/core/libs/libnds/lib\libnds7.a(i2c.twl.c.o)
 .debug_abbrev  0x00000de7      0x2e7 C:/msys64/opt/wonderful/thirdparty/blocksds/core/libs/libnds/lib\libnds7.a(input.c.o)
 .debug_abbrev  0x000010ce      0x2fc C:/msys64/opt/wonderful/thirdparty/blocksds/core/libs/libnds/lib\libnds7.a(crt0_device_list.c.o)
 .debug_abbrev  0x000013ca      0x23f C:/msys64/opt/wonderful/thirdparty/blocksds/core/libs/libnds/lib\libnds7.a(spi.c.o)
 .debug_abbrev  0x00001609      0x476 C:/msys64/opt/wonderful/thirdparty/blocksds/core/libs/libnds/lib\libnds7.a(system.c.o)
 .debug_abbrev  0x00001a7f      0x199 C:/msys64/opt/wonderful/thirdparty/blocksds/core/libs/libnds/lib\libnds7.a(systemShutDown.c.o)
 .debug_abbrev  0x00001c18      0x384 C:/msys64/opt/wonderful/thirdparty/blocksds/core/libs/libnds/lib\libnds7.a(touch.c.o)
 .debug_abbrev  0x00001f9c      0x181 C:/msys64/opt/wonderful/thirdparty/blocksds/core/libs/libnds/lib\libnds7.a(touchFilter.c.o)
 .debug_abbrev  0x0000211d      0x247 C:/msys64/opt/wonderful/thirdparty/blocksds/core/libs/libnds/lib\libnds7.a(tsc.c.o)
 .debug_abbrev  0x00002364      0x222 C:/msys64/opt/wonderful/thirdparty/blocksds/core/libs/libnds/lib\libnds7.a(userSettings.c.o)
 .debug_abbrev  0x00002586      0x5c7 C:/msys64/opt/wonderful/thirdparty/blocksds/core/libs/libnds/lib\libnds7.a(threads.c.o)
 .debug_abbrev  0x00002b4d      0x1a5 C:/msys64/opt/wonderful/thirdparty/blocksds/core/libs/libnds/lib\libnds7.a(exceptions.c.o)
 .debug_abbrev  0x00002cf2      0x51c C:/msys64/opt/wonderful/thirdparty/blocksds/core/libs/libnds/lib\libnds7.a(fifosystem.c.o)
 .debug_abbrev  0x0000320e      0x345 C:/msys64/opt/wonderful/thirdparty/blocksds/core/libs/libnds/lib\libnds7.a(interrupts.c.o)
 .debug_abbrev  0x00003553      0x28d C:/msys64/opt/wonderful/thirdparty/blocksds/core/libs/libnds/lib\libnds7.a(exit.c.o)
 .debug_abbrev  0x000037e0       0xd3 C:/msys64/opt/wonderful/thirdparty/blocksds/core/libs/libnds/lib\libnds7.a(sbrk.c.o)
 .debug_abbrev  0x000038b3      0x131 C:/msys64/opt/wonderful/thirdparty/blocksds/core/libs/libnds/lib\libnds7.a(swiIntrWait.c.o)
 .debug_abbrev  0x000039e4      0x198 C:/msys64/opt/wonderful/thirdparty/blocksds/core/libs/libnds/lib\libnds7.a(timers.c.o)
 .debug_abbrev  0x00003b7c       0x14 C:/msys64/opt/wonderful/thirdparty/blocksds/core/libs/libnds/lib\libnds7.a(interruptDispatcher.s.o)
 .debug_abbrev  0x00003b90       0x12 C:/msys64/opt/wonderful/thirdparty/blocksds/core/libs/libnds/lib\libnds7.a(memcpy.s.o)
 .debug_abbrev  0x00003ba2       0x12 C:/msys64/opt/wonderful/thirdparty/blocksds/core/libs/libnds/lib\libnds7.a(memset.s.o)
 .debug_abbrev  0x00003bb4       0x14 C:/msys64/opt/wonderful/thirdparty/blocksds/core/libs/libnds/lib\libnds7.a(swiSoftReset.s.o)
 .debug_abbrev  0x00003bc8      0x2c9 C:/msys64/opt/wonderful/thirdparty/blocksds/core/libs/libnds/lib\libnds7.a(codec.twl.c.o)
 .debug_abbrev  0x00003e91      0x2c8 C:/msys64/opt/wonderful/thirdparty/blocksds/core/libs/libnds/lib\libnds7.a(console.c.o)
 .debug_abbrev  0x00004159      0x351 C:/msys64/opt/wonderful/thirdparty/blocksds/core/libs/libnds/lib\libnds7.a(firmware.c.o)
 .debug_abbrev  0x000044aa      0x165 C:/msys64/opt/wonderful/thirdparty/blocksds/core/libs/libnds/lib\libnds7.a(card.twl.c.o)
 .debug_abbrev  0x0000460f      0x328 C:/msys64/opt/wonderful/thirdparty/blocksds/core/libs/libnds/lib\libnds7.a(storage_fifo.c.o)
 .debug_abbrev  0x00004937      0x4a4 C:/msys64/opt/wonderful/thirdparty/blocksds/core/libs/libnds/lib\libnds7.a(storage_fifo.twl.c.o)
 .debug_abbrev  0x00004ddb      0x4d0 C:/msys64/opt/wonderful/thirdparty/blocksds/core/libs/libnds/lib\libnds7.a(tmio.twl.c.o)
 .debug_abbrev  0x000052ab      0x26f C:/msys64/opt/wonderful/thirdparty/blocksds/core/libs/libnds/lib\libnds7.a(card.c.o)
 .debug_abbrev  0x0000551a      0x240 C:/msys64/opt/wonderful/thirdparty/blocksds/core/libs/libnds/lib\libnds7.a(nand_crypto.twl.c.o)
 .debug_abbrev  0x0000575a      0x542 C:/msys64/opt/wonderful/thirdparty/blocksds/core/libs/libnds/lib\libnds7.a(sdmmc.twl.c.o)
 .debug_abbrev  0x00005c9c      0x199 C:/msys64/opt/wonderful/thirdparty/blocksds/core/libs/libnds/lib\libnds7.a(sha1.c.o)
 .debug_abbrev  0x00005e35       0x12 C:/msys64/opt/wonderful/thirdparty/blocksds/core/libs/libnds/lib\libnds7.a(biosCalls.twl.s.o)
 .debug_abbrev  0x00005e47       0x28 C:/msys64/opt/wonderful/toolchain/gcc-arm-none-eabi/lib/gcc/arm-none-eabi/16.1.1/../../../../arm-none-eabi/lib/thumb/arm7tdmi\libc.a(strlen.S.o)
 .debug_abbrev  0x00005e6f       0xa2 C:/msys64/opt/wonderful/toolchain/gcc-arm-none-eabi/lib/gcc/arm-none-eabi/16.1.1/../../../../arm-none-eabi/lib/thumb/arm7tdmi\libc.a(libc_misc_init.c.o)
 .debug_abbrev  0x00005f11       0xad C:/msys64/opt/wonderful/toolchain/gcc-arm-none-eabi/lib/gcc/arm-none-eabi/16.1.1/../../../../arm-none-eabi/lib/thumb/arm7tdmi\libc.a(libc_stdlib_exit.c.o)
 .debug_abbrev  0x00005fbe       0x97 C:/msys64/opt/wonderful/toolchain/gcc-arm-none-eabi/lib/gcc/arm-none-eabi/16.1.1/../../../../arm-none-eabi/lib/thumb/arm7tdmi\libc.a(libc_string_memcmp.c.o)
 .debug_abbrev  0x00006055       0xa2 C:/msys64/opt/wonderful/toolchain/gcc-arm-none-eabi/lib/gcc/arm-none-eabi/16.1.1/../../../../arm-none-eabi/lib/thumb/arm7tdmi\libc.a(libc_misc_fini.c.o)
 .debug_abbrev  0x000060f7       0x28 C:/msys64/opt/wonderful/toolchain/gcc-arm-none-eabi/lib/gcc/arm-none-eabi/16.1.1/thumb/arm7tdmi\libgcc.a(_thumb1_case_uqi.o)
 .debug_abbrev  0x0000611f       0x28 C:/msys64/opt/wonderful/toolchain/gcc-arm-none-eabi/lib/gcc/arm-none-eabi/16.1.1/thumb/arm7tdmi\libgcc.a(_thumb1_case_uhi.o)
 .debug_abbrev  0x00006147       0x28 C:/msys64/opt/wonderful/toolchain/gcc-arm-none-eabi/lib/gcc/arm-none-eabi/16.1.1/thumb/arm7tdmi\libgcc.a(_divsi3.o)
 .debug_abbrev  0x0000616f       0x26 C:/msys64/opt/wonderful/toolchain/gcc-arm-none-eabi/lib/gcc/arm-none-eabi/16.1.1/thumb/arm7tdmi\libgcc.a(_dvmd_tls.o)
 .debug_abbrev  0x00006195       0x28 C:/msys64/opt/wonderful/toolchain/gcc-arm-none-eabi/lib/gcc/arm-none-eabi/16.1.1/thumb/arm7tdmi\libgcc.a(_clzsi2.o)

.debug_line     0x00000000     0xca90
 *(.debug_line .debug_line.* .debug_line_end)
 .debug_line    0x00000000       0xd9 C:/msys64/opt/wonderful/thirdparty/blocksds/core/sys/crts/ds_arm7_crt0.o
 .debug_line    0x000000d9      0x5ee C:/msys64/opt/wonderful/thirdparty/blocksds/core/libs/libnds/lib\libnds7.a(camera.twl.c.o)
 .debug_line    0x000006c7      0x3fc C:/msys64/opt/wonderful/thirdparty/blocksds/core/libs/libnds/lib\libnds7.a(camerai2c.twl.c.o)
 .debug_line    0x00000ac3      0xb48 C:/msys64/opt/wonderful/thirdparty/blocksds/core/libs/libnds/lib\libnds7.a(clock.c.o)
 .debug_line    0x0000160b      0x393 C:/msys64/opt/wonderful/thirdparty/blocksds/core/libs/libnds/lib\libnds7.a(console_id.twl.c.o)
 .debug_line    0x0000199e      0x429 C:/msys64/opt/wonderful/thirdparty/blocksds/core/libs/libnds/lib\libnds7.a(i2c.twl.c.o)
 .debug_line    0x00001dc7      0x3d8 C:/msys64/opt/wonderful/thirdparty/blocksds/core/libs/libnds/lib\libnds7.a(input.c.o)
 .debug_line    0x0000219f      0x38e C:/msys64/opt/wonderful/thirdparty/blocksds/core/libs/libnds/lib\libnds7.a(crt0_device_list.c.o)
 .debug_line    0x0000252d      0x34c C:/msys64/opt/wonderful/thirdparty/blocksds/core/libs/libnds/lib\libnds7.a(spi.c.o)
 .debug_line    0x00002879      0x60f C:/msys64/opt/wonderful/thirdparty/blocksds/core/libs/libnds/lib\libnds7.a(system.c.o)
 .debug_line    0x00002e88      0x1d9 C:/msys64/opt/wonderful/thirdparty/blocksds/core/libs/libnds/lib\libnds7.a(systemShutDown.c.o)
 .debug_line    0x00003061      0x4d0 C:/msys64/opt/wonderful/thirdparty/blocksds/core/libs/libnds/lib\libnds7.a(touch.c.o)
 .debug_line    0x00003531      0x367 C:/msys64/opt/wonderful/thirdparty/blocksds/core/libs/libnds/lib\libnds7.a(touchFilter.c.o)
 .debug_line    0x00003898      0x431 C:/msys64/opt/wonderful/thirdparty/blocksds/core/libs/libnds/lib\libnds7.a(tsc.c.o)
 .debug_line    0x00003cc9      0x276 C:/msys64/opt/wonderful/thirdparty/blocksds/core/libs/libnds/lib\libnds7.a(userSettings.c.o)
 .debug_line    0x00003f3f      0xd94 C:/msys64/opt/wonderful/thirdparty/blocksds/core/libs/libnds/lib\libnds7.a(threads.c.o)
 .debug_line    0x00004cd3      0x482 C:/msys64/opt/wonderful/thirdparty/blocksds/core/libs/libnds/lib\libnds7.a(exceptions.c.o)
 .debug_line    0x00005155     0x14f8 C:/msys64/opt/wonderful/thirdparty/blocksds/core/libs/libnds/lib\libnds7.a(fifosystem.c.o)
 .debug_line    0x0000664d      0x809 C:/msys64/opt/wonderful/thirdparty/blocksds/core/libs/libnds/lib\libnds7.a(interrupts.c.o)
 .debug_line    0x00006e56      0x2af C:/msys64/opt/wonderful/thirdparty/blocksds/core/libs/libnds/lib\libnds7.a(exit.c.o)
 .debug_line    0x00007105      0x1c9 C:/msys64/opt/wonderful/thirdparty/blocksds/core/libs/libnds/lib\libnds7.a(sbrk.c.o)
 .debug_line    0x000072ce      0x30d C:/msys64/opt/wonderful/thirdparty/blocksds/core/libs/libnds/lib\libnds7.a(swiIntrWait.c.o)
 .debug_line    0x000075db      0x3a2 C:/msys64/opt/wonderful/thirdparty/blocksds/core/libs/libnds/lib\libnds7.a(timers.c.o)
 .debug_line    0x0000797d       0x9e C:/msys64/opt/wonderful/thirdparty/blocksds/core/libs/libnds/lib\libnds7.a(interruptDispatcher.s.o)
 .debug_line    0x00007a1b       0x9e C:/msys64/opt/wonderful/thirdparty/blocksds/core/libs/libnds/lib\libnds7.a(memcpy.s.o)
 .debug_line    0x00007ab9       0xb8 C:/msys64/opt/wonderful/thirdparty/blocksds/core/libs/libnds/lib\libnds7.a(memset.s.o)
 .debug_line    0x00007b71       0x4e C:/msys64/opt/wonderful/thirdparty/blocksds/core/libs/libnds/lib\libnds7.a(swiSoftReset.s.o)
 .debug_line    0x00007bbf      0x5e7 C:/msys64/opt/wonderful/thirdparty/blocksds/core/libs/libnds/lib\libnds7.a(codec.twl.c.o)
 .debug_line    0x000081a6      0x4b4 C:/msys64/opt/wonderful/thirdparty/blocksds/core/libs/libnds/lib\libnds7.a(console.c.o)
 .debug_line    0x0000865a      0x5e2 C:/msys64/opt/wonderful/thirdparty/blocksds/core/libs/libnds/lib\libnds7.a(firmware.c.o)
 .debug_line    0x00008c3c      0x37f C:/msys64/opt/wonderful/thirdparty/blocksds/core/libs/libnds/lib\libnds7.a(card.twl.c.o)
 .debug_line    0x00008fbb      0x474 C:/msys64/opt/wonderful/thirdparty/blocksds/core/libs/libnds/lib\libnds7.a(storage_fifo.c.o)
 .debug_line    0x0000942f      0x9a0 C:/msys64/opt/wonderful/thirdparty/blocksds/core/libs/libnds/lib\libnds7.a(storage_fifo.twl.c.o)
 .debug_line    0x00009dcf      0xab0 C:/msys64/opt/wonderful/thirdparty/blocksds/core/libs/libnds/lib\libnds7.a(tmio.twl.c.o)
 .debug_line    0x0000a87f      0x5de C:/msys64/opt/wonderful/thirdparty/blocksds/core/libs/libnds/lib\libnds7.a(card.c.o)
 .debug_line    0x0000ae5d      0x328 C:/msys64/opt/wonderful/thirdparty/blocksds/core/libs/libnds/lib\libnds7.a(nand_crypto.twl.c.o)
 .debug_line    0x0000b185     0x1068 C:/msys64/opt/wonderful/thirdparty/blocksds/core/libs/libnds/lib\libnds7.a(sdmmc.twl.c.o)
 .debug_line    0x0000c1ed      0x2f4 C:/msys64/opt/wonderful/thirdparty/blocksds/core/libs/libnds/lib\libnds7.a(sha1.c.o)
 .debug_line    0x0000c4e1       0xca C:/msys64/opt/wonderful/thirdparty/blocksds/core/libs/libnds/lib\libnds7.a(biosCalls.twl.s.o)
 .debug_line    0x0000c5ab       0x4f C:/msys64/opt/wonderful/toolchain/gcc-arm-none-eabi/lib/gcc/arm-none-eabi/16.1.1/../../../../arm-none-eabi/lib/thumb/arm7tdmi\libc.a(strlen.S.o)
 .debug_line    0x0000c5fa       0xa7 C:/msys64/opt/wonderful/toolchain/gcc-arm-none-eabi/lib/gcc/arm-none-eabi/16.1.1/../../../../arm-none-eabi/lib/thumb/arm7tdmi\libc.a(libc_misc_init.c.o)
 .debug_line    0x0000c6a1       0x9e C:/msys64/opt/wonderful/toolchain/gcc-arm-none-eabi/lib/gcc/arm-none-eabi/16.1.1/../../../../arm-none-eabi/lib/thumb/arm7tdmi\libc.a(libc_stdlib_exit.c.o)
 .debug_line    0x0000c73f       0xf0 C:/msys64/opt/wonderful/toolchain/gcc-arm-none-eabi/lib/gcc/arm-none-eabi/16.1.1/../../../../arm-none-eabi/lib/thumb/arm7tdmi\libc.a(libc_string_memcmp.c.o)
 .debug_line    0x0000c82f       0xa8 C:/msys64/opt/wonderful/toolchain/gcc-arm-none-eabi/lib/gcc/arm-none-eabi/16.1.1/../../../../arm-none-eabi/lib/thumb/arm7tdmi\libc.a(libc_misc_fini.c.o)
 .debug_line    0x0000c8d7       0x52 C:/msys64/opt/wonderful/toolchain/gcc-arm-none-eabi/lib/gcc/arm-none-eabi/16.1.1/thumb/arm7tdmi\libgcc.a(_thumb1_case_uqi.o)
 .debug_line    0x0000c929       0x53 C:/msys64/opt/wonderful/toolchain/gcc-arm-none-eabi/lib/gcc/arm-none-eabi/16.1.1/thumb/arm7tdmi\libgcc.a(_thumb1_case_uhi.o)
 .debug_line    0x0000c97c       0x73 C:/msys64/opt/wonderful/toolchain/gcc-arm-none-eabi/lib/gcc/arm-none-eabi/16.1.1/thumb/arm7tdmi\libgcc.a(_divsi3.o)
 .debug_line    0x0000c9ef       0x4a C:/msys64/opt/wonderful/toolchain/gcc-arm-none-eabi/lib/gcc/arm-none-eabi/16.1.1/thumb/arm7tdmi\libgcc.a(_dvmd_tls.o)
 .debug_line    0x0000ca39       0x57 C:/msys64/opt/wonderful/toolchain/gcc-arm-none-eabi/lib/gcc/arm-none-eabi/16.1.1/thumb/arm7tdmi\libgcc.a(_clzsi2.o)

.debug_frame    0x00000000     0x1cac
 *(.debug_frame)
 .debug_frame   0x00000000      0x1e8 C:/msys64/opt/wonderful/thirdparty/blocksds/core/libs/libnds/lib\libnds7.a(camera.twl.c.o)
 .debug_frame   0x000001e8       0xcc C:/msys64/opt/wonderful/thirdparty/blocksds/core/libs/libnds/lib\libnds7.a(camerai2c.twl.c.o)
 .debug_frame   0x000002b4      0x1ec C:/msys64/opt/wonderful/thirdparty/blocksds/core/libs/libnds/lib\libnds7.a(clock.c.o)
 .debug_frame   0x000004a0       0x40 C:/msys64/opt/wonderful/thirdparty/blocksds/core/libs/libnds/lib\libnds7.a(console_id.twl.c.o)
 .debug_frame   0x000004e0      0x104 C:/msys64/opt/wonderful/thirdparty/blocksds/core/libs/libnds/lib\libnds7.a(i2c.twl.c.o)
 .debug_frame   0x000005e4       0x40 C:/msys64/opt/wonderful/thirdparty/blocksds/core/libs/libnds/lib\libnds7.a(input.c.o)
 .debug_frame   0x00000624       0x48 C:/msys64/opt/wonderful/thirdparty/blocksds/core/libs/libnds/lib\libnds7.a(crt0_device_list.c.o)
 .debug_frame   0x0000066c       0xa4 C:/msys64/opt/wonderful/thirdparty/blocksds/core/libs/libnds/lib\libnds7.a(spi.c.o)
 .debug_frame   0x00000710      0x104 C:/msys64/opt/wonderful/thirdparty/blocksds/core/libs/libnds/lib\libnds7.a(system.c.o)
 .debug_frame   0x00000814       0x40 C:/msys64/opt/wonderful/thirdparty/blocksds/core/libs/libnds/lib\libnds7.a(systemShutDown.c.o)
 .debug_frame   0x00000854       0xac C:/msys64/opt/wonderful/thirdparty/blocksds/core/libs/libnds/lib\libnds7.a(touch.c.o)
 .debug_frame   0x00000900       0x30 C:/msys64/opt/wonderful/thirdparty/blocksds/core/libs/libnds/lib\libnds7.a(touchFilter.c.o)
 .debug_frame   0x00000930       0xcc C:/msys64/opt/wonderful/thirdparty/blocksds/core/libs/libnds/lib\libnds7.a(tsc.c.o)
 .debug_frame   0x000009fc       0x34 C:/msys64/opt/wonderful/thirdparty/blocksds/core/libs/libnds/lib\libnds7.a(userSettings.c.o)
 .debug_frame   0x00000a30      0x1e0 C:/msys64/opt/wonderful/thirdparty/blocksds/core/libs/libnds/lib\libnds7.a(threads.c.o)
 .debug_frame   0x00000c10       0x5c C:/msys64/opt/wonderful/thirdparty/blocksds/core/libs/libnds/lib\libnds7.a(exceptions.c.o)
 .debug_frame   0x00000c6c      0x2dc C:/msys64/opt/wonderful/thirdparty/blocksds/core/libs/libnds/lib\libnds7.a(fifosystem.c.o)
 .debug_frame   0x00000f48      0x174 C:/msys64/opt/wonderful/thirdparty/blocksds/core/libs/libnds/lib\libnds7.a(interrupts.c.o)
 .debug_frame   0x000010bc       0x68 C:/msys64/opt/wonderful/thirdparty/blocksds/core/libs/libnds/lib\libnds7.a(exit.c.o)
 .debug_frame   0x00001124       0x28 C:/msys64/opt/wonderful/thirdparty/blocksds/core/libs/libnds/lib\libnds7.a(sbrk.c.o)
 .debug_frame   0x0000114c       0x64 C:/msys64/opt/wonderful/thirdparty/blocksds/core/libs/libnds/lib\libnds7.a(swiIntrWait.c.o)
 .debug_frame   0x000011b0       0xc8 C:/msys64/opt/wonderful/thirdparty/blocksds/core/libs/libnds/lib\libnds7.a(timers.c.o)
 .debug_frame   0x00001278      0x1a8 C:/msys64/opt/wonderful/thirdparty/blocksds/core/libs/libnds/lib\libnds7.a(codec.twl.c.o)
 .debug_frame   0x00001420       0xe8 C:/msys64/opt/wonderful/thirdparty/blocksds/core/libs/libnds/lib\libnds7.a(console.c.o)
 .debug_frame   0x00001508       0x98 C:/msys64/opt/wonderful/thirdparty/blocksds/core/libs/libnds/lib\libnds7.a(firmware.c.o)
 .debug_frame   0x000015a0       0x48 C:/msys64/opt/wonderful/thirdparty/blocksds/core/libs/libnds/lib\libnds7.a(card.twl.c.o)
 .debug_frame   0x000015e8       0x7c C:/msys64/opt/wonderful/thirdparty/blocksds/core/libs/libnds/lib\libnds7.a(storage_fifo.c.o)
 .debug_frame   0x00001664       0x84 C:/msys64/opt/wonderful/thirdparty/blocksds/core/libs/libnds/lib\libnds7.a(storage_fifo.twl.c.o)
 .debug_frame   0x000016e8       0xd8 C:/msys64/opt/wonderful/thirdparty/blocksds/core/libs/libnds/lib\libnds7.a(tmio.twl.c.o)
 .debug_frame   0x000017c0      0x118 C:/msys64/opt/wonderful/thirdparty/blocksds/core/libs/libnds/lib\libnds7.a(card.c.o)