Archive member included to satisfy reference by file (symbol)

C:/msys64/opt/wonderful/thirdparty/blocksds/core/libs/libnds/lib\libnds9.a(cp15.s.o)
                              C:/msys64/opt/wonderful/thirdparty/blocksds/core/sys/crts/ds_arm9_crt0.o (CP15_FlushICache)
C:/msys64/opt/wonderful/thirdparty/blocksds/core/libs/libnds/lib\libnds9.a(mpu_setup.s.o)
                              C:/msys64/opt/wonderful/thirdparty/blocksds/core/sys/crts/ds_arm9_crt0.o (__libnds_mpu_setup)
C:/msys64/opt/wonderful/thirdparty/blocksds/core/libs/libnds/lib\libnds9.a(aeabi_read_tp.s.o)
                              build/arm9/arm9/source/storage.c.o (__aeabi_read_tp)
C:/msys64/opt/wonderful/thirdparty/blocksds/core/libs/libnds/lib\libnds9.a(memcpy.s.o)
                              build/arm9/arm9/source/crypto/crypto.c.o (memcpy)
C:/msys64/opt/wonderful/thirdparty/blocksds/core/libs/libnds/lib\libnds9.a(memset.s.o)
                              build/arm9/arm9/source/crypto/dsi.c.o (memset)
C:/msys64/opt/wonderful/thirdparty/blocksds/core/libs/libnds/lib\libnds9.a(console.c.o)
                              build/arm9/arm9/source/storage.c.o (consoleSelect)
C:/msys64/opt/wonderful/thirdparty/blocksds/core/libs/libnds/lib\libnds9.a(dlmalloc.c.o)
                              build/arm9/arm9/source/storage.c.o (malloc)
C:/msys64/opt/wonderful/thirdparty/blocksds/core/libs/libnds/lib\libnds9.a(crt0_argv.c.o)
                              C:/msys64/opt/wonderful/thirdparty/blocksds/core/sys/crts/ds_arm9_crt0.o (build_argv)
C:/msys64/opt/wonderful/thirdparty/blocksds/core/libs/libnds/lib\libnds9.a(filesystem_setup.c.o)
                              build/arm9/arm9/source/main.c.o (nandInit)
C:/msys64/opt/wonderful/thirdparty/blocksds/core/libs/libnds/lib\libnds9.a(std_streams.c.o)
                              C:/msys64/opt/wonderful/thirdparty/blocksds/core/libs/libnds/lib\libnds9.a(console.c.o) (stderr)
C:/msys64/opt/wonderful/thirdparty/blocksds/core/libs/libnds/lib\libnds9.a(syscalls_filesystem.c.o)
                              build/arm9/arm9/source/main.c.o (stat)
C:/msys64/opt/wonderful/thirdparty/blocksds/core/libs/libnds/lib\libnds9.a(nandfs.c.o)
                              C:/msys64/opt/wonderful/thirdparty/blocksds/core/libs/libnds/lib\libnds9.a(filesystem_setup.c.o) (nand_WriteProtect)
C:/msys64/opt/wonderful/thirdparty/blocksds/core/libs/libnds/lib\libnds9.a(sdmmc.c.o)
                              C:/msys64/opt/wonderful/thirdparty/blocksds/core/libs/libnds/lib\libnds9.a(nandfs.c.o) (nand_Startup)
C:/msys64/opt/wonderful/thirdparty/blocksds/core/libs/libnds/lib\libnds9.a(cache.c.o)
                              C:/msys64/opt/wonderful/thirdparty/blocksds/core/libs/libnds/lib\libnds9.a(console.c.o) (CP15_CleanAndFlushDCacheRange)
C:/msys64/opt/wonderful/thirdparty/blocksds/core/libs/libnds/lib\libnds9.a(exceptions.c.o)
                              build/arm9/arm9/source/main.c.o (defaultExceptionHandler)
C:/msys64/opt/wonderful/thirdparty/blocksds/core/libs/libnds/lib\libnds9.a(initSystem.c.o)
                              C:/msys64/opt/wonderful/thirdparty/blocksds/core/sys/crts/ds_arm9_crt0.o (__debugger_unit)
C:/msys64/opt/wonderful/thirdparty/blocksds/core/libs/libnds/lib\libnds9.a(keys.c.o)
                              build/arm9/arm9/source/main.c.o (scanKeys)
C:/msys64/opt/wonderful/thirdparty/blocksds/core/libs/libnds/lib\libnds9.a(securearea.c.o)
                              C:/msys64/opt/wonderful/thirdparty/blocksds/core/sys/crts/ds_arm9_crt0.o (__secure_area__)
C:/msys64/opt/wonderful/thirdparty/blocksds/core/libs/libnds/lib\libnds9.a(system.c.o)
                              C:/msys64/opt/wonderful/thirdparty/blocksds/core/libs/libnds/lib\libnds9.a(initSystem.c.o) (systemValueHandler)
C:/msys64/opt/wonderful/thirdparty/blocksds/core/libs/libnds/lib\libnds9.a(background.c.o)
                              build/arm9/arm9/source/main.c.o (bgInitHidden)
C:/msys64/opt/wonderful/thirdparty/blocksds/core/libs/libnds/lib\libnds9.a(shadowRegs.c.o)
                              C:/msys64/opt/wonderful/thirdparty/blocksds/core/libs/libnds/lib\libnds9.a(background.c.o) (mosaicShadowSub)
C:/msys64/opt/wonderful/thirdparty/blocksds/core/libs/libnds/lib\libnds9.a(video.c.o)
                              C:/msys64/opt/wonderful/thirdparty/blocksds/core/libs/libnds/lib\libnds9.a(console.c.o) (setBrightness)
C:/msys64/opt/wonderful/thirdparty/blocksds/core/libs/libnds/lib\libnds9.a(threads.c.o)
                              C:/msys64/opt/wonderful/thirdparty/blocksds/core/libs/libnds/lib\libnds9.a(nandfs.c.o) (cothread_yield_irq)
C:/msys64/opt/wonderful/thirdparty/blocksds/core/libs/libnds/lib\libnds9.a(debugprint.c.o)
                              C:/msys64/opt/wonderful/thirdparty/blocksds/core/libs/libnds/lib\libnds9.a(console.c.o) (nocash_putc_buffered)
C:/msys64/opt/wonderful/thirdparty/blocksds/core/libs/libnds/lib\libnds9.a(exceptions.c.o)
[...]
Memory Configuration

Name             Origin             Length             Attributes
ewram            0x02000000         0x00380000
dtcm             0x02ff4000         0x00004000
itcm             0x01000000         0x00008000
*default*        0x00000000         0xffffffff

Linker script and memory map

                0x00000000                        PROVIDE (__dtcm_data_size = 0x0)
                0x00000001                        ASSERT (((__dtcm_data_size & 0x3) == 0x0), __dtcm_data_size must be a multiple of 4)
                0x00004000                        PROVIDE (__dldi_size = 0x4000)
                0x00000040                        PROVIDE (__dtcm_reserved_size = 0x40)
                0x00000001                        ASSERT (((__dtcm_reserved_size & 0x3) == 0x0), __dtcm_reserved_size must be a multiple of 4)
                0x00000100                        PROVIDE (__svc_stack_size = 0x100)
                0x00000001                        ASSERT (((__svc_stack_size & 0x3) == 0x0), __svc_stack_size must be a multiple of 4)
                0x00000100                        PROVIDE (__irq_stack_size = 0x100)
                0x00000001                        ASSERT (((__irq_stack_size & 0x3) == 0x0), __irq_stack_size must be a multiple of 4)
                0x00000000                        PROVIDE (__usr_stack_size = 0x0)
                0x00000001                        ASSERT (((__usr_stack_size & 0x3) == 0x0), __usr_stack_size must be a multiple of 4)
                0x02380000                        __ewram_end = (ORIGIN (ewram) + LENGTH (ewram))
                0x02380000                        __eheap_end = (ORIGIN (ewram) + LENGTH (ewram))
                0x02ff4000                        __dtcm_start = ORIGIN (dtcm)
                0x02ff8000                        __dtcm_top = (ORIGIN (dtcm) + LENGTH (dtcm))
                0x02ff7ff8                        __irq_flags = (__dtcm_top - 0x8)
                0x02ff7ffc                        __irq_vector = (__dtcm_top - 0x4)
                0x02ff7fc0                        __sp_svc = (__dtcm_top - __dtcm_reserved_size)
                0x02ff7ec0                        __sp_irq = (__sp_svc - __svc_stack_size)
                0x02ff7dc0                        __sp_usr = ((__sp_irq - __irq_stack_size) - __dtcm_data_size)
                0x02ff4000                        __dtcm_data_start = (__dtcm_data_size > 0x0)?__sp_usr:ORIGIN (dtcm)
                0x02ff7dc0                        __dtcm_data_top = (__dtcm_data_size > 0x0)?(__sp_irq - __irq_stack_size):(__sp_usr - __usr_stack_size)
                0x0000000e                        __dldi_log2_size = (LOG2CEIL ((__dldi_size + 0x1)) - 0x1)

.secure         0x02000000      0x800
 *(.secure)
 .secure        0x02000000      0x800 C:/msys64/opt/wonderful/thirdparty/blocksds/core/libs/libnds/lib\libnds9.a(securearea.c.o)
                0x02000000                __secure_area__

.crt0           0x02000800      0x2e4
                0x02000800                        __text_start = .
 *(.crt0)
 .crt0          0x02000800      0x2e4 C:/msys64/opt/wonderful/thirdparty/blocksds/core/sys/crts/ds_arm9_crt0.o
                0x02000800                _start
                0x02000ae4                        . = ALIGN (0x4)

.dldi           0x02000b00     0x4000
                0x02000b00                        __dldi_start = .
 *(.dldi)
 .dldi          0x02000b00       0x88 C:/msys64/opt/wonderful/thirdparty/blocksds/core/libs/libnds/lib\libnds9.a(dldi_stub.s.o)
                0x02000b00                _io_dldi_stub
                0x02000b88                        . = ALIGN (0x4)
                0x02000b88                        __dldi_data_end = .
                0x02004b00                        __dldi_end = (__dldi_data_end > __dldi_start)?(__dldi_start + __dldi_size):__dldi_start
                0x02004b00                        . = __dldi_end
 *fill*         0x02000b88     0x3f78 00
                0x02004b00                        . = ALIGN (0x4)

.plt
 *(.plt)

.init           0x02004b00        0x8
 *(SORT_NONE(.init))
 .init          0x02004b00        0x8 C:/msys64/opt/wonderful/toolchain/gcc-arm-none-eabi/lib/gcc/arm-none-eabi/16.1.1/thumb/arm946e-s/crtn.o

.text           0x02004b08     0xe0f0
 *(EXCLUDE_FILE(*.twl* *.itcm*) .text)
 .text          0x02004b08       0x14 C:/msys64/opt/wonderful/toolchain/gcc-arm-none-eabi/lib/gcc/arm-none-eabi/16.1.1/../../../../arm-none-eabi/lib/thumb/arm946e-s\libc.a(strcmp.S.o)
                0x02004b08                strcmp
 .text          0x02004b1c       0x10 C:/msys64/opt/wonderful/toolchain/gcc-arm-none-eabi/lib/gcc/arm-none-eabi/16.1.1/../../../../arm-none-eabi/lib/thumb/arm946e-s\libc.a(strcpy.S.o)
                0x02004b1c                strcpy
 .text          0x02004b2c        0xe C:/msys64/opt/wonderful/toolchain/gcc-arm-none-eabi/lib/gcc/arm-none-eabi/16.1.1/../../../../arm-none-eabi/lib/thumb/arm946e-s\libc.a(strlen.S.o)
                0x02004b2c                strlen
 *fill*         0x02004b3a        0x2 ff
 .text          0x02004b3c       0x14 C:/msys64/opt/wonderful/toolchain/gcc-arm-none-eabi/lib/gcc/arm-none-eabi/16.1.1/thumb/arm946e-s\libgcc.a(_thumb1_case_uqi.o)
                0x02004b3c                __gnu_thumb1_case_uqi
 .text          0x02004b50       0x14 C:/msys64/opt/wonderful/toolchain/gcc-arm-none-eabi/lib/gcc/arm-none-eabi/16.1.1/thumb/arm946e-s\libgcc.a(_thumb1_case_uhi.o)
                0x02004b50                __gnu_thumb1_case_uhi
 .text          0x02004b64      0x214 C:/msys64/opt/wonderful/toolchain/gcc-arm-none-eabi/lib/gcc/arm-none-eabi/16.1.1/thumb/arm946e-s\libgcc.a(_udivsi3.o)
                0x02004b64                __aeabi_uidiv
                0x02004b64                __udivsi3
                0x02004d58                __aeabi_uidivmod
 .text          0x02004d78      0x248 C:/msys64/opt/wonderful/toolchain/gcc-arm-none-eabi/lib/gcc/arm-none-eabi/16.1.1/thumb/arm946e-s\libgcc.a(_divsi3.o)
                0x02004d78                __divsi3
                0x02004d78                __aeabi_idiv
                0x02004fa0                __aeabi_idivmod
 .text          0x02004fc0        0x4 C:/msys64/opt/wonderful/toolchain/gcc-arm-none-eabi/lib/gcc/arm-none-eabi/16.1.1/thumb/arm946e-s\libgcc.a(_dvmd_tls.o)
                0x02004fc0                __aeabi_idiv0
                0x02004fc0                __aeabi_ldiv0
 .text          0x02004fc4       0x18 C:/msys64/opt/wonderful/toolchain/gcc-arm-none-eabi/lib/gcc/arm-none-eabi/16.1.1/thumb/arm946e-s\libgcc.a(_lshrdi3.o)
                0x02004fc4                __lshrdi3
                0x02004fc4                __aeabi_llsr
 .text          0x02004fdc       0x1c C:/msys64/opt/wonderful/toolchain/gcc-arm-none-eabi/lib/gcc/arm-none-eabi/16.1.1/thumb/arm946e-s\libgcc.a(_ashrdi3.o)
                0x02004fdc                __aeabi_lasr
                0x02004fdc                __ashrdi3
 .text          0x02004ff8       0x18 C:/msys64/opt/wonderful/toolchain/gcc-arm-none-eabi/lib/gcc/arm-none-eabi/16.1.1/thumb/arm946e-s\libgcc.a(_ashldi3.o)
                0x02004ff8                __aeabi_llsl
                0x02004ff8                __ashldi3
 .text          0x02005010      0x3c0 C:/msys64/opt/wonderful/toolchain/gcc-arm-none-eabi/lib/gcc/arm-none-eabi/16.1.1/thumb/arm946e-s\libgcc.a(_arm_addsubdf3.o)
                0x02005010                __aeabi_drsub
                0x02005018                __aeabi_dsub
                0x02005018                __subdf3
                0x0200501c                __aeabi_dadd
                0x0200501c                __adddf3
                0x020052c8                __floatunsidf
                0x020052c8                __aeabi_ui2d
                0x020052ec                __floatsidf
                0x020052ec                __aeabi_i2d
                0x02005314                __aeabi_f2d
                0x02005314                __extendsfdf2
                0x0200535c                __floatundidf
                0x0200535c                __aeabi_ul2d
                0x02005370                __floatdidf
                0x02005370                __aeabi_l2d
 .text          0x020053d0       0xa0 C:/msys64/opt/wonderful/toolchain/gcc-arm-none-eabi/lib/gcc/arm-none-eabi/16.1.1/thumb/arm946e-s\libgcc.a(_arm_truncdfsf2.o)
                0x020053d0                __truncdfsf2
                0x020053d0                __aeabi_d2f
 .text          0x02005470        0x8 C:/msys64/opt/wonderful/toolchain/gcc-arm-none-eabi/lib/gcc/arm-none-eabi/16.1.1/thumb/arm946e-s\libgcc.a(_clzsi2.o)
                0x02005470                __clzsi2
 .text          0x02005478       0x14 C:/msys64/opt/wonderful/toolchain/gcc-arm-none-eabi/lib/gcc/arm-none-eabi/16.1.1/thumb/arm946e-s\libgcc.a(_clzdi2.o)
                0x02005478                __clzdi2
 .text          0x0200548c       0xd4 C:/msys64/opt/wonderful/toolchain/gcc-arm-none-eabi/lib/gcc/arm-none-eabi/16.1.1/thumb/arm946e-s\libgcc.a(_aeabi_ldivmod.o)
                0x0200548c                __aeabi_ldivmod
 .text          0x02005560       0x3c C:/msys64/opt/wonderful/toolchain/gcc-arm-none-eabi/lib/gcc/arm-none-eabi/16.1.1/thumb/arm946e-s\libgcc.a(_aeabi_uldivmod.o)
                0x02005560                __aeabi_uldivmod
 .text          0x0200559c      0x190 C:/msys64/opt/wonderful/toolchain/gcc-arm-none-eabi/lib/gcc/arm-none-eabi/16.1.1/thumb/arm946e-s\libgcc.a(_udivmoddi4.o)
                0x0200559c                __udivmoddi4
 .text          0x0200572c       0x14 C:/msys64/opt/wonderful/toolchain/gcc-arm-none-eabi/lib/gcc/arm-none-eabi/16.1.1/thumb/arm946e-s\libgcc.a(muldi3.o)
                0x0200572c                __muldi3
                0x0200572c                __aeabi_lmul
 *(EXCLUDE_FILE(*.twl* *.itcm*) .stub)
 *(EXCLUDE_FILE(*.twl* *.itcm*) .text.*)
 .text.dsi_crypt_init
                0x02005740       0x68 build/arm9/arm9/source/crypto/crypto.c.o
                0x02005740                dsi_crypt_init
 .text.dsi_es_init
                0x020057a8       0x10 build/arm9/arm9/source/crypto/dsi.c.o
                0x020057a8                dsi_es_init
 .text.u128_lrot
                0x020057b8       0x58 build/arm9/arm9/source/crypto/u128_math.c.o
                0x020057b8                u128_lrot
 .text.u128_add
                0x02005810       0x20 build/arm9/arm9/source/crypto/u128_math.c.o
                0x02005810                u128_add
 .text.write_zero_pattern_to_workspace
                0x02005830       0x88 build/arm9/arm9/source/main.c.o
                0x02005830                write_zero_pattern_to_workspace
 .text.initialize_everything
                0x020058b8      0x168 build/arm9/arm9/source/main.c.o
                0x020058b8                initialize_everything
 .text.discover_and_store_app_paths
                0x02005a20      0x134 build/arm9/arm9/source/main.c.o
                0x02005a20                discover_and_store_app_paths
 .text.process_forwarded_nand_stream
                0x02005b54       0x58 build/arm9/arm9/source/main.c.o
                0x02005b54                process_forwarded_nand_stream
 .text.inspect_app_binary_headers
                0x02005bac       0x84 build/arm9/arm9/source/main.c.o
                0x02005bac                inspect_app_binary_headers
 .text.demonstrate_reading_stored_paths
                0x02005c30       0x58 build/arm9/arm9/source/main.c.o
                0x02005c30                demonstrate_reading_stored_paths
 .text.startup.main
                0x02005c88      0x2c0 build/arm9/arm9/source/main.c.o
                0x02005c88                main
 .text.CP15_GetInstructionPermissions
                0x02005f48        0x8 C:/msys64/opt/wonderful/thirdparty/blocksds/core/libs/libnds/lib\libnds9.a(cp15.s.o)
                0x02005f48                CP15_GetInstructionPermissions
 .text.CP15_FlushICache
                0x02005f50        0xc C:/msys64/opt/wonderful/thirdparty/blocksds/core/libs/libnds/lib\libnds9.a(cp15.s.o)
                0x02005f50                CP15_FlushICache
 .text.CP15_FlushDCache
                0x02005f5c        0xc C:/msys64/opt/wonderful/thirdparty/blocksds/core/libs/libnds/lib\libnds9.a(cp15.s.o)
                0x02005f5c                CP15_FlushDCache
 .text.CP15_CleanAndFlushDCache
                0x02005f68       0x34 C:/msys64/opt/wonderful/thirdparty/blocksds/core/libs/libnds/lib\libnds9.a(cp15.s.o)
                0x02005f68                CP15_CleanAndFlushDCache
 .text.__libnds_mpu_setup
                0x02005f9c      0x1c4 C:/msys64/opt/wonderful/thirdparty/blocksds/core/libs/libnds/lib\libnds9.a(mpu_setup.s.o)
                0x02005f9c                __libnds_mpu_setup
 .text.CP15_MPUDisable
                0x02006160       0x3c C:/msys64/opt/wonderful/thirdparty/blocksds/core/libs/libnds/lib\libnds9.a(mpu_setup.s.o)
                0x02006160                CP15_MPUDisable
 .text.__libnds_mpu_jump_past_dtcm
                0x0200619c       0x4c C:/msys64/opt/wonderful/thirdparty/blocksds/core/libs/libnds/lib\libnds9.a(mpu_setup.s.o)
                0x0200619c                __libnds_mpu_jump_past_dtcm
 .text.memUncached
                0x020061e8       0x20 C:/msys64/opt/wonderful/thirdparty/blocksds/core/libs/libnds/lib\libnds9.a(mpu_setup.s.o)
                0x020061e8                memUncached
 .text.__aeabi_read_tp
                0x02006208        0xc C:/msys64/opt/wonderful/thirdparty/blocksds/core/libs/libnds/lib\libnds9.a(aeabi_read_tp.s.o)
                0x02006208                __aeabi_read_tp
 .text.__aeabi_memcpy
                0x02006214       0xc8 C:/msys64/opt/wonderful/thirdparty/blocksds/core/libs/libnds/lib\libnds9.a(memcpy.s.o)
                0x02006214                __aeabi_memcpy
                0x0200624c                __aeabi_memcpy4
                0x0200624c                __aeabi_memcpy8
                0x020062b8                __ndsabi_memcpy2
 .text.__ndsabi_memcpy1
                0x020062dc       0x14 C:/msys64/opt/wonderful/thirdparty/blocksds/core/libs/libnds/lib\libnds9.a(memcpy.s.o)
                0x020062dc                __ndsabi_memcpy1
 .text.memcpy   0x020062f0       0x10 C:/msys64/opt/wonderful/thirdparty/blocksds/core/libs/libnds/lib\libnds9.a(memcpy.s.o)
                0x020062f0                memcpy
 .text.__aeabi_memset
                0x02006300       0x9c C:/msys64/opt/wonderful/thirdparty/blocksds/core/libs/libnds/lib\libnds9.a(memset.s.o)
                0x02006300                __aeabi_memset
                0x02006324                __aeabi_memset8
                0x02006324                __aeabi_memset4
                0x02006330                __ndsabi_wordset4
                0x02006334                __ndsabi_lwordset4
 .text.__ndsabi_memset1
                0x0200639c       0x10 C:/msys64/opt/wonderful/thirdparty/blocksds/core/libs/libnds/lib\libnds9.a(memset.s.o)
                0x0200639c                __ndsabi_memset1
 .text.memset   0x020063ac       0x1c C:/msys64/opt/wonderful/thirdparty/blocksds/core/libs/libnds/lib\libnds9.a(memset.s.o)
                0x020063ac                memset
 .text.newRow   0x020063c8       0x84 C:/msys64/opt/wonderful/thirdparty/blocksds/core/libs/libnds/lib\libnds9.a(console.c.o)
 .text.consolePrintChar.part.0
                0x0200644c      0x100 C:/msys64/opt/wonderful/thirdparty/blocksds/core/libs/libnds/lib\libnds9.a(console.c.o)
 .text.consolePrintChar
                0x0200654c       0x2c C:/msys64/opt/wonderful/thirdparty/blocksds/core/libs/libnds/lib\libnds9.a(console.c.o)
                0x0200654c                consolePrintChar
 .text.con_write
                0x02006578      0x334 C:/msys64/opt/wonderful/thirdparty/blocksds/core/libs/libnds/lib\libnds9.a(console.c.o)
 .text.consoleLoadFont
                0x020068ac      0x254 C:/msys64/opt/wonderful/thirdparty/blocksds/core/libs/libnds/lib\libnds9.a(console.c.o)
                0x020068ac                consoleLoadFont
 .text.consoleInitEx
                0x02006b00       0xfc C:/msys64/opt/wonderful/thirdparty/blocksds/core/libs/libnds/lib\libnds9.a(console.c.o)
                0x02006b00                consoleInitEx
 .text.consoleDemoInit
                0x02006bfc       0x48 C:/msys64/opt/wonderful/thirdparty/blocksds/core/libs/libnds/lib\libnds9.a(console.c.o)
                0x02006bfc                consoleDemoInit
 .text.consoleSetCursor
                0x02006c44       0x28 C:/msys64/opt/wonderful/thirdparty/blocksds/core/libs/libnds/lib\libnds9.a(console.c.o)
                0x02006c44                consoleSetCursor
 .text.consoleSetColor
                0x02006c6c       0x20 C:/msys64/opt/wonderful/thirdparty/blocksds/core/libs/libnds/lib\libnds9.a(console.c.o)
                0x02006c6c                consoleSetColor
 .text.consoleArm7Flush
                0x02006c8c       0x90 C:/msys64/opt/wonderful/thirdparty/blocksds/core/libs/libnds/lib\libnds9.a(console.c.o)
                0x02006c8c                consoleArm7Flush
 .text.comutex_acquire
                0x02006d1c       0x28 C:/msys64/opt/wonderful/thirdparty/blocksds/core/libs/libnds/lib\libnds9.a(dlmalloc.c.o)
 .text.init_top.constprop.0
                0x02006d44       0x3c C:/msys64/opt/wonderful/thirdparty/blocksds/core/libs/libnds/lib\libnds9.a(dlmalloc.c.o)
 .text.segment_holding.constprop.0
                0x02006d80       0x20 C:/msys64/opt/wonderful/thirdparty/blocksds/core/libs/libnds/lib\libnds9.a(dlmalloc.c.o)
 .text.init_mparams.isra.0
                0x02006da0       0x64 C:/msys64/opt/wonderful/thirdparty/blocksds/core/libs/libnds/lib\libnds9.a(dlmalloc.c.o)
 .text.sys_trim.constprop.0
                0x02006e04      0x104 C:/msys64/opt/wonderful/thirdparty/blocksds/core/libs/libnds/lib\libnds9.a(dlmalloc.c.o)
 .text.malloc   0x02006f08      0xccc C:/msys64/opt/wonderful/thirdparty/blocksds/core/libs/libnds/lib\libnds9.a(dlmalloc.c.o)
                0x02006f08                __malloc_malloc
                0x02006f08                malloc
 .text.free     0x02007bd4      0x360 C:/msys64/opt/wonderful/thirdparty/blocksds/core/libs/libnds/lib\libnds9.a(dlmalloc.c.o)
                0x02007bd4                cfree
                0x02007bd4                free
                0x02007bd4                __malloc_free
 .text.calloc   0x02007f34       0x4c C:/msys64/opt/wonderful/thirdparty/blocksds/core/libs/libnds/lib\libnds9.a(dlmalloc.c.o)
                0x02007f34                calloc
 .text.build_argv
                0x02007f80       0x58 C:/msys64/opt/wonderful/thirdparty/blocksds/core/libs/libnds/lib\libnds9.a(crt0_argv.c.o)
                0x02007f80                build_argv
 .text.fatGetDefaultCwd
                0x02007fd8       0xf8 C:/msys64/opt/wonderful/thirdparty/blocksds/core/libs/libnds/lib\libnds9.a(filesystem_setup.c.o)
                0x02007fd8                fatGetDefaultCwd
 .text.nandInit
                0x020080d0       0x98 C:/msys64/opt/wonderful/thirdparty/blocksds/core/libs/libnds/lib\libnds9.a(filesystem_setup.c.o)
                0x020080d0                nandInit
 .text.fatInit.part.0
                0x02008168      0x128 C:/msys64/opt/wonderful/thirdparty/blocksds/core/libs/libnds/lib\libnds9.a(filesystem_setup.c.o)
 .text.fatInitDefault
                0x02008290       0x24 C:/msys64/opt/wonderful/thirdparty/blocksds/core/libs/libnds/lib\libnds9.a(filesystem_setup.c.o)
                0x02008290                fatInitDefault
 .text.putc_buffered
                0x020082b4       0x94 C:/msys64/opt/wonderful/thirdparty/blocksds/core/libs/libnds/lib\libnds9.a(std_streams.c.o)
 .text.stderr_putc_buffered
                0x02008348       0x20 C:/msys64/opt/wonderful/thirdparty/blocksds/core/libs/libnds/lib\libnds9.a(std_streams.c.o)
 .text.libnds_stdin_getc_keyboard
                0x02008368        0x8 C:/msys64/opt/wonderful/thirdparty/blocksds/core/libs/libnds/lib\libnds9.a(std_streams.c.o)
                0x02008368                libnds_stdin_getc_keyboard
 .text.stdout_putc_buffered
                0x02008370       0x40 C:/msys64/opt/wonderful/thirdparty/blocksds/core/libs/libnds/lib\libnds9.a(std_streams.c.o)
 .text.open     0x020083b0       0x70 C:/msys64/opt/wonderful/thirdparty/blocksds/core/libs/libnds/lib\libnds9.a(syscalls_filesystem.c.o)
                0x020083b0                open
 .text.read     0x02008420       0x74 C:/msys64/opt/wonderful/thirdparty/blocksds/core/libs/libnds/lib\libnds9.a(syscalls_filesystem.c.o)
                0x02008420                read
 .text.write    0x02008494       0x90 C:/msys64/opt/wonderful/thirdparty/blocksds/core/libs/libnds/lib\libnds9.a(syscalls_filesystem.c.o)
                0x02008494                write
 .text.close    0x02008524       0x6c C:/msys64/opt/wonderful/thirdparty/blocksds/core/libs/libnds/lib\libnds9.a(syscalls_filesystem.c.o)
                0x02008524                close
 .text.lseek    0x02008590       0x60 C:/msys64/opt/wonderful/thirdparty/blocksds/core/libs/libnds/lib\libnds9.a(syscalls_filesystem.c.o)
                0x02008590                lseek
 .text.stat     0x020085f0       0x50 C:/msys64/opt/wonderful/thirdparty/blocksds/core/libs/libnds/lib\libnds9.a(syscalls_filesystem.c.o)
                0x020085f0                stat
 .text.get_io_dsinand
                0x02008640       0x18 C:/msys64/opt/wonderful/thirdparty/blocksds/core/libs/libnds/lib\libnds9.a(nandfs.c.o)
                0x02008640                get_io_dsinand
 .text.get_io_dsisd
                0x02008658       0x24 C:/msys64/opt/wonderful/thirdparty/blocksds/core/libs/libnds/lib\libnds9.a(sdmmc.c.o)
                0x02008658                get_io_dsisd
 .text.releaseCrashHandler
                0x0200867c       0x7c C:/msys64/opt/wonderful/thirdparty/blocksds/core/libs/libnds/lib\libnds9.a(exceptions.c.o)
 .text.exceptionStatePrint
                0x020086f8       0xf4 C:/msys64/opt/wonderful/thirdparty/blocksds/core/libs/libnds/lib\libnds9.a(exceptions.c.o)
                0x020086f8                exceptionStatePrint
 .text.guruMeditationDump
                0x020087ec      0x134 C:/msys64/opt/wonderful/thirdparty/blocksds/core/libs/libnds/lib\libnds9.a(exceptions.c.o)
                0x020087ec                guruMeditationDump
 .text.defaultHandler
                0x02008920        0x8 C:/msys64/opt/wonderful/thirdparty/blocksds/core/libs/libnds/lib\libnds9.a(exceptions.c.o)
 .text.defaultExceptionHandler
                0x02008928       0x10 C:/msys64/opt/wonderful/thirdparty/blocksds/core/libs/libnds/lib\libnds9.a(exceptions.c.o)
                0x02008928                defaultExceptionHandler
 .text.releaseExceptionHandler
                0x02008938       0x10 C:/msys64/opt/wonderful/thirdparty/blocksds/core/libs/libnds/lib\libnds9.a(exceptions.c.o)
                0x02008938                releaseExceptionHandler
 .text.initSystem
                0x02008948      0x13c C:/msys64/opt/wonderful/thirdparty/blocksds/core/libs/libnds/lib\libnds9.a(initSystem.c.o)
                0x02008948                initSystem
 .text.scanKeys
                0x02008a84       0xcc C:/msys64/opt/wonderful/thirdparty/blocksds/core/libs/libnds/lib\libnds9.a(keys.c.o)
                0x02008a84                scanKeys
 .text.keysHeld
                0x02008b50        0xc C:/msys64/opt/wonderful/thirdparty/blocksds/core/libs/libnds/lib\libnds9.a(keys.c.o)
                0x02008b50                keysHeld
 .text.keysDown
                0x02008b5c        0xc C:/msys64/opt/wonderful/thirdparty/blocksds/core/libs/libnds/lib\libnds9.a(keys.c.o)
                0x02008b5c                keysDown
 .text.setTransferInputData
                0x02008b68       0x1c C:/msys64/opt/wonderful/thirdparty/blocksds/core/libs/libnds/lib\libnds9.a(keys.c.o)
                0x02008b68                setTransferInputData
 .text.systemValueHandler
                0x02008b84       0xc4 C:/msys64/opt/wonderful/thirdparty/blocksds/core/libs/libnds/lib\libnds9.a(system.c.o)
                0x02008b84                systemValueHandler
 .text.systemMsgHandler
                0x02008c48       0x2c C:/msys64/opt/wonderful/thirdparty/blocksds/core/libs/libnds/lib\libnds9.a(system.c.o)
                0x02008c48                systemMsgHandler
 .text.powerOn  0x02008c74       0x28 C:/msys64/opt/wonderful/thirdparty/blocksds/core/libs/libnds/lib\libnds9.a(system.c.o)
                0x02008c74                powerOn
 .text.memBufferIsInMainRam
                0x02008c9c       0x20 C:/msys64/opt/wonderful/thirdparty/blocksds/core/libs/libnds/lib\libnds9.a(system.c.o)
                0x02008c9c                memBufferIsInMainRam
 .text.checkIfText
                0x02008cbc       0x6c C:/msys64/opt/wonderful/thirdparty/blocksds/core/libs/libnds/lib\libnds9.a(background.c.o)
                0x02008cbc                checkIfText
 .text.bgUpdate
                0x02008d28       0xe8 C:/msys64/opt/wonderful/thirdparty/blocksds/core/libs/libnds/lib\libnds9.a(background.c.o)
                0x02008d28                bgUpdate
 .text.bgInitHidden
                0x02008e10       0xa4 C:/msys64/opt/wonderful/thirdparty/blocksds/core/libs/libnds/lib\libnds9.a(background.c.o)
                0x02008e10                bgInitHidden
 .text.bgInit   0x02008eb4       0x48 C:/msys64/opt/wonderful/thirdparty/blocksds/core/libs/libnds/lib\libnds9.a(background.c.o)
                0x02008eb4                bgInit
 .text.bgInitHiddenSub
                0x02008efc       0xa4 C:/msys64/opt/wonderful/thirdparty/blocksds/core/libs/libnds/lib\libnds9.a(background.c.o)
                0x02008efc                bgInitHiddenSub
 .text.bgInitSub
                0x02008fa0       0x48 C:/msys64/opt/wonderful/thirdparty/blocksds/core/libs/libnds/lib\libnds9.a(background.c.o)
                0x02008fa0                bgInitSub
 .text.bgGetMapPtr
                0x02008fe8       0x40 C:/msys64/opt/wonderful/thirdparty/blocksds/core/libs/libnds/lib\libnds9.a(background.c.o)
                0x02008fe8                bgGetMapPtr
 .text.bgGetGfxPtr
                0x02009028       0x74 C:/msys64/opt/wonderful/thirdparty/blocksds/core/libs/libnds/lib\libnds9.a(background.c.o)
                0x02009028                bgGetGfxPtr
 .text.setBrightness
                0x0200909c       0x3c C:/msys64/opt/wonderful/thirdparty/blocksds/core/libs/libnds/lib\libnds9.a(video.c.o)
                0x0200909c                setBrightness
 .text.vramDefault
                0x020090d8       0xe4 C:/msys64/opt/wonderful/thirdparty/blocksds/core/libs/libnds/lib\libnds9.a(video.c.o)
                0x020090d8                vramDefault
 .text.cothread_delete_internal
                0x020091bc       0xb4 C:/msys64/opt/wonderful/thirdparty/blocksds/core/libs/libnds/lib\libnds9.a(threads.c.o)
 .text.cothread_main
                0x02009270       0x1c C:/msys64/opt/wonderful/thirdparty/blocksds/core/libs/libnds/lib\libnds9.a(threads.c.o)
                0x02009270                cothread_main
 .text.cothread_yield
                0x0200928c       0x20 C:/msys64/opt/wonderful/thirdparty/blocksds/core/libs/libnds/lib\libnds9.a(threads.c.o)
                0x0200928c                cothread_yield
 .text.cothread_yield_irq
                0x020092ac       0xa8 C:/msys64/opt/wonderful/thirdparty/blocksds/core/libs/libnds/lib\libnds9.a(threads.c.o)
                0x020092ac                cothread_yield_irq
 .text.cothread_start
                0x02009354      0x114 C:/msys64/opt/wonderful/thirdparty/blocksds/core/libs/libnds/lib\libnds9.a(threads.c.o)
                0x02009354                cothread_start
 .text.setExceptionHandler
                0x02009468       0x18 C:/msys64/opt/wonderful/thirdparty/blocksds/core/libs/libnds/lib\libnds9.a(exceptions.c.o)
                0x02009468                setExceptionHandler
 .text.libndsCrash
                0x02009480        0xc C:/msys64/opt/wonderful/thirdparty/blocksds/core/libs/libnds/lib\libnds9.a(exceptions.c.o)
                0x02009480                libndsCrash
 .text.ARMShift
                0x0200948c       0x58 C:/msys64/opt/wonderful/thirdparty/blocksds/core/libs/libnds/lib\libnds9.a(exceptions.c.o)
                0x0200948c                ARMShift
 .text.getExceptionAddress
                0x020094e4      0x1b4 C:/msys64/opt/wonderful/thirdparty/blocksds/core/libs/libnds/lib\libnds9.a(exceptions.c.o)
                0x020094e4                getExceptionAddress
 .text.fifo_buffer_wait_block
                0x02009698       0x74 C:/msys64/opt/wonderful/thirdparty/blocksds/core/libs/libnds/lib\libnds9.a(fifosystem.c.o)
 .text.fifoFillTxFifoFromBuffer
                0x0200970c       0xac C:/msys64/opt/wonderful/thirdparty/blocksds/core/libs/libnds/lib\libnds9.a(fifosystem.c.o)
 .text.fifoInternalSendInterrupt
                0x020097b8        0x8 C:/msys64/opt/wonderful/thirdparty/blocksds/core/libs/libnds/lib\libnds9.a(fifosystem.c.o)
 .text.fifoInternalSend.part.0
                0x020097c0       0xc4 C:/msys64/opt/wonderful/thirdparty/blocksds/core/libs/libnds/lib\libnds9.a(fifosystem.c.o)
 .text.fifoSendValue32
                0x02009884       0x40 C:/msys64/opt/wonderful/thirdparty/blocksds/core/libs/libnds/lib\libnds9.a(fifosystem.c.o)
                0x02009884                fifoSendValue32
 .text.fifoSendDatamsg
                0x020098c4       0x84 C:/msys64/opt/wonderful/thirdparty/blocksds/core/libs/libnds/lib\libnds9.a(fifosystem.c.o)
                0x020098c4                fifoSendDatamsg
 .text.fifoGetDatamsg
                0x02009948       0xdc C:/msys64/opt/wonderful/thirdparty/blocksds/core/libs/libnds/lib\libnds9.a(fifosystem.c.o)
                0x02009948                fifoGetDatamsg
 .text.fifoReadRxFifoAndProcessBuffer
                0x02009a24      0x348 C:/msys64/opt/wonderful/thirdparty/blocksds/core/libs/libnds/lib\libnds9.a(fifosystem.c.o)
 .text.fifoGetValue32
                0x02009d6c       0x7c C:/msys64/opt/wonderful/thirdparty/blocksds/core/libs/libnds/lib\libnds9.a(fifosystem.c.o)
                0x02009d6c                fifoGetValue32
 .text.fifoInternalRecvInterrupt
                0x02009de8        0x8 C:/msys64/opt/wonderful/thirdparty/blocksds/core/libs/libnds/lib\libnds9.a(fifosystem.c.o)
 .text.fifoSetValue32Handler
                0x02009df0       0xd0 C:/msys64/opt/wonderful/thirdparty/blocksds/core/libs/libnds/lib\libnds9.a(fifosystem.c.o)
                0x02009df0                fifoSetValue32Handler
 .text.fifoSetDatamsgHandler
                0x02009ec0       0xa8 C:/msys64/opt/wonderful/thirdparty/blocksds/core/libs/libnds/lib\libnds9.a(fifosystem.c.o)
                0x02009ec0                fifoSetDatamsgHandler
 .text.fifoCheckValue32
                0x02009f68       0x34 C:/msys64/opt/wonderful/thirdparty/blocksds/core/libs/libnds/lib\libnds9.a(fifosystem.c.o)
                0x02009f68                fifoCheckValue32
 .text.fifoInit
                0x02009f9c      0x138 C:/msys64/opt/wonderful/thirdparty/blocksds/core/libs/libnds/lib\libnds9.a(fifosystem.c.o)
                0x02009f9c                fifoInit
 .text.fifoMutexAcquire
                0x0200a0d4       0x34 C:/msys64/opt/wonderful/thirdparty/blocksds/core/libs/libnds/lib\libnds9.a(fifosystem.c.o)
                0x0200a0d4                fifoMutexAcquire
 .text.fifoMutexRelease
                0x0200a108       0x20 C:/msys64/opt/wonderful/thirdparty/blocksds/core/libs/libnds/lib\libnds9.a(fifosystem.c.o)
                0x0200a108                fifoMutexRelease
 .text.irqSet   0x0200a128       0x90 C:/msys64/opt/wonderful/thirdparty/blocksds/core/libs/libnds/lib\libnds9.a(interrupts.c.o)
                0x0200a128                irqSet
 .text.irqInit  0x0200a1b8       0x44 C:/msys64/opt/wonderful/thirdparty/blocksds/core/libs/libnds/lib\libnds9.a(interrupts.c.o)
                0x0200a1b8                irqInit
 .text.irqEnable
                0x0200a1fc       0x70 C:/msys64/opt/wonderful/thirdparty/blocksds/core/libs/libnds/lib\libnds9.a(interrupts.c.o)
                0x0200a1fc                irqEnable
 .text.systemErrorExit
                0x0200a26c        0x4 C:/msys64/opt/wonderful/thirdparty/blocksds/core/libs/libnds/lib\libnds9.a(exit.c.o)
                0x0200a26c                systemErrorExit
 .text.__libnds_exit
                0x0200a270        0x8 C:/msys64/opt/wonderful/thirdparty/blocksds/core/libs/libnds/lib\libnds9.a(exit.c.o)
                0x0200a270                __libnds_exit
 .text._exit    0x0200a278      0x10c C:/msys64/opt/wonderful/thirdparty/blocksds/core/libs/libnds/lib\libnds9.a(exit.c.o)
                0x0200a278                _exit
 .text.reduceHeapSize
                0x0200a384       0x2c C:/msys64/opt/wonderful/thirdparty/blocksds/core/libs/libnds/lib\libnds9.a(heapfuncs.c.o)
                0x0200a384                reduceHeapSize
 .text.__retarget_lock_init_recursive
                0x0200a3b0       0x44 C:/msys64/opt/wonderful/thirdparty/blocksds/core/libs/libnds/lib\libnds9.a(locks.c.o)
                0x0200a3b0                __retarget_lock_init_recursive
 .text.__retarget_lock_acquire_recursive
                0x0200a3f4       0x70 C:/msys64/opt/wonderful/thirdparty/blocksds/core/libs/libnds/lib\libnds9.a(locks.c.o)
                0x0200a3f4                __retarget_lock_acquire_recursive
 .text.__retarget_lock_release_recursive
                0x0200a464       0x58 C:/msys64/opt/wonderful/thirdparty/blocksds/core/libs/libnds/lib\libnds9.a(locks.c.o)
                0x0200a464                __retarget_lock_release_recursive
 .text.__retarget_lock_init
                0x0200a4bc        0x8 C:/msys64/opt/wonderful/thirdparty/blocksds/core/libs/libnds/lib\libnds9.a(locks.c.o)
                0x0200a4bc                __retarget_lock_init
 .text.__retarget_lock_close
                0x0200a4c4       0x30 C:/msys64/opt/wonderful/thirdparty/blocksds/core/libs/libnds/lib\libnds9.a(locks.c.o)
                0x0200a4c4                __retarget_lock_close
 .text.__retarget_lock_acquire
                0x0200a4f4        0x8 C:/msys64/opt/wonderful/thirdparty/blocksds/core/libs/libnds/lib\libnds9.a(locks.c.o)
                0x0200a4f4                __retarget_lock_acquire
 .text.__retarget_lock_release
                0x0200a4fc        0x8 C:/msys64/opt/wonderful/thirdparty/blocksds/core/libs/libnds/lib\libnds9.a(locks.c.o)
                0x0200a4fc                __retarget_lock_release
 .text.sbrk     0x0200a504       0x40 C:/msys64/opt/wonderful/thirdparty/blocksds/core/libs/libnds/lib\libnds9.a(sbrk.c.o)
                0x0200a504                sbrk
 .text.__ndsabi_coro_make_noctx
                0x0200a544       0x28 C:/msys64/opt/wonderful/thirdparty/blocksds/core/libs/libnds/lib\libnds9.a(coroutine.c.o)
                0x0200a544                __ndsabi_coro_make_noctx
 .text.tchar2uni
                0x0200a56c       0xb8 C:/msys64/opt/wonderful/thirdparty/blocksds/core/libs/libnds/lib\libnds9.a(ff.c.o)
 .text.get_ldnumber
                0x0200a624       0xdc C:/msys64/opt/wonderful/thirdparty/blocksds/core/libs/libnds/lib\libnds9.a(ff.c.o)
 .text.put_utf  0x0200a700       0xf8 C:/msys64/opt/wonderful/thirdparty/blocksds/core/libs/libnds/lib\libnds9.a(ff.c.o)
 .text.get_fileinfo
                0x0200a7f8      0x194 C:/msys64/opt/wonderful/thirdparty/blocksds/core/libs/libnds/lib\libnds9.a(ff.c.o)
 .text.sync_window.part.0
                0x0200a98c       0x48 C:/msys64/opt/wonderful/thirdparty/blocksds/core/libs/libnds/lib\libnds9.a(ff.c.o)
 .text.dir_clear
                0x0200a9d4       0xe8 C:/msys64/opt/wonderful/thirdparty/blocksds/core/libs/libnds/lib\libnds9.a(ff.c.o)
 .text.sync_fs  0x0200aabc       0x88 C:/msys64/opt/wonderful/thirdparty/blocksds/core/libs/libnds/lib\libnds9.a(ff.c.o)
 .text.move_window
                0x0200ab44       0x44 C:/msys64/opt/wonderful/thirdparty/blocksds/core/libs/libnds/lib\libnds9.a(ff.c.o)
 .text.unlock_volume.part.0.isra.0
                0x0200ab88        0x8 C:/msys64/opt/wonderful/thirdparty/blocksds/core/libs/libnds/lib\libnds9.a(ff.c.o)
 .text.get_fat.isra.0
                0x0200ab90       0xb8 C:/msys64/opt/wonderful/thirdparty/blocksds/core/libs/libnds/lib\libnds9.a(ff.c.o)
 .text.dir_sdi  0x0200ac48       0x9c C:/msys64/opt/wonderful/thirdparty/blocksds/core/libs/libnds/lib\libnds9.a(ff.c.o)
 .text.validate
                0x0200ace4       0x60 C:/msys64/opt/wonderful/thirdparty/blocksds/core/libs/libnds/lib\libnds9.a(ff.c.o)
 .text.check_fs
                0x0200ad44      0x14c C:/msys64/opt/wonderful/thirdparty/blocksds/core/libs/libnds/lib\libnds9.a(ff.c.o)
 .text.mount_volume
                0x0200ae90      0x38c C:/msys64/opt/wonderful/thirdparty/blocksds/core/libs/libnds/lib\libnds9.a(ff.c.o)
 .text.put_fat.part.0
                0x0200b21c      0x14c C:/msys64/opt/wonderful/thirdparty/blocksds/core/libs/libnds/lib\libnds9.a(ff.c.o)
 .text.remove_chain
                0x0200b368       0x8c C:/msys64/opt/wonderful/thirdparty/blocksds/core/libs/libnds/lib\libnds9.a(ff.c.o)
 .text.create_chain
                0x0200b3f4      0x128 C:/msys64/opt/wonderful/thirdparty/blocksds/core/libs/libnds/lib\libnds9.a(ff.c.o)
 .text.dir_next
                0x0200b51c       0xdc C:/msys64/opt/wonderful/thirdparty/blocksds/core/libs/libnds/lib\libnds9.a(ff.c.o)
 .text.dir_alloc
                0x0200b5f8       0x4c C:/msys64/opt/wonderful/thirdparty/blocksds/core/libs/libnds/lib\libnds9.a(ff.c.o)
 .text.dir_find
                0x0200b644      0x1e0 C:/msys64/opt/wonderful/thirdparty/blocksds/core/libs/libnds/lib\libnds9.a(ff.c.o)
 .text.follow_path
                0x0200b824      0x408 C:/msys64/opt/wonderful/thirdparty/blocksds/core/libs/libnds/lib\libnds9.a(ff.c.o)
 .text.dir_register
                0x0200bc2c      0x2e4 C:/msys64/opt/wonderful/thirdparty/blocksds/core/libs/libnds/lib\libnds9.a(ff.c.o)
 .text.f_mount  0x0200bf10       0x9c C:/msys64/opt/wonderful/thirdparty/blocksds/core/libs/libnds/lib\libnds9.a(ff.c.o)
                0x0200bf10                libnds_f_mount
 .text.f_open   0x0200bfac      0x2b4 C:/msys64/opt/wonderful/thirdparty/blocksds/core/libs/libnds/lib\libnds9.a(ff.c.o)
                0x0200bfac                libnds_f_open
 .text.f_read   0x0200c260      0x288 C:/msys64/opt/wonderful/thirdparty/blocksds/core/libs/libnds/lib\libnds9.a(ff.c.o)
                0x0200c260                libnds_f_read
 .text.f_write  0x0200c4e8      0x2d8 C:/msys64/opt/wonderful/thirdparty/blocksds/core/libs/libnds/lib\libnds9.a(ff.c.o)
                0x0200c4e8                libnds_f_write
 .text.f_sync   0x0200c7c0       0xc8 C:/msys64/opt/wonderful/thirdparty/blocksds/core/libs/libnds/lib\libnds9.a(ff.c.o)
                0x0200c7c0                libnds_f_sync
 .text.f_close  0x0200c888       0x30 C:/msys64/opt/wonderful/thirdparty/blocksds/core/libs/libnds/lib\libnds9.a(ff.c.o)
                0x0200c888                libnds_f_close
 .text.f_chdrive
                0x0200c8b8       0x24 C:/msys64/opt/wonderful/thirdparty/blocksds/core/libs/libnds/lib\libnds9.a(ff.c.o)
                0x0200c8b8                libnds_f_chdrive
 .text.f_chdir  0x0200c8dc       0xb0 C:/msys64/opt/wonderful/thirdparty/blocksds/core/libs/libnds/lib\libnds9.a(ff.c.o)
                0x0200c8dc                libnds_f_chdir
 .text.f_lseek  0x0200c98c      0x354 C:/msys64/opt/wonderful/thirdparty/blocksds/core/libs/libnds/lib\libnds9.a(ff.c.o)
                0x0200c98c                libnds_f_lseek
 .text.f_stat   0x0200cce0       0xd8 C:/msys64/opt/wonderful/thirdparty/blocksds/core/libs/libnds/lib\libnds9.a(ff.c.o)
                0x0200cce0                libnds_f_stat
 .text.ff_uni2oem
                0x0200cdb8       0x40 C:/msys64/opt/wonderful/thirdparty/blocksds/core/libs/libnds/lib\libnds9.a(ffunicode.c.o)
                0x0200cdb8                libnds_ff_uni2oem
 .text.ff_oem2uni
                0x0200cdf8       0x28 C:/msys64/opt/wonderful/thirdparty/blocksds/core/libs/libnds/lib\libnds9.a(ffunicode.c.o)
                0x0200cdf8                libnds_ff_oem2uni
 .text.ff_wtoupper
                0x0200ce20       0xd0 C:/msys64/opt/wonderful/thirdparty/blocksds/core/libs/libnds/lib\libnds9.a(ffunicode.c.o)
                0x0200ce20                libnds_ff_wtoupper
 .text.getCPSR  0x0200cef0        0x8 C:/msys64/opt/wonderful/thirdparty/blocksds/core/libs/libnds/lib\libnds9.a(cpu.s.o)
                0x0200cef0                getCPSR
 .text.dmaSetParams
                0x0200cef8       0x1c C:/msys64/opt/wonderful/thirdparty/blocksds/core/libs/libnds/lib\libnds9.a(dma.s.o)
                0x0200cef8                dmaSetParams
 .text.dmaStopSafe
                0x0200cf14       0x44 C:/msys64/opt/wonderful/thirdparty/blocksds/core/libs/libnds/lib\libnds9.a(dma.s.o)
                0x0200cf14                dmaStopSafe
 .text.enterException
                0x0200cf58       0xd4 C:/msys64/opt/wonderful/thirdparty/blocksds/core/libs/libnds/lib\libnds9.a(exceptionHandler.s.o)
                0x0200cf58                enterException
                0x0200cfcc                exceptionC
                0x0200cfd0                exceptionStack
                0x0200cfd4                exceptionRegisters
 .text.__ndsabi_coro_resume
                0x0200d02c       0x18 C:/msys64/opt/wonderful/thirdparty/blocksds/core/libs/libnds/lib\libnds9.a(coroutine.s.o)
                0x0200d02c                __ndsabi_coro_resume
 .text.__ndsabi_coro_yield
                0x0200d044       0x1c C:/msys64/opt/wonderful/thirdparty/blocksds/core/libs/libnds/lib\libnds9.a(coroutine.s.o)
                0x0200d044                __ndsabi_coro_yield
 .text.__ndsabi_coro_pop_noctx
                0x0200d060       0x34 C:/msys64/opt/wonderful/thirdparty/blocksds/core/libs/libnds/lib\libnds9.a(coroutine.s.o)
                0x0200d060                __ndsabi_coro_pop_noctx
 .text.chdir    0x0200d094       0xe8 C:/msys64/opt/wonderful/thirdparty/blocksds/core/libs/libnds/lib\libnds9.a(chdir.c.o)
                0x0200d094                chdir
 .text.deviceIoGetIndexFromDrive
                0x0200d17c       0x50 C:/msys64/opt/wonderful/thirdparty/blocksds/core/libs/libnds/lib\libnds9.a(device_io.c.o)
                0x0200d17c                deviceIoGetIndexFromDrive
 .text.deviceIoGetIndexFromPath
                0x0200d1cc       0x4c C:/msys64/opt/wonderful/thirdparty/blocksds/core/libs/libnds/lib\libnds9.a(device_io.c.o)
                0x0200d1cc                deviceIoGetIndexFromPath
 .text.deviceIoGetFunctionFromIndex
                0x0200d218       0x3c C:/msys64/opt/wonderful/thirdparty/blocksds/core/libs/libnds/lib\libnds9.a(device_io.c.o)
                0x0200d218                deviceIoGetFunctionFromIndex
 .text.cache_init
                0x0200d254       0xac C:/msys64/opt/wonderful/thirdparty/blocksds/core/libs/libnds/lib\libnds9.a(cache.c.o)
                0x0200d254                cache_init
 .text.cache_sector_get
                0x0200d300       0x70 C:/msys64/opt/wonderful/thirdparty/blocksds/core/libs/libnds/lib\libnds9.a(cache.c.o)
                0x0200d300                cache_sector_get
 .text.cache_sector_add
                0x0200d370       0xb0 C:/msys64/opt/wonderful/thirdparty/blocksds/core/libs/libnds/lib\libnds9.a(cache.c.o)
                0x0200d370                cache_sector_add
 .text.cache_sector_invalidate
                0x0200d420       0x4c C:/msys64/opt/wonderful/thirdparty/blocksds/core/libs/libnds/lib\libnds9.a(cache.c.o)
                0x0200d420                cache_sector_invalidate
 .text.disk_status
                0x0200d46c       0x64 C:/msys64/opt/wonderful/thirdparty/blocksds/core/libs/libnds/lib\libnds9.a(diskio.c.o)
                0x0200d46c                libnds_disk_status
 .text.disk_initialize
                0x0200d4d0       0x74 C:/msys64/opt/wonderful/thirdparty/blocksds/core/libs/libnds/lib\libnds9.a(diskio.c.o)
                0x0200d4d0                libnds_disk_initialize
 .text.disk_read
                0x0200d544      0x104 C:/msys64/opt/wonderful/thirdparty/blocksds/core/libs/libnds/lib\libnds9.a(diskio.c.o)
                0x0200d544                libnds_disk_read
 .text.disk_write
                0x0200d648       0xbc C:/msys64/opt/wonderful/thirdparty/blocksds/core/libs/libnds/lib\libnds9.a(diskio.c.o)
                0x0200d648                libnds_disk_write
 .text.disk_ioctl
                0x0200d704       0x48 C:/msys64/opt/wonderful/thirdparty/blocksds/core/libs/libnds/lib\libnds9.a(diskio.c.o)
                0x0200d704                libnds_disk_ioctl
 .text.get_fattime
                0x0200d74c       0x1c C:/msys64/opt/wonderful/thirdparty/blocksds/core/libs/libnds/lib\libnds9.a(diskio.c.o)
                0x0200d74c                libnds_ff_get_fattime
 .text.ff_mutex_create
                0x0200d768       0x10 C:/msys64/opt/wonderful/thirdparty/blocksds/core/libs/libnds/lib\libnds9.a(ffsystem.c.o)
                0x0200d768                libnds_ff_mutex_create
 .text.ff_mutex_delete
                0x0200d778        0x4 C:/msys64/opt/wonderful/thirdparty/blocksds/core/libs/libnds/lib\libnds9.a(ffsystem.c.o)
                0x0200d778                libnds_ff_mutex_delete
 .text.ff_mutex_take
                0x0200d77c       0x18 C:/msys64/opt/wonderful/thirdparty/blocksds/core/libs/libnds/lib\libnds9.a(ffsystem.c.o)
                0x0200d77c                libnds_ff_mutex_take
 .text.ff_mutex_give
                0x0200d794       0x1c C:/msys64/opt/wonderful/thirdparty/blocksds/core/libs/libnds/lib\libnds9.a(ffsystem.c.o)
                0x0200d794                libnds_ff_mutex_give
 .text.fatfs_error_to_posix
                0x0200d7b0       0x24 C:/msys64/opt/wonderful/thirdparty/blocksds/core/libs/libnds/lib\libnds9.a(fatfs_helpers.c.o)
                0x0200d7b0                fatfs_error_to_posix
 .text.fatfs_fattime_to_timestamp
                0x0200d7d4       0x50 C:/msys64/opt/wonderful/thirdparty/blocksds/core/libs/libnds/lib\libnds9.a(fatfs_helpers.c.o)
                0x0200d7d4                fatfs_fattime_to_timestamp
 .text.fatfs_timestamp_to_fattime
                0x0200d824       0x28 C:/msys64/opt/wonderful/thirdparty/blocksds/core/libs/libnds/lib\libnds9.a(fatfs_helpers.c.o)
                0x0200d824                fatfs_timestamp_to_fattime
 .text.fat_open
                0x0200d84c       0xac C:/msys64/opt/wonderful/thirdparty/blocksds/core/libs/libnds/lib\libnds9.a(fat_device.c.o)
                0x0200d84c                fat_open
 .text.fat_read
                0x0200d8f8       0x34 C:/msys64/opt/wonderful/thirdparty/blocksds/core/libs/libnds/lib\libnds9.a(fat_device.c.o)
                0x0200d8f8                fat_read
 .text.fat_write
                0x0200d92c       0x34 C:/msys64/opt/wonderful/thirdparty/blocksds/core/libs/libnds/lib\libnds9.a(fat_device.c.o)
                0x0200d92c                fat_write
 .text.fat_close
                0x0200d960       0x40 C:/msys64/opt/wonderful/thirdparty/blocksds/core/libs/libnds/lib\libnds9.a(fat_device.c.o)
                0x0200d960                fat_close
 .text.fat_lseek
                0x0200d9a0       0x58 C:/msys64/opt/wonderful/thirdparty/blocksds/core/libs/libnds/lib\libnds9.a(fat_device.c.o)
                0x0200d9a0                fat_lseek
 .text.fat_stat
                0x0200d9f8       0x94 C:/msys64/opt/wonderful/thirdparty/blocksds/core/libs/libnds/lib\libnds9.a(fat_device.c.o)
                0x0200d9f8                fat_stat
 .text.fat_chdir
                0x0200da8c       0x28 C:/msys64/opt/wonderful/thirdparty/blocksds/core/libs/libnds/lib\libnds9.a(fat_device.c.o)
                0x0200da8c                fat_chdir
 .text.fat_chdrive
                0x0200dab4       0x60 C:/msys64/opt/wonderful/thirdparty/blocksds/core/libs/libnds/lib\libnds9.a(fat_device.c.o)
                0x0200dab4                fat_chdrive
 .text.fat_isdrive
                0x0200db14       0x4c C:/msys64/opt/wonderful/thirdparty/blocksds/core/libs/libnds/lib\libnds9.a(fat_device.c.o)
                0x0200db14                fat_isdrive
 .text.nitrofs_read_internal_cart
                0x0200db60       0xa4 C:/msys64/opt/wonderful/thirdparty/blocksds/core/libs/libnds/lib\libnds9.a(nitrofs_device.c.o)
 .text.nitrofs_read_internal
                0x0200dc04       0x54 C:/msys64/opt/wonderful/thirdparty/blocksds/core/libs/libnds/lib\libnds9.a(nitrofs_device.c.o)
 .text.nitrofs_dir_state_init
                0x0200dc58       0x9c C:/msys64/opt/wonderful/thirdparty/blocksds/core/libs/libnds/lib\libnds9.a(nitrofs_device.c.o)
 .text.nitrofs_dir_state_next
                0x0200dcf4       0xb0 C:/msys64/opt/wonderful/thirdparty/blocksds/core/libs/libnds/lib\libnds9.a(nitrofs_device.c.o)
 .text.nitrofs_dir_step
                0x0200dda4       0xf0 C:/msys64/opt/wonderful/thirdparty/blocksds/core/libs/libnds/lib\libnds9.a(nitrofs_device.c.o)
 .text.nitrofs_path_resolve
                0x0200de94       0x68 C:/msys64/opt/wonderful/thirdparty/blocksds/core/libs/libnds/lib\libnds9.a(nitrofs_device.c.o)
                0x0200de94                nitrofs_path_resolve
 .text.nitrofs_chdir
                0x0200defc       0x40 C:/msys64/opt/wonderful/thirdparty/blocksds/core/libs/libnds/lib\libnds9.a(nitrofs_device.c.o)
                0x0200defc                nitrofs_chdir
 .text.nitrofs_chdrive
                0x0200df3c        0x4 C:/msys64/opt/wonderful/thirdparty/blocksds/core/libs/libnds/lib\libnds9.a(nitrofs_device.c.o)
                0x0200df3c                nitrofs_chdrive
 .text.nitrofs_read
                0x0200df40       0x30 C:/msys64/opt/wonderful/thirdparty/blocksds/core/libs/libnds/lib\libnds9.a(nitrofs_device.c.o)
                0x0200df40                nitrofs_read
 .text.nitrofs_lseek
                0x0200df70       0x54 C:/msys64/opt/wonderful/thirdparty/blocksds/core/libs/libnds/lib\libnds9.a(nitrofs_device.c.o)
                0x0200df70                nitrofs_lseek
 .text.nitrofs_close
                0x0200dfc4       0x10 C:/msys64/opt/wonderful/thirdparty/blocksds/core/libs/libnds/lib\libnds9.a(nitrofs_device.c.o)
                0x0200dfc4                nitrofs_close
 .text.nitroFSOpenById
                0x0200dfd4       0x5c C:/msys64/opt/wonderful/thirdparty/blocksds/core/libs/libnds/lib\libnds9.a(nitrofs_device.c.o)
                0x0200dfd4                nitroFSOpenById
 .text.nitrofs_open
                0x0200e030       0x58 C:/msys64/opt/wonderful/thirdparty/blocksds/core/libs/libnds/lib\libnds9.a(nitrofs_device.c.o)
                0x0200e030                nitrofs_open
 .text.nitrofs_stat
                0x0200e088       0xac C:/msys64/opt/wonderful/thirdparty/blocksds/core/libs/libnds/lib\libnds9.a(nitrofs_device.c.o)
                0x0200e088                nitrofs_stat
 .text.nitrofs_isdrive
                0x0200e134       0x14 C:/msys64/opt/wonderful/thirdparty/blocksds/core/libs/libnds/lib\libnds9.a(nitrofs_device.c.o)
                0x0200e134                nitrofs_isdrive
 .text.__sassert
                0x0200e148       0x90 C:/msys64/opt/wonderful/thirdparty/blocksds/core/libs/libnds/lib\libnds9.a(sassert.c.o)
                0x0200e148                __sassert
 .text.cardReadArm7
                0x0200e1d8       0x6c C:/msys64/opt/wonderful/thirdparty/blocksds/core/libs/libnds/lib\libnds9.a(card.c.o)
                0x0200e1d8                cardReadArm7
 .text.dldi_arm7_read_sectors
                0x0200e244       0x5c C:/msys64/opt/wonderful/thirdparty/blocksds/core/libs/libnds/lib\libnds9.a(dldi.c.o)
 .text.dldi_arm7_shutdown
                0x0200e2a0       0x3c C:/msys64/opt/wonderful/thirdparty/blocksds/core/libs/libnds/lib\libnds9.a(dldi.c.o)
 .text.dldi_arm7_clear_status
                0x0200e2dc       0x3c C:/msys64/opt/wonderful/thirdparty/blocksds/core/libs/libnds/lib\libnds9.a(dldi.c.o)
 .text.dldi_arm7_is_inserted
                0x0200e318       0x3c C:/msys64/opt/wonderful/thirdparty/blocksds/core/libs/libnds/lib\libnds9.a(dldi.c.o)
 .text.dldi_arm7_startup
                0x0200e354       0x50 C:/msys64/opt/wonderful/thirdparty/blocksds/core/libs/libnds/lib\libnds9.a(dldi.c.o)
 .text.dldi_arm7_write_sectors
                0x0200e3a4       0x5c C:/msys64/opt/wonderful/thirdparty/blocksds/core/libs/libnds/lib\libnds9.a(dldi.c.o)
 .text.dldiGetMode
                0x0200e400        0xc C:/msys64/opt/wonderful/thirdparty/blocksds/core/libs/libnds/lib\libnds9.a(dldi.c.o)
                0x0200e400                dldiGetMode
 .text.dldiGetInternal
                0x0200e40c       0xb0 C:/msys64/opt/wonderful/thirdparty/blocksds/core/libs/libnds/lib\libnds9.a(dldi.c.o)
                0x0200e40c                dldiGetInternal
 .text.dldiGetStubDataEnd
                0x0200e4bc       0x20 C:/msys64/opt/wonderful/thirdparty/blocksds/core/libs/libnds/lib\libnds9.a(dldi.c.o)
                0x0200e4bc                dldiGetStubDataEnd
 .text.dldiGetStubEnd
                0x0200e4dc        0x8 C:/msys64/opt/wonderful/thirdparty/blocksds/core/libs/libnds/lib\libnds9.a(dldi.c.o)
                0x0200e4dc                dldiGetStubEnd
 .text.sinLutLookup
                0x0200e4e4       0x50 C:/msys64/opt/wonderful/thirdparty/blocksds/core/libs/libnds/lib\libnds9.a(trig.c.o)
                0x0200e4e4                sinLutLookup
 .text.sinLerp  0x0200e534       0x38 C:/msys64/opt/wonderful/thirdparty/blocksds/core/libs/libnds/lib\libnds9.a(trig.c.o)
                0x0200e534                sinLerp
 .text.cosLerp  0x0200e56c       0x40 C:/msys64/opt/wonderful/thirdparty/blocksds/core/libs/libnds/lib\libnds9.a(trig.c.o)
                0x0200e56c                cosLerp
 .text.cardPolledTransfer
                0x0200e5ac       0x5c C:/msys64/opt/wonderful/thirdparty/blocksds/core/libs/libnds/lib\libnds9.a(card.c.o)
                0x0200e5ac                cardPolledTransfer
 .text.cardRead
                0x0200e608      0x17c C:/msys64/opt/wonderful/thirdparty/blocksds/core/libs/libnds/lib\libnds9.a(card.c.o)
                0x0200e608                cardRead
 .text.__libc_init_array
                0x0200e784       0x1c C:/msys64/opt/wonderful/toolchain/gcc-arm-none-eabi/lib/gcc/arm-none-eabi/16.1.1/../../../../arm-none-eabi/lib/thumb/arm946e-s\libc.a(libc_misc_init.c.o)
                0x0200e784                __libc_init_array
 .text.fclose   0x0200e7a0       0x16 C:/msys64/opt/wonderful/toolchain/gcc-arm-none-eabi/lib/gcc/arm-none-eabi/16.1.1/../../../../arm-none-eabi/lib/thumb/arm946e-s\libc.a(libc_stdio_fclose.c.o)
                0x0200e7a0                fclose
 *fill*         0x0200e7b6        0x2 ff
 .text.fdopen   0x0200e7b8       0x94 C:/msys64/opt/wonderful/toolchain/gcc-arm-none-eabi/lib/gcc/arm-none-eabi/16.1.1/../../../../arm-none-eabi/lib/thumb/arm946e-s\libc.a(libc_stdio_fdopen.c.o)
                0x0200e7b8                fdopen
 .text.fflush   0x0200e84c       0x1a C:/msys64/opt/wonderful/toolchain/gcc-arm-none-eabi/lib/gcc/arm-none-eabi/16.1.1/../../../../arm-none-eabi/lib/thumb/arm946e-s\libc.a(libc_stdio_fflush.c.o)
                0x0200e84c                fflush
 .text.fopen    0x0200e866       0x3a C:/msys64/opt/wonderful/toolchain/gcc-arm-none-eabi/lib/gcc/arm-none-eabi/16.1.1/../../../../arm-none-eabi/lib/thumb/arm946e-s\libc.a(libc_stdio_fopen.c.o)
                0x0200e866                fopen
 .text.putc     0x0200e8a0       0x2e C:/msys64/opt/wonderful/toolchain/gcc-arm-none-eabi/lib/gcc/arm-none-eabi/16.1.1/../../../../arm-none-eabi/lib/thumb/arm946e-s\libc.a(libc_stdio_fputc.c.o)
                0x0200e8a0                putc
                0x0200e8a0                fputc
                0x0200e8a0                putc_unlocked
 *fill*         0x0200e8ce        0x2 ff
 .text.fread    0x0200e8d0      0x1ac C:/msys64/opt/wonderful/toolchain/gcc-arm-none-eabi/lib/gcc/arm-none-eabi/16.1.1/../../../../arm-none-eabi/lib/thumb/arm946e-s\libc.a(libc_stdio_fread.c.o)
                0x0200e8d0                fread
 .text.fseek    0x0200ea7c       0x40 C:/msys64/opt/wonderful/toolchain/gcc-arm-none-eabi/lib/gcc/arm-none-eabi/16.1.1/../../../../arm-none-eabi/lib/thumb/arm946e-s\libc.a(libc_stdio_fseek.c.o)
                0x0200ea7c                fseek
 .text.fseeko   0x0200eabc       0x40 C:/msys64/opt/wonderful/toolchain/gcc-arm-none-eabi/lib/gcc/arm-none-eabi/16.1.1/../../../../arm-none-eabi/lib/thumb/arm946e-s\libc.a(libc_stdio_fseeko.c.o)
                0x0200eabc                fseeko
 .text.fwrite   0x0200eafc      0x15a C:/msys64/opt/wonderful/toolchain/gcc-arm-none-eabi/lib/gcc/arm-none-eabi/16.1.1/../../../../arm-none-eabi/lib/thumb/arm946e-s\libc.a(libc_stdio_fwrite.c.o)
                0x0200eafc                fwrite
 *fill*         0x0200ec56        0x2 ff
 .text.printf   0x0200ec58       0x20 C:/msys64/opt/wonderful/toolchain/gcc-arm-none-eabi/lib/gcc/arm-none-eabi/16.1.1/../../../../arm-none-eabi/lib/thumb/arm946e-s\libc.a(libc_stdio_printf.c.o)
                0x0200ec58                printf
 .text.putchar  0x0200ec78       0x10 C:/msys64/opt/wonderful/toolchain/gcc-arm-none-eabi/lib/gcc/arm-none-eabi/16.1.1/../../../../arm-none-eabi/lib/thumb/arm946e-s\libc.a(libc_stdio_putchar.c.o)
                0x0200ec78                putchar_unlocked
                0x0200ec78                putchar
 .text.puts     0x0200ec88       0x44 C:/msys64/opt/wonderful/toolchain/gcc-arm-none-eabi/lib/gcc/arm-none-eabi/16.1.1/../../../../arm-none-eabi/lib/thumb/arm946e-s\libc.a(libc_stdio_puts.c.o)
                0x0200ec88                puts
 .text.__stdio_flags
                0x0200eccc       0x58 C:/msys64/opt/wonderful/toolchain/gcc-arm-none-eabi/lib/gcc/arm-none-eabi/16.1.1/../../../../arm-none-eabi/lib/thumb/arm946e-s\libc.a(libc_stdio_sflags.c.o)
                0x0200eccc                __stdio_flags
 .text.snprintf
                0x0200ed24       0x54 C:/msys64/opt/wonderful/toolchain/gcc-arm-none-eabi/lib/gcc/arm-none-eabi/16.1.1/../../../../arm-none-eabi/lib/thumb/arm946e-s\libc.a(libc_stdio_snprintf.c.o)
                0x0200ed24                snprintf
 .text.__ultoa_invert
                0x0200ed78       0x4a C:/msys64/opt/wonderful/toolchain/gcc-arm-none-eabi/lib/gcc/arm-none-eabi/16.1.1/../../../../arm-none-eabi/lib/thumb/arm946e-s\libc.a(libc_stdio_vfprintf.c.o)
 *fill*         0x0200edc2        0x2 ff
 .text.skip_to_arg
                0x0200edc4      0x140 C:/msys64/opt/wonderful/toolchain/gcc-arm-none-eabi/lib/gcc/arm-none-eabi/16.1.1/../../../../arm-none-eabi/lib/thumb/arm946e-s\libc.a(libc_stdio_vfprintf.c.o)
 .text.vfprintf
                0x0200ef04      0xb34 C:/msys64/opt/wonderful/toolchain/gcc-arm-none-eabi/lib/gcc/arm-none-eabi/16.1.1/../../../../arm-none-eabi/lib/thumb/arm946e-s\libc.a(libc_stdio_vfprintf.c.o)
                0x0200ef04                vfprintf
                0x0200ef04                __d_vfprintf
 .text.vprintf  0x0200fa38       0x14 C:/msys64/opt/wonderful/toolchain/gcc-arm-none-eabi/lib/gcc/arm-none-eabi/16.1.1/../../../../arm-none-eabi/lib/thumb/arm946e-s\libc.a(libc_stdio_vprintf.c.o)
                0x0200fa38                vprintf
 .text.mulShiftAll64
                0x0200fa4c      0x202 C:/msys64/opt/wonderful/toolchain/gcc-arm-none-eabi/lib/gcc/arm-none-eabi/16.1.1/../../../../arm-none-eabi/lib/thumb/arm946e-s\libc.a(libc_stdio_dtoa_ryu.c.o)
 *fill*         0x0200fc4e        0x2 ff
 .text.div10    0x0200fc50       0x28 C:/msys64/opt/wonderful/toolchain/gcc-arm-none-eabi/lib/gcc/arm-none-eabi/16.1.1/../../../../arm-none-eabi/lib/thumb/arm946e-s\libc.a(libc_stdio_dtoa_ryu.c.o)
 .text.__dtoa_engine
                0x0200fc78      0x4bc C:/msys64/opt/wonderful/toolchain/gcc-arm-none-eabi/lib/gcc/arm-none-eabi/16.1.1/../../../../arm-none-eabi/lib/thumb/arm946e-s\libc.a(libc_stdio_dtoa_ryu.c.o)
                0x0200fc78                __dtoa_engine
 .text.__log10Pow2
                0x02010134        0xc C:/msys64/opt/wonderful/toolchain/gcc-arm-none-eabi/lib/gcc/arm-none-eabi/16.1.1/../../../../arm-none-eabi/lib/thumb/arm946e-s\libc.a(libc_stdio_ryu_log10.c.o)
                0x02010134                __log10Pow2
 .text.__log10Pow5
                0x02010140        0xc C:/msys64/opt/wonderful/toolchain/gcc-arm-none-eabi/lib/gcc/arm-none-eabi/16.1.1/../../../../arm-none-eabi/lib/thumb/arm946e-s\libc.a(libc_stdio_ryu_log10.c.o)
                0x02010140                __log10Pow5
 .text.__pow5bits
                0x0201014c       0x10 C:/msys64/opt/wonderful/toolchain/gcc-arm-none-eabi/lib/gcc/arm-none-eabi/16.1.1/../../../../arm-none-eabi/lib/thumb/arm946e-s\libc.a(libc_stdio_ryu_pow5bits.c.o)
                0x0201014c                __pow5bits
 .text.__pow5Factor
                0x0201015c       0x2c C:/msys64/opt/wonderful/toolchain/gcc-arm-none-eabi/lib/gcc/arm-none-eabi/16.1.1/../../../../arm-none-eabi/lib/thumb/arm946e-s\libc.a(libc_stdio_ryu_table.c.o)
                0x0201015c                __pow5Factor
 .text.__double_computePow5
                0x02010188      0x100 C:/msys64/opt/wonderful/toolchain/gcc-arm-none-eabi/lib/gcc/arm-none-eabi/16.1.1/../../../../arm-none-eabi/lib/thumb/arm946e-s\libc.a(libc_stdio_ryu_table.c.o)
                0x02010188                __double_computePow5
 .text.__double_computeInvPow5
                0x02010288       0xfc C:/msys64/opt/wonderful/toolchain/gcc-arm-none-eabi/lib/gcc/arm-none-eabi/16.1.1/../../../../arm-none-eabi/lib/thumb/arm946e-s\libc.a(libc_stdio_ryu_table.c.o)
                0x02010288                __double_computeInvPow5
 .text.__umul128
                0x02010384       0x6e C:/msys64/opt/wonderful/toolchain/gcc-arm-none-eabi/lib/gcc/arm-none-eabi/16.1.1/../../../../arm-none-eabi/lib/thumb/arm946e-s\libc.a(libc_stdio_ryu_umul128.c.o)
                0x02010384                __umul128
 .text.__shiftright128
                0x020103f2       0x28 C:/msys64/opt/wonderful/toolchain/gcc-arm-none-eabi/lib/gcc/arm-none-eabi/16.1.1/../../../../arm-none-eabi/lib/thumb/arm946e-s\libc.a(libc_stdio_ryu_umul128.c.o)
                0x020103f2                __shiftright128
 .text.exit     0x0201041a        0xe C:/msys64/opt/wonderful/toolchain/gcc-arm-none-eabi/lib/gcc/arm-none-eabi/16.1.1/../../../../arm-none-eabi/lib/thumb/arm946e-s\libc.a(libc_stdlib_exit.c.o)
                0x0201041a                exit
 .text.__ascii_wctomb
                0x02010428       0x16 C:/msys64/opt/wonderful/toolchain/gcc-arm-none-eabi/lib/gcc/arm-none-eabi/16.1.1/../../../../arm-none-eabi/lib/thumb/arm946e-s\libc.a(libc_stdlib_wctomb_r.c.o)
                0x02010428                __ascii_wctomb
 *fill*         0x0201043e        0x2 ff
 .text.__utf8_wctomb
                0x02010440       0xc0 C:/msys64/opt/wonderful/toolchain/gcc-arm-none-eabi/lib/gcc/arm-none-eabi/16.1.1/../../../../arm-none-eabi/lib/thumb/arm946e-s\libc.a(libc_stdlib_wctomb_r.c.o)
                0x02010440                __utf8_wctomb
 .text.memcmp   0x02010500       0x1c C:/msys64/opt/wonderful/toolchain/gcc-arm-none-eabi/lib/gcc/arm-none-eabi/16.1.1/../../../../arm-none-eabi/lib/thumb/arm946e-s\libc.a(libc_string_memcmp.c.o)
                0x02010500                memcmp
 .text.strchr   0x0201051c       0x1e C:/msys64/opt/wonderful/toolchain/gcc-arm-none-eabi/lib/gcc/arm-none-eabi/16.1.1/../../../../arm-none-eabi/lib/thumb/arm946e-s\libc.a(libc_string_strchr.c.o)
                0x0201051c                strchr
 .text.strdup   0x0201053a       0x20 C:/msys64/opt/wonderful/toolchain/gcc-arm-none-eabi/lib/gcc/arm-none-eabi/16.1.1/../../../../arm-none-eabi/lib/thumb/arm946e-s\libc.a(libc_string_strdup.c.o)
                0x0201053a                strdup
 .text.strncmp  0x0201055a       0x24 C:/msys64/opt/wonderful/toolchain/gcc-arm-none-eabi/lib/gcc/arm-none-eabi/16.1.1/../../../../arm-none-eabi/lib/thumb/arm946e-s\libc.a(libc_string_strncmp.c.o)
                0x0201055a                strncmp
 .text.strncpy  0x0201057e       0x28 C:/msys64/opt/wonderful/toolchain/gcc-arm-none-eabi/lib/gcc/arm-none-eabi/16.1.1/../../../../arm-none-eabi/lib/thumb/arm946e-s\libc.a(libc_string_strncpy.c.o)
                0x0201057e                strncpy
 .text.strnlen  0x020105a6       0x16 C:/msys64/opt/wonderful/toolchain/gcc-arm-none-eabi/lib/gcc/arm-none-eabi/16.1.1/../../../../arm-none-eabi/lib/thumb/arm946e-s\libc.a(libc_string_strnlen.c.o)
                0x020105a6                strnlen
 .text.strstr   0x020105bc       0x2c C:/msys64/opt/wonderful/toolchain/gcc-arm-none-eabi/lib/gcc/arm-none-eabi/16.1.1/../../../../arm-none-eabi/lib/thumb/arm946e-s\libc.a(libc_string_strstr.c.o)
                0x020105bc                strstr
 .text.localtime
                0x020105e8       0x18 C:/msys64/opt/wonderful/toolchain/gcc-arm-none-eabi/lib/gcc/arm-none-eabi/16.1.1/../../../../arm-none-eabi/lib/thumb/arm946e-s\libc.a(libc_time_lcltime.c.o)
                0x020105e8                localtime
 .text.localtime_r
                0x02010600      0x1f8 C:/msys64/opt/wonderful/toolchain/gcc-arm-none-eabi/lib/gcc/arm-none-eabi/16.1.1/../../../../arm-none-eabi/lib/thumb/arm946e-s\libc.a(libc_time_lcltime_r.c.o)
                0x02010600                localtime_r
 .text.isleap2  0x020107f8       0x36 C:/msys64/opt/wonderful/toolchain/gcc-arm-none-eabi/lib/gcc/arm-none-eabi/16.1.1/../../../../arm-none-eabi/lib/thumb/arm946e-s\libc.a(libc_time_mktime.c.o)
 *fill*         0x0201082e        0x2 ff
 .text.validate_structure
                0x02010830      0x13c C:/msys64/opt/wonderful/toolchain/gcc-arm-none-eabi/lib/gcc/arm-none-eabi/16.1.1/../../../../arm-none-eabi/lib/thumb/arm946e-s\libc.a(libc_time_mktime.c.o)
 .text.mktime_utc
                0x0201096c      0x160 C:/msys64/opt/wonderful/toolchain/gcc-arm-none-eabi/lib/gcc/arm-none-eabi/16.1.1/../../../../arm-none-eabi/lib/thumb/arm946e-s\libc.a(libc_time_mktime.c.o)
 .text.mktime   0x02010acc      0x1f8 C:/msys64/opt/wonderful/toolchain/gcc-arm-none-eabi/lib/gcc/arm-none-eabi/16.1.1/../../../../arm-none-eabi/lib/thumb/arm946e-s\libc.a(libc_time_mktime.c.o)
                0x02010acc                mktime
 .text.time     0x02010cc4       0x28 C:/msys64/opt/wonderful/toolchain/gcc-arm-none-eabi/lib/gcc/arm-none-eabi/16.1.1/../../../../arm-none-eabi/lib/thumb/arm946e-s\libc.a(libc_time_time.c.o)
                0x02010cc4                time
 .text.__tzcalc_limits
                0x02010cec      0x180 C:/msys64/opt/wonderful/toolchain/gcc-arm-none-eabi/lib/gcc/arm-none-eabi/16.1.1/../../../../arm-none-eabi/lib/thumb/arm946e-s\libc.a(libc_time_tzcalc_limits.c.o)
                0x02010cec                __tzcalc_limits
 .text.tzset    0x02010e6c      0x370 C:/msys64/opt/wonderful/toolchain/gcc-arm-none-eabi/lib/gcc/arm-none-eabi/16.1.1/../../../../arm-none-eabi/lib/thumb/arm946e-s\libc.a(libc_time_tzset.c.o)
                0x02010e6c                tzset
 .text.__libc_fini_array
                0x020111dc       0x1c C:/msys64/opt/wonderful/toolchain/gcc-arm-none-eabi/lib/gcc/arm-none-eabi/16.1.1/../../../../arm-none-eabi/lib/thumb/arm946e-s\libc.a(libc_misc_fini.c.o)
                0x020111dc                __libc_fini_array
 .text.__picolibc_non_atomic_store_ungetc
                0x020111f8        0x4 C:/msys64/opt/wonderful/toolchain/gcc-arm-none-eabi/lib/gcc/arm-none-eabi/16.1.1/../../../../arm-none-eabi/lib/thumb/arm946e-s\libc.a(libc_stdio_atomic_store.c.o)
                0x020111f8                __atomic_store_ungetc
                0x020111f8                __picolibc_non_atomic_store_ungetc
 .text.__bufio_lock
                0x020111fc       0x18 C:/msys64/opt/wonderful/toolchain/gcc-arm-none-eabi/lib/gcc/arm-none-eabi/16.1.1/../../../../arm-none-eabi/lib/thumb/arm946e-s\libc.a(libc_stdio_bufio.c.o)
 .text.__bufio_flush_locked
                0x02011214       0x66 C:/msys64/opt/wonderful/toolchain/gcc-arm-none-eabi/lib/gcc/arm-none-eabi/16.1.1/../../../../arm-none-eabi/lib/thumb/arm946e-s\libc.a(libc_stdio_bufio.c.o)
                0x02011214                __bufio_flush_locked
 .text.__bufio_fill_locked
                0x0201127a       0x2c C:/msys64/opt/wonderful/toolchain/gcc-arm-none-eabi/lib/gcc/arm-none-eabi/16.1.1/../../../../arm-none-eabi/lib/thumb/arm946e-s\libc.a(libc_stdio_bufio.c.o)
                0x0201127a                __bufio_fill_locked
 .text.__bufio_flush
                0x020112a6       0x1a C:/msys64/opt/wonderful/toolchain/gcc-arm-none-eabi/lib/gcc/arm-none-eabi/16.1.1/../../../../arm-none-eabi/lib/thumb/arm946e-s\libc.a(libc_stdio_bufio.c.o)
                0x020112a6                __bufio_flush
 .text.__bufio_setdir_locked
                0x020112c0       0x1a C:/msys64/opt/wonderful/toolchain/gcc-arm-none-eabi/lib/gcc/arm-none-eabi/16.1.1/../../../../arm-none-eabi/lib/thumb/arm946e-s\libc.a(libc_stdio_bufio.c.o)
                0x020112c0                __bufio_setdir_locked
 .text.__bufio_put
                0x020112da       0x4c C:/msys64/opt/wonderful/toolchain/gcc-arm-none-eabi/lib/gcc/arm-none-eabi/16.1.1/../../../../arm-none-eabi/lib/thumb/arm946e-s\libc.a(libc_stdio_bufio.c.o)
                0x020112da                __bufio_put
 *fill*         0x02011326        0x2 ff
 .text.__bufio_get
                0x02011328       0x70 C:/msys64/opt/wonderful/toolchain/gcc-arm-none-eabi/lib/gcc/arm-none-eabi/16.1.1/../../../../arm-none-eabi/lib/thumb/arm946e-s\libc.a(libc_stdio_bufio.c.o)
                0x02011328                __bufio_get
 .text.__bufio_seek
                0x02011398       0x6a C:/msys64/opt/wonderful/toolchain/gcc-arm-none-eabi/lib/gcc/arm-none-eabi/16.1.1/../../../../arm-none-eabi/lib/thumb/arm946e-s\libc.a(libc_stdio_bufio.c.o)
                0x02011398                __bufio_seek
 .text.__bufio_close
                0x02011402       0x58 C:/msys64/opt/wonderful/toolchain/gcc-arm-none-eabi/lib/gcc/arm-none-eabi/16.1.1/../../../../arm-none-eabi/lib/thumb/arm946e-s\libc.a(libc_stdio_bufio_close.c.o)
                0x02011402                __bufio_close
 *fill*         0x0201145a        0x2 ff
 .text.__dtox_engine
                0x0201145c      0x12c C:/msys64/opt/wonderful/toolchain/gcc-arm-none-eabi/lib/gcc/arm-none-eabi/16.1.1/../../../../arm-none-eabi/lib/thumb/arm946e-s\libc.a(libc_stdio_dtox_engine.c.o)
                0x0201145c                __dtox_engine
 .text.__picolibc_non_atomic_exchange_ungetc
                0x02011588        0x8 C:/msys64/opt/wonderful/toolchain/gcc-arm-none-eabi/lib/gcc/arm-none-eabi/16.1.1/../../../../arm-none-eabi/lib/thumb/arm946e-s\libc.a(libc_stdio_exchange.c.o)
                0x02011588                __picolibc_non_atomic_exchange_ungetc
                0x02011588                __atomic_exchange_ungetc
 .text.getc     0x02011590       0x44 C:/msys64/opt/wonderful/toolchain/gcc-arm-none-eabi/lib/gcc/arm-none-eabi/16.1.1/../../../../arm-none-eabi/lib/thumb/arm946e-s\libc.a(libc_stdio_fgetc.c.o)
                0x02011590                getc
                0x02011590                fgetc
                0x02011590                getc_unlocked
 .text.__file_str_put
                0x020115d4       0x10 C:/msys64/opt/wonderful/toolchain/gcc-arm-none-eabi/lib/gcc/arm-none-eabi/16.1.1/../../../../arm-none-eabi/lib/thumb/arm946e-s\libc.a(libc_stdio_filestrput.c.o)
                0x020115d4                __file_str_put
 .text.sscanf   0x020115e4       0x3c C:/msys64/opt/wonderful/toolchain/gcc-arm-none-eabi/lib/gcc/arm-none-eabi/16.1.1/../../../../arm-none-eabi/lib/thumb/arm946e-s\libc.a(libc_stdio_sscanf.c.o)
                0x020115e4                sscanf
 .text.strtoul  0x02011620      0x12c C:/msys64/opt/wonderful/toolchain/gcc-arm-none-eabi/lib/gcc/arm-none-eabi/16.1.1/../../../../arm-none-eabi/lib/thumb/arm946e-s\libc.a(libc_stdio_strtoul.c.o)
                0x02011620                strtoul
 .text.scanf_getc
                0x0201174c       0x14 C:/msys64/opt/wonderful/toolchain/gcc-arm-none-eabi/lib/gcc/arm-none-eabi/16.1.1/../../../../arm-none-eabi/lib/thumb/arm946e-s\libc.a(libc_stdio_vfscanf.c.o)
 .text.scanf_ungetc
                0x02011760       0x12 C:/msys64/opt/wonderful/toolchain/gcc-arm-none-eabi/lib/gcc/arm-none-eabi/16.1.1/../../../../arm-none-eabi/lib/thumb/arm946e-s\libc.a(libc_stdio_vfscanf.c.o)
 .text.skip_spaces
                0x02011772       0x2a C:/msys64/opt/wonderful/toolchain/gcc-arm-none-eabi/lib/gcc/arm-none-eabi/16.1.1/../../../../arm-none-eabi/lib/thumb/arm946e-s\libc.a(libc_stdio_vfscanf.c.o)
 .text.putval   0x0201179c       0x2a C:/msys64/opt/wonderful/toolchain/gcc-arm-none-eabi/lib/gcc/arm-none-eabi/16.1.1/../../../../arm-none-eabi/lib/thumb/arm946e-s\libc.a(libc_stdio_vfscanf.c.o)
 *fill*         0x020117c6        0x2 ff
 .text.getmb    0x020117c8       0x84 C:/msys64/opt/wonderful/toolchain/gcc-arm-none-eabi/lib/gcc/arm-none-eabi/16.1.1/../../../../arm-none-eabi/lib/thumb/arm946e-s\libc.a(libc_stdio_vfscanf.c.o)
 .text.vfscanf  0x0201184c      0xa20 C:/msys64/opt/wonderful/toolchain/gcc-arm-none-eabi/lib/gcc/arm-none-eabi/16.1.1/../../../../arm-none-eabi/lib/thumb/arm946e-s\libc.a(libc_stdio_vfscanf.c.o)
                0x0201184c                vfscanf
                0x0201184c                __d_vfscanf
 .text.mulShift64
                0x0201226c       0x62 C:/msys64/opt/wonderful/toolchain/gcc-arm-none-eabi/lib/gcc/arm-none-eabi/16.1.1/../../../../arm-none-eabi/lib/thumb/arm946e-s\libc.a(libc_stdio_atod_ryu.c.o)
 *fill*         0x020122ce        0x2 ff
 .text.__atod_engine
                0x020122d0      0x158 C:/msys64/opt/wonderful/toolchain/gcc-arm-none-eabi/lib/gcc/arm-none-eabi/16.1.1/../../../../arm-none-eabi/lib/thumb/arm946e-s\libc.a(libc_stdio_atod_ryu.c.o)
                0x020122d0                __atod_engine
 .text.__atof_engine
                0x02012428      0x120 C:/msys64/opt/wonderful/toolchain/gcc-arm-none-eabi/lib/gcc/arm-none-eabi/16.1.1/../../../../arm-none-eabi/lib/thumb/arm946e-s\libc.a(libc_stdio_atof_ryu.c.o)
                0x02012428                __atof_engine
 .text.mulShift32
                0x02012548       0x44 C:/msys64/opt/wonderful/toolchain/gcc-arm-none-eabi/lib/gcc/arm-none-eabi/16.1.1/../../../../arm-none-eabi/lib/thumb/arm946e-s\libc.a(libc_stdio_ryu_divpow2.c.o)
 .text.__mulPow5InvDivPow2
                0x0201258c       0x28 C:/msys64/opt/wonderful/toolchain/gcc-arm-none-eabi/lib/gcc/arm-none-eabi/16.1.1/../../../../arm-none-eabi/lib/thumb/arm946e-s\libc.a(libc_stdio_ryu_divpow2.c.o)
                0x0201258c                __mulPow5InvDivPow2
 .text.__mulPow5divPow2
                0x020125b4       0x20 C:/msys64/opt/wonderful/toolchain/gcc-arm-none-eabi/lib/gcc/arm-none-eabi/16.1.1/../../../../arm-none-eabi/lib/thumb/arm946e-s\libc.a(libc_stdio_ryu_divpow2.c.o)
                0x020125b4                __mulPow5divPow2
 .text.__log2pow5
                0x020125d4        0xc C:/msys64/opt/wonderful/toolchain/gcc-arm-none-eabi/lib/gcc/arm-none-eabi/16.1.1/../../../../arm-none-eabi/lib/thumb/arm946e-s\libc.a(libc_stdio_ryu_log2pow5.c.o)
                0x020125d4                __log2pow5
 .text.__ceil_log2pow5
                0x020125e0       0x10 C:/msys64/opt/wonderful/toolchain/gcc-arm-none-eabi/lib/gcc/arm-none-eabi/16.1.1/../../../../arm-none-eabi/lib/thumb/arm946e-s\libc.a(libc_stdio_ryu_log2pow5.c.o)
                0x020125e0                __ceil_log2pow5
 .text.div      0x020125f0       0x14 C:/msys64/opt/wonderful/toolchain/gcc-arm-none-eabi/lib/gcc/arm-none-eabi/16.1.1/../../../../arm-none-eabi/lib/thumb/arm946e-s\libc.a(libc_stdlib_div.c.o)
                0x020125f0                div
 .text.getenv   0x02012604       0x24 C:/msys64/opt/wonderful/toolchain/gcc-arm-none-eabi/lib/gcc/arm-none-eabi/16.1.1/../../../../arm-none-eabi/lib/thumb/arm946e-s\libc.a(libc_stdlib_getenv.c.o)
                0x02012604                getenv
 .text.__ascii_mbtowc
                0x02012628       0x2e C:/msys64/opt/wonderful/toolchain/gcc-arm-none-eabi/lib/gcc/arm-none-eabi/16.1.1/../../../../arm-none-eabi/lib/thumb/arm946e-s\libc.a(libc_stdlib_mbtowc_r.c.o)
                0x02012628                __ascii_mbtowc
 *fill*         0x02012656        0x2 ff
 .text.__utf8_mbtowc
                0x02012658      0x1e8 C:/msys64/opt/wonderful/toolchain/gcc-arm-none-eabi/lib/gcc/arm-none-eabi/16.1.1/../../../../arm-none-eabi/lib/thumb/arm946e-s\libc.a(libc_stdlib_mbtowc_r.c.o)
                0x02012658                __utf8_mbtowc
 .text.gmtime_r
                0x02012840      0x1f8 C:/msys64/opt/wonderful/toolchain/gcc-arm-none-eabi/lib/gcc/arm-none-eabi/16.1.1/../../../../arm-none-eabi/lib/thumb/arm946e-s\libc.a(libc_time_gmtime_r.c.o)
                0x02012840                gmtime_r
 .text.isnan    0x02012a38       0x18 C:/msys64/opt/wonderful/toolchain/gcc-arm-none-eabi/lib/gcc/arm-none-eabi/16.1.1/../../../../arm-none-eabi/lib/thumb/arm946e-s\libc.a(libm_common_s_isnan.c.o)
                0x02012a38                isnan
                0x02012a38                isnanl
                0x02012a38                __isnand
                0x02012a38                __isnanl
 .text.iswspace
                0x02012a50        0xa C:/msys64/opt/wonderful/toolchain/gcc-arm-none-eabi/lib/gcc/arm-none-eabi/16.1.1/../../../../arm-none-eabi/lib/thumb/arm946e-s\libc.a(libc_ctype_iswspace.c.o)
                0x02012a50                iswspace
 *fill*         0x02012a5a        0x2 ff
 .text.iswspace_l
                0x02012a5c       0x80 C:/msys64/opt/wonderful/toolchain/gcc-arm-none-eabi/lib/gcc/arm-none-eabi/16.1.1/../../../../arm-none-eabi/lib/thumb/arm946e-s\libc.a(libc_ctype_iswspace_l.c.o)
                0x02012a5c                iswspace_l
 .text.__file_str_get
                0x02012adc       0x16 C:/msys64/opt/wonderful/toolchain/gcc-arm-none-eabi/lib/gcc/arm-none-eabi/16.1.1/../../../../arm-none-eabi/lib/thumb/arm946e-s\libc.a(libc_stdio_filestrget.c.o)
                0x02012adc                __file_str_get
 .text.ungetc   0x02012af2       0x38 C:/msys64/opt/wonderful/toolchain/gcc-arm-none-eabi/lib/gcc/arm-none-eabi/16.1.1/../../../../arm-none-eabi/lib/thumb/arm946e-s\libc.a(libc_stdio_ungetc.c.o)
                0x02012af2                ungetc_unlocked
                0x02012af2                ungetc
 *fill*         0x02012b2a        0x2 ff
 .text.__findenv
                0x02012b2c       0x58 C:/msys64/opt/wonderful/toolchain/gcc-arm-none-eabi/lib/gcc/arm-none-eabi/16.1.1/../../../../arm-none-eabi/lib/thumb/arm946e-s\libc.a(libc_stdlib__findenv.c.o)
                0x02012b2c                __findenv
 .text.__picolibc_non_atomic_compare_exchange_ungetc
                0x02012b84       0x12 C:/msys64/opt/wonderful/toolchain/gcc-arm-none-eabi/lib/gcc/arm-none-eabi/16.1.1/../../../../arm-none-eabi/lib/thumb/arm946e-s\libc.a(libc_stdio_compare_exchange.c.o)
                0x02012b84                __atomic_compare_exchange_ungetc
                0x02012b84                __picolibc_non_atomic_compare_exchange_ungetc
 *fill*         0x02012b96        0x2 ff
 .text.gettimeofday
                0x02012b98       0x1c C:/msys64/opt/wonderful/thirdparty/blocksds/core/libs/libnds/lib\libnds9.a(syscalls.c.o)
                0x02012b98                gettimeofday
 *fill*         0x02012bb4        0x4 ff
 .text.gettimeofday.__stub
                0x02012bb8       0x40 linker stubs
 *(EXCLUDE_FILE(*.twl*) .gnu.warning)
 *(EXCLUDE_FILE(*.twl*) .gnu.linkonce.t*)
 *(.glue_7)
 .glue_7        0x02012bf8        0x0 linker stubs
 *(.glue_7t)
 .glue_7t       0x02012bf8        0x0 linker stubs
                0x02012bf8                        . = ALIGN (0x4)

.vfp11_veneer   0x02012bf8        0x0
 .vfp11_veneer  0x02012bf8        0x0 linker stubs

.v4_bx          0x02012bf8        0x0
 .v4_bx         0x02012bf8        0x0 linker stubs

.iplt           0x02012bf8        0x0
 .iplt          0x02012bf8        0x0 C:/msys64/opt/wonderful/thirdparty/blocksds/core/sys/crts/ds_arm9_crt0.o

.fini           0x02012bf8        0x8
 *(.fini)
 .fini          0x02012bf8        0x8 C:/msys64/opt/wonderful/toolchain/gcc-arm-none-eabi/lib/gcc/arm-none-eabi/16.1.1/thumb/arm946e-s/crtn.o
                0x02012c00                        __text_end = .

.rodata         0x02012c00     0xdad4
 *(EXCLUDE_FILE(*.twl*) .rodata)
 .rodata        0x02012c00       0x10 build/arm9/arm9/source/crypto/crypto.c.o
 .rodata        0x02012c10       0x40 C:/msys64/opt/wonderful/thirdparty/blocksds/core/libs/libnds/lib\libnds9.a(exceptions.c.o)
 .rodata        0x02012c50       0x14 C:/msys64/opt/wonderful/thirdparty/blocksds/core/libs/libnds/lib\libnds9.a(fatfs_helpers.c.o)
 *fill*         0x02012c64        0x4 ff
 .rodata        0x02012c68      0x340 C:/msys64/opt/wonderful/toolchain/gcc-arm-none-eabi/lib/gcc/arm-none-eabi/16.1.1/../../../../arm-none-eabi/lib/thumb/arm946e-s\libc.a(libc_stdio_ryu_table.c.o)
 .rodata        0x02012fa8        0x8 C:/msys64/opt/wonderful/toolchain/gcc-arm-none-eabi/lib/gcc/arm-none-eabi/16.1.1/../../../../arm-none-eabi/lib/thumb/arm946e-s\libc.a(libc_stdlib_wctomb_r.c.o)
                0x02012fa8                __wctomb
 .rodata        0x02012fb0       0x18 C:/msys64/opt/wonderful/toolchain/gcc-arm-none-eabi/lib/gcc/arm-none-eabi/16.1.1/../../../../arm-none-eabi/lib/thumb/arm946e-s\libc.a(libc_time_mktime.c.o)
 .rodata        0x02012fc8       0x18 C:/msys64/opt/wonderful/toolchain/gcc-arm-none-eabi/lib/gcc/arm-none-eabi/16.1.1/../../../../arm-none-eabi/lib/thumb/arm946e-s\libc.a(libc_time_month_lengths.c.o)
                0x02012fc8                __month_lengths
 .rodata        0x02012fe0        0xb C:/msys64/opt/wonderful/toolchain/gcc-arm-none-eabi/lib/gcc/arm-none-eabi/16.1.1/../../../../arm-none-eabi/lib/thumb/arm946e-s\libc.a(libc_stdio_vfscanf.c.o)
 *fill*         0x02012feb        0x1 ff
 .rodata        0x02012fec        0x8 C:/msys64/opt/wonderful/toolchain/gcc-arm-none-eabi/lib/gcc/arm-none-eabi/16.1.1/../../../../arm-none-eabi/lib/thumb/arm946e-s\libc.a(libc_stdlib_mbtowc_r.c.o)
                0x02012fec                __mbtowc
 .rodata        0x02012ff4        0x4 C:/msys64/opt/wonderful/toolchain/gcc-arm-none-eabi/lib/gcc/arm-none-eabi/16.1.1/../../../../arm-none-eabi/lib/thumb/arm946e-s\libc.a(libc_stdlib_environ.c.o)
 *all.rodata*(*)
 *(EXCLUDE_FILE(*.twl*) .roda)
 *(EXCLUDE_FILE(*.twl*) .rodata.*)
 .rodata.doomflash_splashPal
                0x02012ff8      0x200 build/arm9/arm9/graphics/doomflash_splash.png.o
                0x02012ff8                doomflash_splashPal
 .rodata.doomflash_splashMap
                0x020131f8      0x800 build/arm9/arm9/graphics/doomflash_splash.png.o
                0x020131f8                doomflash_splashMap
 .rodata.doomflash_splashTiles
                0x020139f8     0xba00 build/arm9/arm9/graphics/doomflash_splash.png.o
                0x020139f8                doomflash_splashTiles
 .rodata.F_XY.str1.4
                0x0201f3f8      0x813 build/arm9/arm9/source/crypto/crypto.c.o
                                 0x11 (size before relaxing)
 *fill*         0x0201fc0b        0x1 ff
 .rodata.DSi_ES_KEY_Y
                0x0201fc0c       0x10 build/arm9/arm9/source/crypto/crypto.c.o
                0x0201fc0c                DSi_ES_KEY_Y
 .rodata.write_zero_pattern_to_workspace.str1.4
                0x0201fc1c        0x0 build/arm9/arm9/source/main.c.o
                                 0x5e (size before relaxing)
 .rodata.initialize_everything.str1.4
                0x0201fc1c        0x0 build/arm9/arm9/source/main.c.o
                                 0x49 (size before relaxing)
 .rodata.discover_and_store_app_paths.str1.4
                0x0201fc1c        0x0 build/arm9/arm9/source/main.c.o
                                 0x73 (size before relaxing)
 .rodata.process_forwarded_nand_stream.str1.4
                0x0201fc1c        0x0 build/arm9/arm9/source/main.c.o
                                 0xb3 (size before relaxing)
 .rodata.inspect_app_binary_headers.str1.4
                0x0201fc1c        0x0 build/arm9/arm9/source/main.c.o
                                 0x61 (size before relaxing)
 .rodata.demonstrate_reading_stored_paths.str1.4
                0x0201fc1c        0x0 build/arm9/arm9/source/main.c.o
                                 0x3d (size before relaxing)
 .rodata.main.str1.4
                0x0201fc1c        0x0 build/arm9/arm9/source/main.c.o
                                0x334 (size before relaxing)
 .rodata.tidValues.0
                0x0201fc1c       0x20 build/arm9/arm9/source/main.c.o
 .rodata.con_write
                0x0201fc3c      0x118 C:/msys64/opt/wonderful/thirdparty/blocksds/core/libs/libnds/lib\libnds9.a(console.c.o)
 .rodata.fatGetDefaultCwd.str1.4
                0x0201fd54        0x0 C:/msys64/opt/wonderful/thirdparty/blocksds/core/libs/libnds/lib\libnds9.a(filesystem_setup.c.o)
                                  0xd (size before relaxing)
 .rodata.fatGetDefaultDrive.str1.4
                0x0201fd54        0x0 C:/msys64/opt/wonderful/thirdparty/blocksds/core/libs/libnds/lib\libnds9.a(filesystem_setup.c.o)
                                  0x7 (size before relaxing)
 .rodata.nandInit.str1.4
                0x0201fd54        0x0 C:/msys64/opt/wonderful/thirdparty/blocksds/core/libs/libnds/lib\libnds9.a(filesystem_setup.c.o)
                                  0x8 (size before relaxing)
 .rodata.stderr
                0x0201fd54        0x4 C:/msys64/opt/wonderful/thirdparty/blocksds/core/libs/libnds/lib\libnds9.a(std_streams.c.o)
                0x0201fd54                stderr
 .rodata.stdout
                0x0201fd58        0x4 C:/msys64/opt/wonderful/thirdparty/blocksds/core/libs/libnds/lib\libnds9.a(std_streams.c.o)
                0x0201fd58                stdout
 .rodata.stdin  0x0201fd5c        0x4 C:/msys64/opt/wonderful/thirdparty/blocksds/core/libs/libnds/lib\libnds9.a(std_streams.c.o)
                0x0201fd5c                stdin
 .rodata.open.str1.4
                0x0201fd60        0x0 C:/msys64/opt/wonderful/thirdparty/blocksds/core/libs/libnds/lib\libnds9.a(syscalls_filesystem.c.o)
                                 0x1b (size before relaxing)
 .rodata.releaseCrashHandler.str1.4
                0x0201fd60        0x0 C:/msys64/opt/wonderful/thirdparty/blocksds/core/libs/libnds/lib\libnds9.a(exceptions.c.o)
                                 0x33 (size before relaxing)
 .rodata.exceptionStatePrint.str1.4
                0x0201fd60        0x0 C:/msys64/opt/wonderful/thirdparty/blocksds/core/libs/libnds/lib\libnds9.a(exceptions.c.o)
                                 0x58 (size before relaxing)
 .rodata.guruMeditationDump.str1.4
                0x0201fd60        0x0 C:/msys64/opt/wonderful/thirdparty/blocksds/core/libs/libnds/lib\libnds9.a(exceptions.c.o)
                                 0x1b (size before relaxing)
 .rodata.str1.4
                0x0201fd60        0x0 C:/msys64/opt/wonderful/thirdparty/blocksds/core/libs/libnds/lib\libnds9.a(exceptions.c.o)
                                 0x40 (size before relaxing)
 .rodata.systemValueHandler.str1.4
                0x0201fd60        0x0 C:/msys64/opt/wonderful/thirdparty/blocksds/core/libs/libnds/lib\libnds9.a(system.c.o)
                                 0x2b (size before relaxing)
 .rodata.systemValueHandler
                0x0201fd60       0x10 C:/msys64/opt/wonderful/thirdparty/blocksds/core/libs/libnds/lib\libnds9.a(system.c.o)
 .rodata.bgTransform
                0x0201fd70       0x20 C:/msys64/opt/wonderful/thirdparty/blocksds/core/libs/libnds/lib\libnds9.a(background.c.o)
                0x0201fd70                bgTransform
 .rodata.bgScrollTable
                0x0201fd90       0x20 C:/msys64/opt/wonderful/thirdparty/blocksds/core/libs/libnds/lib\libnds9.a(background.c.o)
                0x0201fd90                bgScrollTable
 .rodata.bgControl
                0x0201fdb0       0x20 C:/msys64/opt/wonderful/thirdparty/blocksds/core/libs/libnds/lib\libnds9.a(background.c.o)
                0x0201fdb0                bgControl
 .rodata.__func__.0
                0x0201fdd0       0x19 C:/msys64/opt/wonderful/thirdparty/blocksds/core/libs/libnds/lib\libnds9.a(threads.c.o)
 .rodata.fifoReadRxFifoAndProcessBuffer.str1.4
                0x0201fde9        0x0 C:/msys64/opt/wonderful/thirdparty/blocksds/core/libs/libnds/lib\libnds9.a(fifosystem.c.o)
                                 0x15 (size before relaxing)
 .rodata.__retarget_lock_init_recursive.str1.4
                0x0201fde9        0x0 C:/msys64/opt/wonderful/thirdparty/blocksds/core/libs/libnds/lib\libnds9.a(locks.c.o)
                                  0xa (size before relaxing)
 .rodata.__retarget_lock_close_recursive.str1.4
                0x0201fde9        0x0 C:/msys64/opt/wonderful/thirdparty/blocksds/core/libs/libnds/lib\libnds9.a(locks.c.o)
                                  0xb (size before relaxing)
 .rodata.__retarget_lock_release_recursive.str1.4
                0x0201fde9        0x0 C:/msys64/opt/wonderful/thirdparty/blocksds/core/libs/libnds/lib\libnds9.a(locks.c.o)
                                  0xd (size before relaxing)
 .rodata.check_fs.str1.4
                0x0201fde9        0x0 C:/msys64/opt/wonderful/thirdparty/blocksds/core/libs/libnds/lib\libnds9.a(ff.c.o)
                                  0x9 (size before relaxing)
 .rodata.follow_path.str1.4
                0x0201fde9        0x0 C:/msys64/opt/wonderful/thirdparty/blocksds/core/libs/libnds/lib\libnds9.a(ff.c.o)
                                 0x13 (size before relaxing)
 *fill*         0x0201fde9        0x3 ff
 .rodata.ExCvt  0x0201fdec       0x80 C:/msys64/opt/wonderful/thirdparty/blocksds/core/libs/libnds/lib\libnds9.a(ff.c.o)
 .rodata.LfnOfs
                0x0201fe6c        0xd C:/msys64/opt/wonderful/thirdparty/blocksds/core/libs/libnds/lib\libnds9.a(ff.c.o)
 .rodata.str1.4
                0x0201fe79        0x0 C:/msys64/opt/wonderful/thirdparty/blocksds/core/libs/libnds/lib\libnds9.a(ff.c.o)
                                 0x16 (size before relaxing)
 *fill*         0x0201fe79        0x3 ff
 .rodata.VolumeStr
                0x0201fe7c       0x10 C:/msys64/opt/wonderful/thirdparty/blocksds/core/libs/libnds/lib\libnds9.a(ff.c.o)
 .rodata.ff_wtoupper
                0x0201fe8c       0x24 C:/msys64/opt/wonderful/thirdparty/blocksds/core/libs/libnds/lib\libnds9.a(ffunicode.c.o)
 .rodata.cvt2.0
                0x0201feb0       0xbc C:/msys64/opt/wonderful/thirdparty/blocksds/core/libs/libnds/lib\libnds9.a(ffunicode.c.o)
 .rodata.cvt1.1
                0x0201ff6c      0x1f2 C:/msys64/opt/wonderful/thirdparty/blocksds/core/libs/libnds/lib\libnds9.a(ffunicode.c.o)
 *fill*         0x0202015e        0x2 ff
 .rodata.uc437  0x02020160      0x100 C:/msys64/opt/wonderful/thirdparty/blocksds/core/libs/libnds/lib\libnds9.a(ffunicode.c.o)
 .rodata.default_fontTiles
                0x02020260      0x300 C:/msys64/opt/wonderful/thirdparty/blocksds/core/libs/libnds/lib\libnds9.a(default_font.png.o)
                0x02020260                default_fontTiles
 .rodata.chdir.str1.4
                0x02020560        0x0 C:/msys64/opt/wonderful/thirdparty/blocksds/core/libs/libnds/lib\libnds9.a(chdir.c.o)
                                  0x3 (size before relaxing)
 .rodata.deviceIoGetIndexFromPath.str1.4
                0x02020560        0x0 C:/msys64/opt/wonderful/thirdparty/blocksds/core/libs/libnds/lib\libnds9.a(device_io.c.o)
                                  0x3 (size before relaxing)
 .rodata.fat_isdrive.str1.4
                0x02020560        0x0 C:/msys64/opt/wonderful/thirdparty/blocksds/core/libs/libnds/lib\libnds9.a(fat_device.c.o)
                                 0x12 (size before relaxing)
 .rodata.nitrofs_use_for_path.str1.4
                0x02020560        0x0 C:/msys64/opt/wonderful/thirdparty/blocksds/core/libs/libnds/lib\libnds9.a(nitrofs_device.c.o)
                                  0xc (size before relaxing)
 .rodata.nitrofs_isdrive.str1.4
                0x02020560        0x0 C:/msys64/opt/wonderful/thirdparty/blocksds/core/libs/libnds/lib\libnds9.a(nitrofs_device.c.o)
                                  0x6 (size before relaxing)
 .rodata.__sassert.str1.4
                0x02020560        0x0 C:/msys64/opt/wonderful/thirdparty/blocksds/core/libs/libnds/lib\libnds9.a(sassert.c.o)
                                 0x73 (size before relaxing)
 .rodata.SIN_LUT
                0x02020560      0x102 C:/msys64/opt/wonderful/thirdparty/blocksds/core/libs/libnds/lib\libnds9.a(trig.c.o)
                0x02020560                SIN_LUT
 .rodata.str1.1
                0x02020662       0x72 C:/msys64/opt/wonderful/toolchain/gcc-arm-none-eabi/lib/gcc/arm-none-eabi/16.1.1/../../../../arm-none-eabi/lib/thumb/arm946e-s\libc.a(libc_stdio_vfprintf.c.o)
                                  0xf (size before relaxing)
 .rodata.str1.1
                0x020206d4        0x0 C:/msys64/opt/wonderful/toolchain/gcc-arm-none-eabi/lib/gcc/arm-none-eabi/16.1.1/../../../../arm-none-eabi/lib/thumb/arm946e-s\libc.a(libc_time_tzset.c.o)
                                 0x60 (size before relaxing)
 .rodata.str1.1
                0x020206d4        0x0 C:/msys64/opt/wonderful/toolchain/gcc-arm-none-eabi/lib/gcc/arm-none-eabi/16.1.1/../../../../arm-none-eabi/lib/thumb/arm946e-s\libc.a(libc_stdio_vfscanf.c.o)
                                 0x15 (size before relaxing)
 *(EXCLUDE_FILE(*.twl*) .gnu.linkonce.r*)
                0x020206d4                        . = ALIGN (0x4)

.ARM.extab
 *(.ARM.extab* .gnu.linkonce.armextab.*)
                0x020206d4                        __exidx_start = .

ARM.exidx       0x020206d4        0x8
 *(.ARM.exidx* .gnu.linkonce.armexidx.*)
 .ARM.exidx     0x020206d4        0x8 C:/msys64/opt/wonderful/toolchain/gcc-arm-none-eabi/lib/gcc/arm-none-eabi/16.1.1/thumb/arm946e-s\libgcc.a(_udivmoddi4.o)
                0x020206dc                        __exidx_end = .
                0x020206dc                        . = ALIGN (0x4)

.init_array     0x020206dc        0x0
                [!provide]                        PROVIDE (__preinit_array_start = .)
                0x020206dc                        PROVIDE (__bothinit_array_start = .)
 *(.preinit_array)
                [!provide]                        PROVIDE (__preinit_array_end = .)
                [!provide]                        PROVIDE (__init_array_start = .)
 *(SORT_BY_INIT_PRIORITY(.init_array.*) SORT_BY_INIT_PRIORITY(.ctors.*))
 *(.init_array EXCLUDE_FILE(*crtend?.o *crtend.o *crtbegin?.o *crtbegin.o) .ctors)
                [!provide]                        PROVIDE (__init_array_end = .)
                0x020206dc                        PROVIDE (__bothinit_array_end = .)

.fini_array     0x020206dc        0x0
                0x020206dc                        PROVIDE (__fini_array_start = .)
 *(SORT_BY_INIT_PRIORITY(.fini_array.*) SORT_BY_INIT_PRIORITY(.dtors.*))